[0.278] The output buffer does not support sRGB color encoding, colors will be incorrect.
[0.307] Failed to enable transparency. This happens when your desktop environment does not support compositing.
[0.359] [PARSE ERROR] Unknown OSC escape code: 3008;start=7afb50bc-307a-42b3-99e8-5813c63af2dc;machineid=03484c...
[0.549] [PARSE ERROR] Unknown OSC escape code: 3008;start=4ab376bd-7cba-497b-899c-b5fc8308d8e9;machineid=03484c...
[0.549] [PARSE ERROR] Unknown OSC escape code: 3008;end=4ab376bd-7cba-497b-899c-b5fc8308d8e9;exit=success
[0.557] [PARSE ERROR] Unknown OSC escape code: 3008;start=7afb50bc-307a-42b3-99e8-5813c63af2dc;machineid=03484c...
[0.750] [PARSE ERROR] Unknown OSC escape code: 3008;start=5a587899-161e-409d-8498-f98fdfcacea9;machineid=03484c...
[0.750] [PARSE ERROR] Unknown OSC escape code: 3008;end=5a587899-161e-409d-8498-f98fdfcacea9;exit=success
[0.757] [PARSE ERROR] Unknown OSC escape code: 3008;start=7afb50bc-307a-42b3-99e8-5813c63af2dc;machineid=03484c...
[0.970] [PARSE ERROR] Unknown OSC escape code: 3008;start=f8823bb4-1254-4580-bfc1-a0442c12a1b5;machineid=03484c...
[0.970] [PARSE ERROR] Unknown OSC escape code: 3008;end=f8823bb4-1254-4580-bfc1-a0442c12a1b5;exit=success
[0.970] [PARSE ERROR] Unknown OSC escape code: 3008;start=7afb50bc-307a-42b3-99e8-5813c63af2dc;machineid=03484c...
[1.046] [PARSE ERROR] Unknown OSC escape code: 3008;start=cd0c71c2-43d1-4929-8bb5-c9a1c33d5a0c;machineid=03484c...
[1.046] [PARSE ERROR] Unknown OSC escape code: 3008;end=cd0c71c2-43d1-4929-8bb5-c9a1c33d5a0c;exit=success
[1.046] [PARSE ERROR] Unknown OSC escape code: 3008;start=7afb50bc-307a-42b3-99e8-5813c63af2dc;machineid=03484c...
[1.135] [PARSE ERROR] Unknown OSC escape code: 3008;start=9f578033-7271-4682-af27-5e522c792c70;machineid=03484c...
[1.135] [PARSE ERROR] Unknown OSC escape code: 3008;end=9f578033-7271-4682-af27-5e522c792c70;exit=success
[1.135] [PARSE ERROR] Unknown OSC escape code: 3008;start=7afb50bc-307a-42b3-99e8-5813c63af2dc;machineid=03484c...
[1.244] [PARSE ERROR] Unknown OSC escape code: 3008;start=818754af-8767-4349-af28-ee52178754d7;machineid=03484c...
[1.244] [PARSE ERROR] Unknown OSC escape code: 3008;end=818754af-8767-4349-af28-ee52178754d7;exit=success
[1.251] [PARSE ERROR] Unknown OSC escape code: 3008;start=7afb50bc-307a-42b3-99e8-5813c63af2dc;machineid=03484c...
[1.355] [PARSE ERROR] Unknown OSC escape code: 3008;start=0aea7db4-cee3-4b78-a6d3-9b15ab18ebcc;machineid=03484c...
[1.355] [PARSE ERROR] Unknown OSC escape code: 3008;end=0aea7db4-cee3-4b78-a6d3-9b15ab18ebcc;exit=success
[1.362] [PARSE ERROR] Unknown OSC escape code: 3008;start=7afb50bc-307a-42b3-99e8-5813c63af2dc;machineid=03484c...
[1.456] [PARSE ERROR] Unknown OSC escape code: 3008;start=0175dc8f-eaba-4b93-bcb2-ff3dd5ae389b;machineid=03484c...
[1.456] [PARSE ERROR] Unknown OSC escape code: 3008;end=0175dc8f-eaba-4b93-bcb2-ff3dd5ae389b;exit=success
[1.463] [PARSE ERROR] Unknown OSC escape code: 3008;start=7afb50bc-307a-42b3-99e8-5813c63af2dc;machineid=03484c...
[1.555] [PARSE ERROR] Unknown OSC escape code: 3008;start=8a3f7f75-4b84-457d-a4ba-cced4cbc67b9;machineid=03484c...
[1.555] [PARSE ERROR] Unknown OSC escape code: 3008;end=8a3f7f75-4b84-457d-a4ba-cced4cbc67b9;exit=success
[1.562] [PARSE ERROR] Unknown OSC escape code: 3008;start=7afb50bc-307a-42b3-99e8-5813c63af2dc;machineid=03484c...
[1.695] [PARSE ERROR] Unknown OSC escape code: 3008;start=3b5a0794-639c-4c79-a811-e3fdd575b641;machineid=03484c...
[1.695] [PARSE ERROR] Unknown OSC escape code: 3008;end=3b5a0794-639c-4c79-a811-e3fdd575b641;exit=success
[1.695] [PARSE ERROR] Unknown OSC escape code: 3008;start=7afb50bc-307a-42b3-99e8-5813c63af2dc;machineid=03484c...
[1.705] [PARSE ERROR] Unknown OSC escape code: 3008;start=f6fc80a5-0188-41d7-bf01-ae085d3bdf91;machineid=03484c...
[1.705] [PARSE ERROR] Unknown OSC escape code: 3008;end=f6fc80a5-0188-41d7-bf01-ae085d3bdf91;exit=success
[1.712] [PARSE ERROR] Unknown OSC escape code: 3008;start=7afb50bc-307a-42b3-99e8-5813c63af2dc;machineid=03484c...
[1.720] [PARSE ERROR] Unknown OSC escape code: 3008;start=2fd18087-d639-4598-98c2-7ae43624541d;machineid=03484c...
[1.720] [PARSE ERROR] Unknown OSC escape code: 3008;end=2fd18087-d639-4598-98c2-7ae43624541d;exit=success
[1.720] [PARSE ERROR] Unknown OSC escape code: 3008;start=7afb50bc-307a-42b3-99e8-5813c63af2dc;machineid=03484c...
[1.730] [PARSE ERROR] Unknown OSC escape code: 3008;start=f28450fd-581d-4442-b942-36aaa47c6ae1;machineid=03484c...
[1.730] [PARSE ERROR] Unknown OSC escape code: 3008;end=f28450fd-581d-4442-b942-36aaa47c6ae1;exit=success
[1.737] [PARSE ERROR] Unknown OSC escape code: 3008;start=7afb50bc-307a-42b3-99e8-5813c63af2dc;machineid=03484c...
[1.745] [PARSE ERROR] Unknown OSC escape code: 3008;start=e26dac9b-4828-419c-93f6-f736d8ddcc77;machineid=03484c...
[1.745] [PARSE ERROR] Unknown OSC escape code: 3008;end=e26dac9b-4828-419c-93f6-f736d8ddcc77;exit=success
[1.745] [PARSE ERROR] Unknown OSC escape code: 3008;start=7afb50bc-307a-42b3-99e8-5813c63af2dc;machineid=03484c...
[1.755] [PARSE ERROR] Unknown OSC escape code: 3008;start=5d497ee2-7ed7-464c-8b6e-60dab8194ded;machineid=03484c...
[1.755] [PARSE ERROR] Unknown OSC escape code: 3008;end=5d497ee2-7ed7-464c-8b6e-60dab8194ded;exit=success
[1.762] [PARSE ERROR] Unknown OSC escape code: 3008;start=7afb50bc-307a-42b3-99e8-5813c63af2dc;machineid=03484c...
[1.772] [PARSE ERROR] Unknown OSC escape code: 3008;start=b5fd5de8-364c-4706-b9e8-9ec10f896ba8;machineid=03484c...
[1.772] [PARSE ERROR] Unknown OSC escape code: 3008;end=b5fd5de8-364c-4706-b9e8-9ec10f896ba8;exit=success
[1.779] [PARSE ERROR] Unknown OSC escape code: 3008;start=7afb50bc-307a-42b3-99e8-5813c63af2dc;machineid=03484c...
[1.787] [PARSE ERROR] Unknown OSC escape code: 3008;start=18e3561d-4f2f-4a40-812e-a9ca73eb83cf;machineid=03484c...
[1.787] [PARSE ERROR] Unknown OSC escape code: 3008;end=18e3561d-4f2f-4a40-812e-a9ca73eb83cf;exit=success
[1.787] [PARSE ERROR] Unknown OSC escape code: 3008;start=7afb50bc-307a-42b3-99e8-5813c63af2dc;machineid=03484c...
[1.797] [PARSE ERROR] Unknown OSC escape code: 3008;start=58beb5ac-de6b-4b01-8628-bc0d24ae8692;machineid=03484c...
[1.797] [PARSE ERROR] Unknown OSC escape code: 3008;end=58beb5ac-de6b-4b01-8628-bc0d24ae8692;exit=success
[1.805] [PARSE ERROR] Unknown OSC escape code: 3008;start=7afb50bc-307a-42b3-99e8-5813c63af2dc;machineid=03484c...
[1.812] [PARSE ERROR] Unknown OSC escape code: 3008;start=499ba688-0283-4427-9570-a5db47b89386;machineid=03484c...
[1.812] [PARSE ERROR] Unknown OSC escape code: 3008;end=499ba688-0283-4427-9570-a5db47b89386;exit=success
[1.812] [PARSE ERROR] Unknown OSC escape code: 3008;start=7afb50bc-307a-42b3-99e8-5813c63af2dc;machineid=03484c...
[1.822] [PARSE ERROR] Unknown OSC escape code: 3008;start=f82c1887-75bf-413e-a88a-fe30a974de43;machineid=03484c...
[1.822] [PARSE ERROR] Unknown OSC escape code: 3008;end=f82c1887-75bf-413e-a88a-fe30a974de43;exit=success
[1.828] [PARSE ERROR] Unknown OSC escape code: 3008;start=7afb50bc-307a-42b3-99e8-5813c63af2dc;machineid=03484c...
[1.835] [PARSE ERROR] Unknown OSC escape code: 3008;start=2a7c5304-ba78-46fa-a278-60f0c31cf057;machineid=03484c...
[1.835] [PARSE ERROR] Unknown OSC escape code: 3008;end=2a7c5304-ba78-46fa-a278-60f0c31cf057;exit=success
[1.835] [PARSE ERROR] Unknown OSC escape code: 3008;start=7afb50bc-307a-42b3-99e8-5813c63af2dc;machineid=03484c...
[2.463] [PARSE ERROR] Unknown OSC escape code: 3008;start=bf4df057-7511-4639-bb7a-5832cc2467a2;machineid=03484c...
[2.463] [PARSE ERROR] Unknown OSC escape code: 3008;end=bf4df057-7511-4639-bb7a-5832cc2467a2;exit=success
[2.470] [PARSE ERROR] Unknown OSC escape code: 3008;start=7afb50bc-307a-42b3-99e8-5813c63af2dc;machineid=03484c...
[2.657] [PARSE ERROR] Unknown OSC escape code: 3008;start=b84e8ea6-335e-4528-a087-77363ce31988;machineid=03484c...
[2.657] [PARSE ERROR] Unknown OSC escape code: 3008;end=b84e8ea6-335e-4528-a087-77363ce31988;exit=success
[2.664] [PARSE ERROR] Unknown OSC escape code: 3008;start=7afb50bc-307a-42b3-99e8-5813c63af2dc;machineid=03484c...
[3.897] [PARSE ERROR] Unknown OSC escape code: 3008;start=831eb3d1-0007-43f8-b39c-8b9effb93ce1;machineid=03484c...
[3.897] [PARSE ERROR] Unknown OSC escape code: 3008;end=831eb3d1-0007-43f8-b39c-8b9effb93ce1;exit=success
[3.897] [PARSE ERROR] Unknown OSC escape code: 3008;start=7afb50bc-307a-42b3-99e8-5813c63af2dc;machineid=03484c...
[4.032] [PARSE ERROR] Unknown OSC escape code: 3008;start=d9e358ab-fceb-4c1a-b71a-d14427304f0f;machineid=03484c...
[4.032] [PARSE ERROR] Unknown OSC escape code: 3008;end=d9e358ab-fceb-4c1a-b71a-d14427304f0f;exit=success
[4.039] [PARSE ERROR] Unknown OSC escape code: 3008;start=7afb50bc-307a-42b3-99e8-5813c63af2dc;machineid=03484c...
[4.410] [PARSE ERROR] Unknown OSC escape code: 3008;start=4e1a9c73-d0a7-4c15-99bb-cc748262a9fe;machineid=03484c...
[4.410] [PARSE ERROR] Unknown OSC escape code: 3008;end=4e1a9c73-d0a7-4c15-99bb-cc748262a9fe;exit=success
[4.410] [PARSE ERROR] Unknown OSC escape code: 3008;start=7afb50bc-307a-42b3-99e8-5813c63af2dc;machineid=03484c...
[4.706] [PARSE ERROR] Unknown OSC escape code: 3008;start=6bb1efcb-2725-4c1d-ab36-f3d1e7dea5a5;machineid=03484c...
[4.713] [PARSE ERROR] Unknown OSC escape code: 3008;end=6bb1efcb-2725-4c1d-ab36-f3d1e7dea5a5;exit=success
[4.713] [PARSE ERROR] Unknown OSC escape code: 3008;start=7afb50bc-307a-42b3-99e8-5813c63af2dc;machineid=03484c...
