[0.111] Could not move child process into a systemd scope: [Errno 113] Failed to call StartTransientUnit: org.freedesktop.DBus.Error.ServiceUnknown: The name org.freedesktop.systemd1 was not provided by any .service files
[0.182] [glfw error 65544]: process_desktop_settings: failed with error: [org.freedesktop.DBus.Error.ServiceUnknown] The name org.freedesktop.portal.Desktop was not provided by any .service files
[0.182] [glfw error 65544]: Notify: Failed to get server capabilities error: [org.freedesktop.DBus.Error.ServiceUnknown] The name org.freedesktop.Notifications was not provided by any .service files
[0.185] [PARSE ERROR] Unknown OSC escape code: 3008;start=12434ba3-3471-4e81-baf5-6e2d49312765;machineid=03484c...
[0.486] [PARSE ERROR] Unknown OSC escape code: 3008;start=a2a1990a-0966-4646-9078-5b8daf6f43ca;machineid=03484c...
[0.486] [PARSE ERROR] Unknown OSC escape code: 3008;end=a2a1990a-0966-4646-9078-5b8daf6f43ca;exit=success
[0.504] [PARSE ERROR] Unknown OSC escape code: 3008;start=12434ba3-3471-4e81-baf5-6e2d49312765;machineid=03484c...
[0.801] [PARSE ERROR] Unknown OSC escape code: 3008;start=063da354-2862-428b-a1e7-d74b7154d0b5;machineid=03484c...
[0.801] [PARSE ERROR] Unknown OSC escape code: 3008;end=063da354-2862-428b-a1e7-d74b7154d0b5;exit=success
[0.819] [PARSE ERROR] Unknown OSC escape code: 3008;start=12434ba3-3471-4e81-baf5-6e2d49312765;machineid=03484c...
[1.103] [PARSE ERROR] Unknown OSC escape code: 3008;start=a18c83d7-373b-4462-9c7e-655165e33bfb;machineid=03484c...
[1.103] [PARSE ERROR] Unknown OSC escape code: 3008;end=a18c83d7-373b-4462-9c7e-655165e33bfb;exit=success
[1.120] [PARSE ERROR] Unknown OSC escape code: 3008;start=12434ba3-3471-4e81-baf5-6e2d49312765;machineid=03484c...
[1.278] [PARSE ERROR] Unknown OSC escape code: 3008;start=01412420-0a8f-45e3-b6f1-8d1bdde918fa;machineid=03484c...
[1.278] [PARSE ERROR] Unknown OSC escape code: 3008;end=01412420-0a8f-45e3-b6f1-8d1bdde918fa;exit=success
[1.296] [PARSE ERROR] Unknown OSC escape code: 3008;start=12434ba3-3471-4e81-baf5-6e2d49312765;machineid=03484c...
[1.502] [PARSE ERROR] Unknown OSC escape code: 3008;start=adf1fa2f-1ab7-4488-88be-49cdfaf0b949;machineid=03484c...
[1.502] [PARSE ERROR] Unknown OSC escape code: 3008;end=adf1fa2f-1ab7-4488-88be-49cdfaf0b949;exit=success
[1.518] [PARSE ERROR] Unknown OSC escape code: 3008;start=12434ba3-3471-4e81-baf5-6e2d49312765;machineid=03484c...
[1.731] [PARSE ERROR] Unknown OSC escape code: 3008;start=546b92e4-5272-48b4-aa39-2f7a2f3b0642;machineid=03484c...
[1.731] [PARSE ERROR] Unknown OSC escape code: 3008;end=546b92e4-5272-48b4-aa39-2f7a2f3b0642;exit=success
[1.747] [PARSE ERROR] Unknown OSC escape code: 3008;start=12434ba3-3471-4e81-baf5-6e2d49312765;machineid=03484c...
[1.847] [PARSE ERROR] Unknown OSC escape code: 3008;start=4578a96f-cc7d-4ca6-b558-b9a561def21e;machineid=03484c...
[1.847] [PARSE ERROR] Unknown OSC escape code: 3008;end=4578a96f-cc7d-4ca6-b558-b9a561def21e;exit=success
[1.864] [PARSE ERROR] Unknown OSC escape code: 3008;start=12434ba3-3471-4e81-baf5-6e2d49312765;machineid=03484c...
[2.069] [PARSE ERROR] Unknown OSC escape code: 3008;start=7c73d65b-cf1b-416f-9d61-2f358971d018;machineid=03484c...
[2.069] [PARSE ERROR] Unknown OSC escape code: 3008;end=7c73d65b-cf1b-416f-9d61-2f358971d018;exit=success
[2.085] [PARSE ERROR] Unknown OSC escape code: 3008;start=12434ba3-3471-4e81-baf5-6e2d49312765;machineid=03484c...
[2.308] [PARSE ERROR] Unknown OSC escape code: 3008;start=525c96d3-9beb-4d87-9f55-16ec24e523aa;machineid=03484c...
[2.308] [PARSE ERROR] Unknown OSC escape code: 3008;end=525c96d3-9beb-4d87-9f55-16ec24e523aa;exit=success
[2.308] [PARSE ERROR] Unknown OSC escape code: 3008;start=12434ba3-3471-4e81-baf5-6e2d49312765;machineid=03484c...
[2.493] [PARSE ERROR] Unknown OSC escape code: 3008;start=26fd10fc-a02c-4fd7-b4c0-c53e5176c747;machineid=03484c...
[2.508] [PARSE ERROR] Unknown OSC escape code: 3008;end=26fd10fc-a02c-4fd7-b4c0-c53e5176c747;exit=success
[2.508] [PARSE ERROR] Unknown OSC escape code: 3008;start=12434ba3-3471-4e81-baf5-6e2d49312765;machineid=03484c...
[2.512] [PARSE ERROR] Unknown OSC escape code: 3008;start=788b7a81-d434-4ce2-9ea5-e87cd6fb47ff;machineid=03484c...
[2.512] [PARSE ERROR] Unknown OSC escape code: 3008;end=788b7a81-d434-4ce2-9ea5-e87cd6fb47ff;exit=success
[2.528] [PARSE ERROR] Unknown OSC escape code: 3008;start=12434ba3-3471-4e81-baf5-6e2d49312765;machineid=03484c...
[2.533] [PARSE ERROR] Unknown OSC escape code: 3008;start=285e557c-49a7-440a-912f-3d68876b8923;machineid=03484c...
[2.533] [PARSE ERROR] Unknown OSC escape code: 3008;end=285e557c-49a7-440a-912f-3d68876b8923;exit=success
[2.536] [PARSE ERROR] Unknown OSC escape code: 3008;start=12434ba3-3471-4e81-baf5-6e2d49312765;machineid=03484c...
[2.547] [PARSE ERROR] Unknown OSC escape code: 3008;start=3726dbed-3648-4e64-a9f4-787967ba296b;machineid=03484c...
[2.547] [PARSE ERROR] Unknown OSC escape code: 3008;end=3726dbed-3648-4e64-a9f4-787967ba296b;exit=success
[2.547] [PARSE ERROR] Unknown OSC escape code: 3008;start=12434ba3-3471-4e81-baf5-6e2d49312765;machineid=03484c...
[2.566] [PARSE ERROR] Unknown OSC escape code: 3008;start=8d35bbfe-c875-4f9c-8a50-38fd420bdcb9;machineid=03484c...
[2.566] [PARSE ERROR] Unknown OSC escape code: 3008;end=8d35bbfe-c875-4f9c-8a50-38fd420bdcb9;exit=success
[2.582] [PARSE ERROR] Unknown OSC escape code: 3008;start=12434ba3-3471-4e81-baf5-6e2d49312765;machineid=03484c...
[2.586] [PARSE ERROR] Unknown OSC escape code: 3008;start=9f600d27-2723-4a46-998f-62fcae28357a;machineid=03484c...
[2.586] [PARSE ERROR] Unknown OSC escape code: 3008;end=9f600d27-2723-4a46-998f-62fcae28357a;exit=success
[2.589] [PARSE ERROR] Unknown OSC escape code: 3008;start=12434ba3-3471-4e81-baf5-6e2d49312765;machineid=03484c...
[2.593] [PARSE ERROR] Unknown OSC escape code: 3008;start=eaca61ad-1b6b-4430-9a49-9d6aa96330a9;machineid=03484c...
[2.593] [PARSE ERROR] Unknown OSC escape code: 3008;end=eaca61ad-1b6b-4430-9a49-9d6aa96330a9;exit=success
[2.593] [PARSE ERROR] Unknown OSC escape code: 3008;start=12434ba3-3471-4e81-baf5-6e2d49312765;machineid=03484c...
[2.603] [PARSE ERROR] Unknown OSC escape code: 3008;start=c4a0370c-0afe-4bb3-9f14-2c685e454ee1;machineid=03484c...
[2.603] [PARSE ERROR] Unknown OSC escape code: 3008;end=c4a0370c-0afe-4bb3-9f14-2c685e454ee1;exit=success
[2.619] [PARSE ERROR] Unknown OSC escape code: 3008;start=12434ba3-3471-4e81-baf5-6e2d49312765;machineid=03484c...
[2.623] [PARSE ERROR] Unknown OSC escape code: 3008;start=8db0d85b-4b06-4808-8ea2-96da9e5b638e;machineid=03484c...
[2.623] [PARSE ERROR] Unknown OSC escape code: 3008;end=8db0d85b-4b06-4808-8ea2-96da9e5b638e;exit=success
[2.627] [PARSE ERROR] Unknown OSC escape code: 3008;start=12434ba3-3471-4e81-baf5-6e2d49312765;machineid=03484c...
[2.635] [PARSE ERROR] Unknown OSC escape code: 3008;start=25cbdf86-3a6f-4545-aefa-985ec816d134;machineid=03484c...
[2.635] [PARSE ERROR] Unknown OSC escape code: 3008;end=25cbdf86-3a6f-4545-aefa-985ec816d134;exit=success
[2.639] [PARSE ERROR] Unknown OSC escape code: 3008;start=12434ba3-3471-4e81-baf5-6e2d49312765;machineid=03484c...
[2.662] [PARSE ERROR] Unknown OSC escape code: 3008;start=206eeec4-9ba8-4685-b460-29a2e52ac5c8;machineid=03484c...
[2.662] [PARSE ERROR] Unknown OSC escape code: 3008;end=206eeec4-9ba8-4685-b460-29a2e52ac5c8;exit=success
[2.681] [PARSE ERROR] Unknown OSC escape code: 3008;start=12434ba3-3471-4e81-baf5-6e2d49312765;machineid=03484c...
[2.681] [glfw error 65544]: Notify: Failed to create notification error: [org.freedesktop.DBus.Error.ServiceUnknown] The name org.freedesktop.Notifications was not provided by any .service files
[2.685] [PARSE ERROR] Unknown OSC escape code: 3008;start=7f56d67c-164b-4d78-9c7c-1092c0a65ba4;machineid=03484c...
[2.685] [PARSE ERROR] Unknown OSC escape code: 3008;end=7f56d67c-164b-4d78-9c7c-1092c0a65ba4;exit=success
[2.688] [PARSE ERROR] Unknown OSC escape code: 3008;start=12434ba3-3471-4e81-baf5-6e2d49312765;machineid=03484c...
[3.324] [PARSE ERROR] Unknown OSC escape code: 3008;start=d71b0125-0117-468e-9397-53829cade922;machineid=03484c...
[3.324] [PARSE ERROR] Unknown OSC escape code: 3008;end=d71b0125-0117-468e-9397-53829cade922;exit=success
[3.341] [PARSE ERROR] Unknown OSC escape code: 3008;start=12434ba3-3471-4e81-baf5-6e2d49312765;machineid=03484c...
[3.423] Could not move child process into a systemd scope: [Errno 113] Failed to call StartTransientUnit: org.freedesktop.DBus.Error.ServiceUnknown: The name org.freedesktop.systemd1 was not provided by any .service files
[3.655] [PARSE ERROR] Unknown OSC escape code: 3008;start=3ea11bf5-2913-412d-8669-1c3a7029a717;machineid=03484c...
[3.655] [PARSE ERROR] Unknown OSC escape code: 3008;end=3ea11bf5-2913-412d-8669-1c3a7029a717;exit=success
[3.659] [PARSE ERROR] Unknown OSC escape code: 3008;start=12434ba3-3471-4e81-baf5-6e2d49312765;machineid=03484c...
[4.086] Could not move child process into a systemd scope: [Errno 113] Failed to call StartTransientUnit: org.freedesktop.DBus.Error.ServiceUnknown: The name org.freedesktop.systemd1 was not provided by any .service files
[5.311] Could not move child process into a systemd scope: [Errno 113] Failed to call StartTransientUnit: org.freedesktop.DBus.Error.ServiceUnknown: The name org.freedesktop.systemd1 was not provided by any .service files
[6.101] [PARSE ERROR] Unknown OSC escape code: 3008;start=497c8b52-5939-40ca-832a-2e7bb2c0cde9;machineid=03484c...
[6.101] [PARSE ERROR] Unknown OSC escape code: 3008;end=497c8b52-5939-40ca-832a-2e7bb2c0cde9;exit=success
[6.101] [PARSE ERROR] Unknown OSC escape code: 3008;start=12434ba3-3471-4e81-baf5-6e2d49312765;machineid=03484c...
[6.296] [PARSE ERROR] Unknown OSC escape code: 3008;start=3d0b08ed-52a9-495c-974a-a6957033a8a7;machineid=03484c...
[6.296] [PARSE ERROR] Unknown OSC escape code: 3008;end=3d0b08ed-52a9-495c-974a-a6957033a8a7;exit=success
[6.311] [PARSE ERROR] Unknown OSC escape code: 3008;start=12434ba3-3471-4e81-baf5-6e2d49312765;machineid=03484c...
[6.660] [PARSE ERROR] Unknown OSC escape code: 3008;start=851633b5-697e-46c9-b000-2afdd1df446c;machineid=03484c...
[6.660] [PARSE ERROR] Unknown OSC escape code: 3008;end=851633b5-697e-46c9-b000-2afdd1df446c;exit=success
[6.680] [PARSE ERROR] Unknown OSC escape code: 3008;start=12434ba3-3471-4e81-baf5-6e2d49312765;machineid=03484c...
[7.046] [PARSE ERROR] Unknown OSC escape code: 3008;start=9d094947-dddb-490f-98ff-250928a1428a;machineid=03484c...
[7.046] [PARSE ERROR] Unknown OSC escape code: 3008;end=9d094947-dddb-490f-98ff-250928a1428a;exit=success
[7.062] [PARSE ERROR] Unknown OSC escape code: 3008;start=12434ba3-3471-4e81-baf5-6e2d49312765;machineid=03484c...
