[0.270] The output buffer does not support sRGB color encoding, colors will be incorrect.
[0.270] Failed to enable transparency. This happens when your desktop environment does not support compositing.
[0.323] [PARSE ERROR] Unknown OSC escape code: 3008;start=3b4c37cb-2c16-4e53-a577-a46735014321;machineid=03484c...
[0.404] [PARSE ERROR] Unknown OSC escape code: 3008;start=58349ca6-ebad-465c-8ea4-2f640a4f0f53;machineid=03484c...
[0.404] [PARSE ERROR] Unknown OSC escape code: 3008;end=58349ca6-ebad-465c-8ea4-2f640a4f0f53;exit=success
[0.411] [PARSE ERROR] Unknown OSC escape code: 3008;start=3b4c37cb-2c16-4e53-a577-a46735014321;machineid=03484c...
[0.633] [PARSE ERROR] Unknown OSC escape code: 3008;start=2a24f346-6eeb-425d-9940-abb81c80f941;machineid=03484c...
[0.633] [PARSE ERROR] Unknown OSC escape code: 3008;end=2a24f346-6eeb-425d-9940-abb81c80f941;exit=success
[0.640] [PARSE ERROR] Unknown OSC escape code: 3008;start=3b4c37cb-2c16-4e53-a577-a46735014321;machineid=03484c...
[0.825] [PARSE ERROR] Unknown OSC escape code: 3008;start=8aafa036-946b-453b-9af8-9cc036008da2;machineid=03484c...
[0.825] [PARSE ERROR] Unknown OSC escape code: 3008;end=8aafa036-946b-453b-9af8-9cc036008da2;exit=success
[0.831] [PARSE ERROR] Unknown OSC escape code: 3008;start=3b4c37cb-2c16-4e53-a577-a46735014321;machineid=03484c...
[0.901] [PARSE ERROR] Unknown OSC escape code: 3008;start=4942f1ea-8c00-46e2-8459-2947c0fec565;machineid=03484c...
[0.901] [PARSE ERROR] Unknown OSC escape code: 3008;end=4942f1ea-8c00-46e2-8459-2947c0fec565;exit=success
[0.908] [PARSE ERROR] Unknown OSC escape code: 3008;start=3b4c37cb-2c16-4e53-a577-a46735014321;machineid=03484c...
[1.000] [PARSE ERROR] Unknown OSC escape code: 3008;start=0648a796-f490-4445-b5e5-283d79b61e8e;machineid=03484c...
[1.000] [PARSE ERROR] Unknown OSC escape code: 3008;end=0648a796-f490-4445-b5e5-283d79b61e8e;exit=success
[1.007] [PARSE ERROR] Unknown OSC escape code: 3008;start=3b4c37cb-2c16-4e53-a577-a46735014321;machineid=03484c...
[1.341] [PARSE ERROR] Unknown OSC escape code: 3008;start=98b9173f-de4d-4911-bf11-a4f0e3f04ef8;machineid=03484c...
[1.341] [PARSE ERROR] Unknown OSC escape code: 3008;end=98b9173f-de4d-4911-bf11-a4f0e3f04ef8;exit=success
[1.349] [PARSE ERROR] Unknown OSC escape code: 3008;start=3b4c37cb-2c16-4e53-a577-a46735014321;machineid=03484c...
[1.421] [PARSE ERROR] Unknown OSC escape code: 3008;start=9ebdf05f-cad8-4f5a-b562-329ce9e2bb49;machineid=03484c...
[1.421] [PARSE ERROR] Unknown OSC escape code: 3008;end=9ebdf05f-cad8-4f5a-b562-329ce9e2bb49;exit=success
[1.427] [PARSE ERROR] Unknown OSC escape code: 3008;start=3b4c37cb-2c16-4e53-a577-a46735014321;machineid=03484c...
[1.522] [PARSE ERROR] Unknown OSC escape code: 3008;start=b5ac5c45-b6f5-44f6-8da1-7fdfac410cb3;machineid=03484c...
[1.529] [PARSE ERROR] Unknown OSC escape code: 3008;end=b5ac5c45-b6f5-44f6-8da1-7fdfac410cb3;exit=success
[1.529] [PARSE ERROR] Unknown OSC escape code: 3008;start=3b4c37cb-2c16-4e53-a577-a46735014321;machineid=03484c...
[1.830] [PARSE ERROR] Unknown OSC escape code: 3008;start=8b5692b2-cf71-4532-beb9-3834c18edcaf;machineid=03484c...
[1.830] [PARSE ERROR] Unknown OSC escape code: 3008;end=8b5692b2-cf71-4532-beb9-3834c18edcaf;exit=success
[1.837] [PARSE ERROR] Unknown OSC escape code: 3008;start=3b4c37cb-2c16-4e53-a577-a46735014321;machineid=03484c...
[1.959] [PARSE ERROR] Unknown OSC escape code: 3008;start=782d4a89-f2d6-4246-abdd-dbf811e70a2e;machineid=03484c...
[1.959] [PARSE ERROR] Unknown OSC escape code: 3008;end=782d4a89-f2d6-4246-abdd-dbf811e70a2e;exit=success
[1.966] [PARSE ERROR] Unknown OSC escape code: 3008;start=3b4c37cb-2c16-4e53-a577-a46735014321;machineid=03484c...
[1.977] [PARSE ERROR] Unknown OSC escape code: 3008;start=70a17124-04ea-4df9-9855-f2a2d06aa7c8;machineid=03484c...
[1.977] [PARSE ERROR] Unknown OSC escape code: 3008;end=70a17124-04ea-4df9-9855-f2a2d06aa7c8;exit=success
[1.983] [PARSE ERROR] Unknown OSC escape code: 3008;start=3b4c37cb-2c16-4e53-a577-a46735014321;machineid=03484c...
[1.991] [PARSE ERROR] Unknown OSC escape code: 3008;start=99fae717-dab7-48c5-b0d9-7235cc934c13;machineid=03484c...
[1.991] [PARSE ERROR] Unknown OSC escape code: 3008;end=99fae717-dab7-48c5-b0d9-7235cc934c13;exit=success
[1.991] [PARSE ERROR] Unknown OSC escape code: 3008;start=3b4c37cb-2c16-4e53-a577-a46735014321;machineid=03484c...
[2.001] [PARSE ERROR] Unknown OSC escape code: 3008;start=223add98-3b2f-4a60-b536-a993a720cc39;machineid=03484c...
[2.001] [PARSE ERROR] Unknown OSC escape code: 3008;end=223add98-3b2f-4a60-b536-a993a720cc39;exit=success
[2.008] [PARSE ERROR] Unknown OSC escape code: 3008;start=3b4c37cb-2c16-4e53-a577-a46735014321;machineid=03484c...
[2.015] [PARSE ERROR] Unknown OSC escape code: 3008;start=cf5d863b-0d55-48f4-89ef-5041f1ed14c2;machineid=03484c...
[2.015] [PARSE ERROR] Unknown OSC escape code: 3008;end=cf5d863b-0d55-48f4-89ef-5041f1ed14c2;exit=success
[2.015] [PARSE ERROR] Unknown OSC escape code: 3008;start=3b4c37cb-2c16-4e53-a577-a46735014321;machineid=03484c...
[2.025] [PARSE ERROR] Unknown OSC escape code: 3008;start=6428dd45-3744-4b59-b704-b8b5edafb286;machineid=03484c...
[2.025] [PARSE ERROR] Unknown OSC escape code: 3008;end=6428dd45-3744-4b59-b704-b8b5edafb286;exit=success
[2.032] [PARSE ERROR] Unknown OSC escape code: 3008;start=3b4c37cb-2c16-4e53-a577-a46735014321;machineid=03484c...
[2.042] [PARSE ERROR] Unknown OSC escape code: 3008;start=01289a29-ca92-4c3c-aa5b-ae7c52c479fd;machineid=03484c...
[2.042] [PARSE ERROR] Unknown OSC escape code: 3008;end=01289a29-ca92-4c3c-aa5b-ae7c52c479fd;exit=success
[2.049] [PARSE ERROR] Unknown OSC escape code: 3008;start=3b4c37cb-2c16-4e53-a577-a46735014321;machineid=03484c...
[2.057] [PARSE ERROR] Unknown OSC escape code: 3008;start=8674811e-fa77-4991-ad8d-f37c9e5f8e7a;machineid=03484c...
[2.057] [PARSE ERROR] Unknown OSC escape code: 3008;end=8674811e-fa77-4991-ad8d-f37c9e5f8e7a;exit=success
[2.057] [PARSE ERROR] Unknown OSC escape code: 3008;start=3b4c37cb-2c16-4e53-a577-a46735014321;machineid=03484c...
[2.074] [PARSE ERROR] Unknown OSC escape code: 3008;start=b4b3feaa-970b-4946-9820-14db9ec88c29;machineid=03484c...
[2.074] [PARSE ERROR] Unknown OSC escape code: 3008;end=b4b3feaa-970b-4946-9820-14db9ec88c29;exit=success
[2.074] [PARSE ERROR] Unknown OSC escape code: 3008;start=3b4c37cb-2c16-4e53-a577-a46735014321;machineid=03484c...
[2.082] [PARSE ERROR] Unknown OSC escape code: 3008;start=032121c7-bcf1-4e13-82ad-4c8efbf64d58;machineid=03484c...
[2.082] [PARSE ERROR] Unknown OSC escape code: 3008;end=032121c7-bcf1-4e13-82ad-4c8efbf64d58;exit=success
[2.082] [PARSE ERROR] Unknown OSC escape code: 3008;start=3b4c37cb-2c16-4e53-a577-a46735014321;machineid=03484c...
[2.092] [PARSE ERROR] Unknown OSC escape code: 3008;start=8cbbd089-7079-4791-98be-f23c19718a38;machineid=03484c...
[2.092] [PARSE ERROR] Unknown OSC escape code: 3008;end=8cbbd089-7079-4791-98be-f23c19718a38;exit=success
[2.098] [PARSE ERROR] Unknown OSC escape code: 3008;start=3b4c37cb-2c16-4e53-a577-a46735014321;machineid=03484c...
[2.109] [PARSE ERROR] Unknown OSC escape code: 3008;start=882832cb-018c-4d6a-933e-c56c470c63df;machineid=03484c...
[2.109] [PARSE ERROR] Unknown OSC escape code: 3008;end=882832cb-018c-4d6a-933e-c56c470c63df;exit=success
[2.115] [PARSE ERROR] Unknown OSC escape code: 3008;start=3b4c37cb-2c16-4e53-a577-a46735014321;machineid=03484c...
[2.700] [PARSE ERROR] Unknown OSC escape code: 3008;start=c8c7b9cd-50a4-4f27-8d22-418adb28f1b2;machineid=03484c...
[2.708] [PARSE ERROR] Unknown OSC escape code: 3008;end=c8c7b9cd-50a4-4f27-8d22-418adb28f1b2;exit=success
[2.708] [PARSE ERROR] Unknown OSC escape code: 3008;start=3b4c37cb-2c16-4e53-a577-a46735014321;machineid=03484c...
[2.920] [PARSE ERROR] Unknown OSC escape code: 3008;start=b5eac879-5dbb-4fad-a8d4-396f7f8e0588;machineid=03484c...
[2.920] [PARSE ERROR] Unknown OSC escape code: 3008;end=b5eac879-5dbb-4fad-a8d4-396f7f8e0588;exit=success
[2.926] [PARSE ERROR] Unknown OSC escape code: 3008;start=3b4c37cb-2c16-4e53-a577-a46735014321;machineid=03484c...
[4.283] [PARSE ERROR] Unknown OSC escape code: 3008;start=787ffc56-fef2-4264-ba02-b08dca8bb5f2;machineid=03484c...
[4.283] [PARSE ERROR] Unknown OSC escape code: 3008;end=787ffc56-fef2-4264-ba02-b08dca8bb5f2;exit=success
[4.283] [PARSE ERROR] Unknown OSC escape code: 3008;start=3b4c37cb-2c16-4e53-a577-a46735014321;machineid=03484c...
[4.443] [PARSE ERROR] Unknown OSC escape code: 3008;start=a6cb633d-4e4e-4f0f-bc43-3d27a1428c61;machineid=03484c...
[4.443] [PARSE ERROR] Unknown OSC escape code: 3008;end=a6cb633d-4e4e-4f0f-bc43-3d27a1428c61;exit=success
[4.450] [PARSE ERROR] Unknown OSC escape code: 3008;start=3b4c37cb-2c16-4e53-a577-a46735014321;machineid=03484c...
[4.814] [PARSE ERROR] Unknown OSC escape code: 3008;start=33f3784a-f7df-4f0c-b3fc-0628a90822d9;machineid=03484c...
[4.814] [PARSE ERROR] Unknown OSC escape code: 3008;end=33f3784a-f7df-4f0c-b3fc-0628a90822d9;exit=success
[4.821] [PARSE ERROR] Unknown OSC escape code: 3008;start=3b4c37cb-2c16-4e53-a577-a46735014321;machineid=03484c...
[5.137] [PARSE ERROR] Unknown OSC escape code: 3008;start=941c4659-7bf8-44d7-9135-e3e66d855b10;machineid=03484c...
[5.144] [PARSE ERROR] Unknown OSC escape code: 3008;end=941c4659-7bf8-44d7-9135-e3e66d855b10;exit=success
[5.144] [PARSE ERROR] Unknown OSC escape code: 3008;start=3b4c37cb-2c16-4e53-a577-a46735014321;machineid=03484c...
