[0.314] The output buffer does not support sRGB color encoding, colors will be incorrect.
[0.315] Failed to enable transparency. This happens when your desktop environment does not support compositing.
[0.385] [PARSE ERROR] Unknown OSC escape code: 3008;start=1016785e-46b2-4435-9666-0ae08c739680;machineid=03484c...
[0.490] [PARSE ERROR] Unknown OSC escape code: 3008;start=06b865ec-af91-4ed3-95c4-5c2586b4597d;machineid=03484c...
[0.490] [PARSE ERROR] Unknown OSC escape code: 3008;end=06b865ec-af91-4ed3-95c4-5c2586b4597d;exit=success
[0.498] [PARSE ERROR] Unknown OSC escape code: 3008;start=1016785e-46b2-4435-9666-0ae08c739680;machineid=03484c...
[0.721] [PARSE ERROR] Unknown OSC escape code: 3008;start=126dcf77-48d2-47d9-b319-df5b56a037b9;machineid=03484c...
[0.721] [PARSE ERROR] Unknown OSC escape code: 3008;end=126dcf77-48d2-47d9-b319-df5b56a037b9;exit=success
[0.721] [PARSE ERROR] Unknown OSC escape code: 3008;start=1016785e-46b2-4435-9666-0ae08c739680;machineid=03484c...
[0.914] [PARSE ERROR] Unknown OSC escape code: 3008;start=b7769fcf-1466-4e37-9228-92a0c6642191;machineid=03484c...
[0.914] [PARSE ERROR] Unknown OSC escape code: 3008;end=b7769fcf-1466-4e37-9228-92a0c6642191;exit=success
[0.921] [PARSE ERROR] Unknown OSC escape code: 3008;start=1016785e-46b2-4435-9666-0ae08c739680;machineid=03484c...
[1.032] [PARSE ERROR] Unknown OSC escape code: 3008;start=30fe6573-cbc5-421e-9e34-75769a3443b6;machineid=03484c...
[1.032] [PARSE ERROR] Unknown OSC escape code: 3008;end=30fe6573-cbc5-421e-9e34-75769a3443b6;exit=success
[1.041] [PARSE ERROR] Unknown OSC escape code: 3008;start=1016785e-46b2-4435-9666-0ae08c739680;machineid=03484c...
[1.152] [PARSE ERROR] Unknown OSC escape code: 3008;start=ff9758bd-c49c-4b38-9137-a56d1ab50ef3;machineid=03484c...
[1.152] [PARSE ERROR] Unknown OSC escape code: 3008;end=ff9758bd-c49c-4b38-9137-a56d1ab50ef3;exit=success
[1.160] [PARSE ERROR] Unknown OSC escape code: 3008;start=1016785e-46b2-4435-9666-0ae08c739680;machineid=03484c...
[1.288] [PARSE ERROR] Unknown OSC escape code: 3008;start=a29e6910-d0f2-4115-9dd7-710fe7eee797;machineid=03484c...
[1.288] [PARSE ERROR] Unknown OSC escape code: 3008;end=a29e6910-d0f2-4115-9dd7-710fe7eee797;exit=success
[1.288] [PARSE ERROR] Unknown OSC escape code: 3008;start=1016785e-46b2-4435-9666-0ae08c739680;machineid=03484c...
[1.377] [PARSE ERROR] Unknown OSC escape code: 3008;start=009f1c29-b6dc-4fa9-afcb-4a43b9f92990;machineid=03484c...
[1.377] [PARSE ERROR] Unknown OSC escape code: 3008;end=009f1c29-b6dc-4fa9-afcb-4a43b9f92990;exit=success
[1.377] [PARSE ERROR] Unknown OSC escape code: 3008;start=1016785e-46b2-4435-9666-0ae08c739680;machineid=03484c...
[1.491] [PARSE ERROR] Unknown OSC escape code: 3008;start=8d2020ba-7bed-46aa-bf98-e532a0199d17;machineid=03484c...
[1.491] [PARSE ERROR] Unknown OSC escape code: 3008;end=8d2020ba-7bed-46aa-bf98-e532a0199d17;exit=success
[1.491] [PARSE ERROR] Unknown OSC escape code: 3008;start=1016785e-46b2-4435-9666-0ae08c739680;machineid=03484c...
[1.558] [PARSE ERROR] Unknown OSC escape code: 3008;start=4184e9f9-d76c-471c-96c5-1d08d73d2864;machineid=03484c...
[1.558] [PARSE ERROR] Unknown OSC escape code: 3008;end=4184e9f9-d76c-471c-96c5-1d08d73d2864;exit=success
[1.565] [PARSE ERROR] Unknown OSC escape code: 3008;start=1016785e-46b2-4435-9666-0ae08c739680;machineid=03484c...
[1.694] [PARSE ERROR] Unknown OSC escape code: 3008;start=e98d3f41-12b6-4578-9212-61f689416fbb;machineid=03484c...
[1.694] [PARSE ERROR] Unknown OSC escape code: 3008;end=e98d3f41-12b6-4578-9212-61f689416fbb;exit=success
[1.701] [PARSE ERROR] Unknown OSC escape code: 3008;start=1016785e-46b2-4435-9666-0ae08c739680;machineid=03484c...
[1.711] [PARSE ERROR] Unknown OSC escape code: 3008;start=40fa2464-f06f-48e6-a78e-dfb21eabe326;machineid=03484c...
[1.711] [PARSE ERROR] Unknown OSC escape code: 3008;end=40fa2464-f06f-48e6-a78e-dfb21eabe326;exit=success
[1.718] [PARSE ERROR] Unknown OSC escape code: 3008;start=1016785e-46b2-4435-9666-0ae08c739680;machineid=03484c...
[1.726] [PARSE ERROR] Unknown OSC escape code: 3008;start=d481ee6e-fe4b-4df6-b2a8-7861f01ffa5c;machineid=03484c...
[1.726] [PARSE ERROR] Unknown OSC escape code: 3008;end=d481ee6e-fe4b-4df6-b2a8-7861f01ffa5c;exit=success
[1.726] [PARSE ERROR] Unknown OSC escape code: 3008;start=1016785e-46b2-4435-9666-0ae08c739680;machineid=03484c...
[1.736] [PARSE ERROR] Unknown OSC escape code: 3008;start=453b2159-a908-4c9b-b440-6e382dbc5f6d;machineid=03484c...
[1.736] [PARSE ERROR] Unknown OSC escape code: 3008;end=453b2159-a908-4c9b-b440-6e382dbc5f6d;exit=success
[1.743] [PARSE ERROR] Unknown OSC escape code: 3008;start=1016785e-46b2-4435-9666-0ae08c739680;machineid=03484c...
[1.754] [PARSE ERROR] Unknown OSC escape code: 3008;start=5884c12c-6064-450a-99ec-95c7ccdccd97;machineid=03484c...
[1.754] [PARSE ERROR] Unknown OSC escape code: 3008;end=5884c12c-6064-450a-99ec-95c7ccdccd97;exit=success
[1.760] [PARSE ERROR] Unknown OSC escape code: 3008;start=1016785e-46b2-4435-9666-0ae08c739680;machineid=03484c...
[1.767] [PARSE ERROR] Unknown OSC escape code: 3008;start=1fe0b66d-3e85-416f-8331-f728f36fccd6;machineid=03484c...
[1.767] [PARSE ERROR] Unknown OSC escape code: 3008;end=1fe0b66d-3e85-416f-8331-f728f36fccd6;exit=success
[1.767] [PARSE ERROR] Unknown OSC escape code: 3008;start=1016785e-46b2-4435-9666-0ae08c739680;machineid=03484c...
[1.778] [PARSE ERROR] Unknown OSC escape code: 3008;start=7ac3fb10-65a7-48c2-a5f7-0cff916586d6;machineid=03484c...
[1.778] [PARSE ERROR] Unknown OSC escape code: 3008;end=7ac3fb10-65a7-48c2-a5f7-0cff916586d6;exit=success
[1.785] [PARSE ERROR] Unknown OSC escape code: 3008;start=1016785e-46b2-4435-9666-0ae08c739680;machineid=03484c...
[1.793] [PARSE ERROR] Unknown OSC escape code: 3008;start=53104052-a796-428b-8ad0-be313f73110c;machineid=03484c...
[1.793] [PARSE ERROR] Unknown OSC escape code: 3008;end=53104052-a796-428b-8ad0-be313f73110c;exit=success
[1.793] [PARSE ERROR] Unknown OSC escape code: 3008;start=1016785e-46b2-4435-9666-0ae08c739680;machineid=03484c...
[1.804] [PARSE ERROR] Unknown OSC escape code: 3008;start=9c4d546c-c668-448a-8baf-c6375df608f0;machineid=03484c...
[1.804] [PARSE ERROR] Unknown OSC escape code: 3008;end=9c4d546c-c668-448a-8baf-c6375df608f0;exit=success
[1.811] [PARSE ERROR] Unknown OSC escape code: 3008;start=1016785e-46b2-4435-9666-0ae08c739680;machineid=03484c...
[1.818] [PARSE ERROR] Unknown OSC escape code: 3008;start=8e7df0d7-126f-461c-afca-a1aba4116088;machineid=03484c...
[1.818] [PARSE ERROR] Unknown OSC escape code: 3008;end=8e7df0d7-126f-461c-afca-a1aba4116088;exit=success
[1.818] [PARSE ERROR] Unknown OSC escape code: 3008;start=1016785e-46b2-4435-9666-0ae08c739680;machineid=03484c...
[1.829] [PARSE ERROR] Unknown OSC escape code: 3008;start=e89aaf10-89b0-46cc-94f2-f11619ea86c3;machineid=03484c...
[1.829] [PARSE ERROR] Unknown OSC escape code: 3008;end=e89aaf10-89b0-46cc-94f2-f11619ea86c3;exit=success
[1.837] [PARSE ERROR] Unknown OSC escape code: 3008;start=1016785e-46b2-4435-9666-0ae08c739680;machineid=03484c...
[1.844] [PARSE ERROR] Unknown OSC escape code: 3008;start=a4063c3a-d161-42cf-8bbf-0baba8c44372;machineid=03484c...
[1.844] [PARSE ERROR] Unknown OSC escape code: 3008;end=a4063c3a-d161-42cf-8bbf-0baba8c44372;exit=success
[1.844] [PARSE ERROR] Unknown OSC escape code: 3008;start=1016785e-46b2-4435-9666-0ae08c739680;machineid=03484c...
[2.461] [PARSE ERROR] Unknown OSC escape code: 3008;start=38142506-8593-4eea-ac9c-e94066797c1f;machineid=03484c...
[2.461] [PARSE ERROR] Unknown OSC escape code: 3008;end=38142506-8593-4eea-ac9c-e94066797c1f;exit=success
[2.468] [PARSE ERROR] Unknown OSC escape code: 3008;start=1016785e-46b2-4435-9666-0ae08c739680;machineid=03484c...
[2.698] [PARSE ERROR] Unknown OSC escape code: 3008;start=4dda26e2-4011-434b-bb22-740b60e3ffcd;machineid=03484c...
[2.698] [PARSE ERROR] Unknown OSC escape code: 3008;end=4dda26e2-4011-434b-bb22-740b60e3ffcd;exit=success
[2.705] [PARSE ERROR] Unknown OSC escape code: 3008;start=1016785e-46b2-4435-9666-0ae08c739680;machineid=03484c...
[4.047] [PARSE ERROR] Unknown OSC escape code: 3008;start=1892e8f6-53fd-42f0-97b6-78e4bd08ddf3;machineid=03484c...
[4.047] [PARSE ERROR] Unknown OSC escape code: 3008;end=1892e8f6-53fd-42f0-97b6-78e4bd08ddf3;exit=success
[4.047] [PARSE ERROR] Unknown OSC escape code: 3008;start=1016785e-46b2-4435-9666-0ae08c739680;machineid=03484c...
[4.206] [PARSE ERROR] Unknown OSC escape code: 3008;start=16fd43ee-4cdc-47b7-938c-05027b2a9ec3;machineid=03484c...
[4.206] [PARSE ERROR] Unknown OSC escape code: 3008;end=16fd43ee-4cdc-47b7-938c-05027b2a9ec3;exit=success
[4.212] [PARSE ERROR] Unknown OSC escape code: 3008;start=1016785e-46b2-4435-9666-0ae08c739680;machineid=03484c...
[4.589] [PARSE ERROR] Unknown OSC escape code: 3008;start=595ad4e5-cd7d-4647-884b-918d20d4a32c;machineid=03484c...
[4.589] [PARSE ERROR] Unknown OSC escape code: 3008;end=595ad4e5-cd7d-4647-884b-918d20d4a32c;exit=success
[4.589] [PARSE ERROR] Unknown OSC escape code: 3008;start=1016785e-46b2-4435-9666-0ae08c739680;machineid=03484c...
[4.958] [PARSE ERROR] Unknown OSC escape code: 3008;start=725104d8-d926-49f7-8c7b-ac3ba4b88237;machineid=03484c...
[4.958] [PARSE ERROR] Unknown OSC escape code: 3008;end=725104d8-d926-49f7-8c7b-ac3ba4b88237;exit=success
[4.958] [PARSE ERROR] Unknown OSC escape code: 3008;start=1016785e-46b2-4435-9666-0ae08c739680;machineid=03484c...
