bash-5.3.tar.gz
[GNUPG:] NEWSIG
[GNUPG:] KEY_CONSIDERED 7C0135FB088AAF6C66C650B9BB5869F064EA74AB 0
[GNUPG:] SIG_ID VE3K2Ycj3yENCbTMdb1qYsck3Nw 2025-07-30 1753883263
[GNUPG:] GOODSIG BB5869F064EA74AB Chet Ramey <chet@cwru.edu>
[GNUPG:] VALIDSIG 7C0135FB088AAF6C66C650B9BB5869F064EA74AB 2025-07-30 1753883263 0 4 0 17 2 00 7C0135FB088AAF6C66C650B9BB5869F064EA74AB
gpgv: Signature made Wed Jul 30 15:47:43 2025 CEST
gpgv:                using DSA key 7C0135FB088AAF6C66C650B9BB5869F064EA74AB
gpgv: Good signature from "Chet Ramey <chet@cwru.edu>"

bash53-001
[GNUPG:] NEWSIG
[GNUPG:] KEY_CONSIDERED 7C0135FB088AAF6C66C650B9BB5869F064EA74AB 0
[GNUPG:] SIG_ID G8HTrR1QqvOylbHu3qmG2T0a5tI 2025-07-21 1753125478
[GNUPG:] GOODSIG BB5869F064EA74AB Chet Ramey <chet@cwru.edu>
[GNUPG:] VALIDSIG 7C0135FB088AAF6C66C650B9BB5869F064EA74AB 2025-07-21 1753125478 0 4 0 17 2 00 7C0135FB088AAF6C66C650B9BB5869F064EA74AB
gpgv: Signature made Mon Jul 21 21:17:58 2025 CEST
gpgv:                using DSA key 7C0135FB088AAF6C66C650B9BB5869F064EA74AB
gpgv: Good signature from "Chet Ramey <chet@cwru.edu>"

bash53-002
[GNUPG:] NEWSIG
[GNUPG:] KEY_CONSIDERED 7C0135FB088AAF6C66C650B9BB5869F064EA74AB 0
[GNUPG:] SIG_ID 0HhVoWc0O7+9qLCRdl3B3LrzVm0 2025-07-21 1753125487
[GNUPG:] GOODSIG BB5869F064EA74AB Chet Ramey <chet@cwru.edu>
[GNUPG:] VALIDSIG 7C0135FB088AAF6C66C650B9BB5869F064EA74AB 2025-07-21 1753125487 0 4 0 17 2 00 7C0135FB088AAF6C66C650B9BB5869F064EA74AB
gpgv: Signature made Mon Jul 21 21:18:07 2025 CEST
gpgv:                using DSA key 7C0135FB088AAF6C66C650B9BB5869F064EA74AB
gpgv: Good signature from "Chet Ramey <chet@cwru.edu>"

bash53-003
[GNUPG:] NEWSIG
[GNUPG:] KEY_CONSIDERED 7C0135FB088AAF6C66C650B9BB5869F064EA74AB 0
[GNUPG:] SIG_ID wWTJfyNE7oRk9eybT9fvSYgG7Hc 2025-07-21 1753125489
[GNUPG:] GOODSIG BB5869F064EA74AB Chet Ramey <chet@cwru.edu>
[GNUPG:] VALIDSIG 7C0135FB088AAF6C66C650B9BB5869F064EA74AB 2025-07-21 1753125489 0 4 0 17 2 00 7C0135FB088AAF6C66C650B9BB5869F064EA74AB
gpgv: Signature made Mon Jul 21 21:18:09 2025 CEST
gpgv:                using DSA key 7C0135FB088AAF6C66C650B9BB5869F064EA74AB
gpgv: Good signature from "Chet Ramey <chet@cwru.edu>"

bash53-004
[GNUPG:] NEWSIG
[GNUPG:] KEY_CONSIDERED 7C0135FB088AAF6C66C650B9BB5869F064EA74AB 0
[GNUPG:] SIG_ID jSM6pTsNCLt6rRPAauJ/pLVKXY4 2025-11-26 1764177330
[GNUPG:] GOODSIG BB5869F064EA74AB Chet Ramey <chet@cwru.edu>
[GNUPG:] VALIDSIG 7C0135FB088AAF6C66C650B9BB5869F064EA74AB 2025-11-26 1764177330 0 4 0 17 2 00 7C0135FB088AAF6C66C650B9BB5869F064EA74AB
gpgv: Signature made Wed Nov 26 18:15:30 2025 CET
gpgv:                using DSA key 7C0135FB088AAF6C66C650B9BB5869F064EA74AB
gpgv: Good signature from "Chet Ramey <chet@cwru.edu>"

bash53-005
[GNUPG:] NEWSIG
[GNUPG:] KEY_CONSIDERED 7C0135FB088AAF6C66C650B9BB5869F064EA74AB 0
[GNUPG:] SIG_ID qPj5girRNOYLJt+pEpI4fqktiAY 2025-11-26 1764177339
[GNUPG:] GOODSIG BB5869F064EA74AB Chet Ramey <chet@cwru.edu>
[GNUPG:] VALIDSIG 7C0135FB088AAF6C66C650B9BB5869F064EA74AB 2025-11-26 1764177339 0 4 0 17 2 00 7C0135FB088AAF6C66C650B9BB5869F064EA74AB
gpgv: Signature made Wed Nov 26 18:15:39 2025 CET
gpgv:                using DSA key 7C0135FB088AAF6C66C650B9BB5869F064EA74AB
gpgv: Good signature from "Chet Ramey <chet@cwru.edu>"

bash53-006
[GNUPG:] NEWSIG
[GNUPG:] KEY_CONSIDERED 7C0135FB088AAF6C66C650B9BB5869F064EA74AB 0
[GNUPG:] SIG_ID H56uQpL0l7dju5WhSOXaE14WQho 2025-11-26 1764177340
[GNUPG:] GOODSIG BB5869F064EA74AB Chet Ramey <chet@cwru.edu>
[GNUPG:] VALIDSIG 7C0135FB088AAF6C66C650B9BB5869F064EA74AB 2025-11-26 1764177340 0 4 0 17 2 00 7C0135FB088AAF6C66C650B9BB5869F064EA74AB
gpgv: Signature made Wed Nov 26 18:15:40 2025 CET
gpgv:                using DSA key 7C0135FB088AAF6C66C650B9BB5869F064EA74AB
gpgv: Good signature from "Chet Ramey <chet@cwru.edu>"

bash53-007
[GNUPG:] NEWSIG
[GNUPG:] KEY_CONSIDERED 7C0135FB088AAF6C66C650B9BB5869F064EA74AB 0
[GNUPG:] SIG_ID WLrj+HxL0n0SeIyLR3xir2we5OM 2025-11-26 1764177342
[GNUPG:] GOODSIG BB5869F064EA74AB Chet Ramey <chet@cwru.edu>
[GNUPG:] VALIDSIG 7C0135FB088AAF6C66C650B9BB5869F064EA74AB 2025-11-26 1764177342 0 4 0 17 2 00 7C0135FB088AAF6C66C650B9BB5869F064EA74AB
gpgv: Signature made Wed Nov 26 18:15:42 2025 CET
gpgv:                using DSA key 7C0135FB088AAF6C66C650B9BB5869F064EA74AB
gpgv: Good signature from "Chet Ramey <chet@cwru.edu>"

bash53-008
[GNUPG:] NEWSIG
[GNUPG:] KEY_CONSIDERED 7C0135FB088AAF6C66C650B9BB5869F064EA74AB 0
[GNUPG:] SIG_ID fkvDUevYTZ95ZG428UhuGiII8JQ 2025-11-26 1764177343
[GNUPG:] GOODSIG BB5869F064EA74AB Chet Ramey <chet@cwru.edu>
[GNUPG:] VALIDSIG 7C0135FB088AAF6C66C650B9BB5869F064EA74AB 2025-11-26 1764177343 0 4 0 17 2 00 7C0135FB088AAF6C66C650B9BB5869F064EA74AB
gpgv: Signature made Wed Nov 26 18:15:43 2025 CET
gpgv:                using DSA key 7C0135FB088AAF6C66C650B9BB5869F064EA74AB
gpgv: Good signature from "Chet Ramey <chet@cwru.edu>"

bash53-009
[GNUPG:] NEWSIG
[GNUPG:] KEY_CONSIDERED 7C0135FB088AAF6C66C650B9BB5869F064EA74AB 0
[GNUPG:] SIG_ID XSrjmLeNXrTEEaeIwXCKV2BLMQM 2025-12-05 1764948764
[GNUPG:] GOODSIG BB5869F064EA74AB Chet Ramey <chet@cwru.edu>
[GNUPG:] VALIDSIG 7C0135FB088AAF6C66C650B9BB5869F064EA74AB 2025-12-05 1764948764 0 4 0 17 2 00 7C0135FB088AAF6C66C650B9BB5869F064EA74AB
gpgv: Signature made Fri Dec  5 16:32:44 2025 CET
gpgv:                using DSA key 7C0135FB088AAF6C66C650B9BB5869F064EA74AB
gpgv: Good signature from "Chet Ramey <chet@cwru.edu>"

bash53-010
[GNUPG:] NEWSIG
[GNUPG:] KEY_CONSIDERED 7C0135FB088AAF6C66C650B9BB5869F064EA74AB 0
[GNUPG:] SIG_ID 8fmwukaWUPgZcADCOPT/S+YEgFk 2026-06-02 1780409555
[GNUPG:] GOODSIG BB5869F064EA74AB Chet Ramey <chet@cwru.edu>
[GNUPG:] NOTATION_NAME manu
[GNUPG:] NOTATION_FLAGS 0 1
[GNUPG:] NOTATION_DATA 2,2.5+1.12,0,3
[GNUPG:] VALIDSIG 7C0135FB088AAF6C66C650B9BB5869F064EA74AB 2026-06-02 1780409555 0 4 0 17 2 00 7C0135FB088AAF6C66C650B9BB5869F064EA74AB
gpgv: Signature made Tue Jun  2 16:12:35 2026 CEST
gpgv:                using DSA key 7C0135FB088AAF6C66C650B9BB5869F064EA74AB
gpgv: Good signature from "Chet Ramey <chet@cwru.edu>"

bash53-011
[GNUPG:] NEWSIG
[GNUPG:] KEY_CONSIDERED 7C0135FB088AAF6C66C650B9BB5869F064EA74AB 0
[GNUPG:] SIG_ID i+rReENxX4FDIbzZ+6uUGSkM+EQ 2026-06-02 1780409562
[GNUPG:] GOODSIG BB5869F064EA74AB Chet Ramey <chet@cwru.edu>
[GNUPG:] NOTATION_NAME manu
[GNUPG:] NOTATION_FLAGS 0 1
[GNUPG:] NOTATION_DATA 2,2.5+1.12,0,3
[GNUPG:] VALIDSIG 7C0135FB088AAF6C66C650B9BB5869F064EA74AB 2026-06-02 1780409562 0 4 0 17 2 00 7C0135FB088AAF6C66C650B9BB5869F064EA74AB
gpgv: Signature made Tue Jun  2 16:12:42 2026 CEST
gpgv:                using DSA key 7C0135FB088AAF6C66C650B9BB5869F064EA74AB
gpgv: Good signature from "Chet Ramey <chet@cwru.edu>"

bash53-012
[GNUPG:] NEWSIG
[GNUPG:] KEY_CONSIDERED 7C0135FB088AAF6C66C650B9BB5869F064EA74AB 0
[GNUPG:] SIG_ID 6Dgf2E0EefUD9Ow03vKx22WlY5Y 2026-06-02 1780409563
[GNUPG:] GOODSIG BB5869F064EA74AB Chet Ramey <chet@cwru.edu>
[GNUPG:] NOTATION_NAME manu
[GNUPG:] NOTATION_FLAGS 0 1
[GNUPG:] NOTATION_DATA 2,2.5+1.12,0,3
[GNUPG:] VALIDSIG 7C0135FB088AAF6C66C650B9BB5869F064EA74AB 2026-06-02 1780409563 0 4 0 17 2 00 7C0135FB088AAF6C66C650B9BB5869F064EA74AB
gpgv: Signature made Tue Jun  2 16:12:43 2026 CEST
gpgv:                using DSA key 7C0135FB088AAF6C66C650B9BB5869F064EA74AB
gpgv: Good signature from "Chet Ramey <chet@cwru.edu>"

bash53-013
[GNUPG:] NEWSIG
[GNUPG:] KEY_CONSIDERED 7C0135FB088AAF6C66C650B9BB5869F064EA74AB 0
[GNUPG:] SIG_ID 3DwKFpiSwbrc8n0RY3pVA7PE8TQ 2026-06-08 1780928394
[GNUPG:] GOODSIG BB5869F064EA74AB Chet Ramey <chet@cwru.edu>
[GNUPG:] NOTATION_NAME manu
[GNUPG:] NOTATION_FLAGS 0 1
[GNUPG:] NOTATION_DATA 2,2.5+1.12,0,3
[GNUPG:] VALIDSIG 7C0135FB088AAF6C66C650B9BB5869F064EA74AB 2026-06-08 1780928394 0 4 0 17 2 00 7C0135FB088AAF6C66C650B9BB5869F064EA74AB
gpgv: Signature made Mon Jun  8 16:19:54 2026 CEST
gpgv:                using DSA key 7C0135FB088AAF6C66C650B9BB5869F064EA74AB
gpgv: Good signature from "Chet Ramey <chet@cwru.edu>"

bash53-014
[GNUPG:] NEWSIG
[GNUPG:] KEY_CONSIDERED 7C0135FB088AAF6C66C650B9BB5869F064EA74AB 0
[GNUPG:] SIG_ID KDddHC+xg8dGGJQ1wAY+fjS+t+Y 2026-06-08 1780928397
[GNUPG:] GOODSIG BB5869F064EA74AB Chet Ramey <chet@cwru.edu>
[GNUPG:] NOTATION_NAME manu
[GNUPG:] NOTATION_FLAGS 0 1
[GNUPG:] NOTATION_DATA 2,2.5+1.12,0,3
[GNUPG:] VALIDSIG 7C0135FB088AAF6C66C650B9BB5869F064EA74AB 2026-06-08 1780928397 0 4 0 17 2 00 7C0135FB088AAF6C66C650B9BB5869F064EA74AB
gpgv: Signature made Mon Jun  8 16:19:57 2026 CEST
gpgv:                using DSA key 7C0135FB088AAF6C66C650B9BB5869F064EA74AB
gpgv: Good signature from "Chet Ramey <chet@cwru.edu>"

bash53-015
[GNUPG:] NEWSIG
[GNUPG:] KEY_CONSIDERED 7C0135FB088AAF6C66C650B9BB5869F064EA74AB 0
[GNUPG:] SIG_ID RLUtZ3zaxxnhrT98fRVFkOur2Lg 2026-06-08 1780928398
[GNUPG:] GOODSIG BB5869F064EA74AB Chet Ramey <chet@cwru.edu>
[GNUPG:] NOTATION_NAME manu
[GNUPG:] NOTATION_FLAGS 0 1
[GNUPG:] NOTATION_DATA 2,2.5+1.12,0,3
[GNUPG:] VALIDSIG 7C0135FB088AAF6C66C650B9BB5869F064EA74AB 2026-06-08 1780928398 0 4 0 17 2 00 7C0135FB088AAF6C66C650B9BB5869F064EA74AB
gpgv: Signature made Mon Jun  8 16:19:58 2026 CEST
gpgv:                using DSA key 7C0135FB088AAF6C66C650B9BB5869F064EA74AB
gpgv: Good signature from "Chet Ramey <chet@cwru.edu>"

bash53-016
[GNUPG:] NEWSIG
[GNUPG:] KEY_CONSIDERED 7C0135FB088AAF6C66C650B9BB5869F064EA74AB 0
[GNUPG:] SIG_ID lXoUDyQwQKXlt0NFNHo9NakZ17Y 2026-09-14 1789397551
[GNUPG:] GOODSIG BB5869F064EA74AB Chet Ramey <chet@cwru.edu>
[GNUPG:] NOTATION_NAME manu
[GNUPG:] NOTATION_FLAGS 0 1
[GNUPG:] NOTATION_DATA 2,2.5+1.12,0,3
[GNUPG:] VALIDSIG 7C0135FB088AAF6C66C650B9BB5869F064EA74AB 2026-09-14 1789397551 0 4 0 17 2 00 7C0135FB088AAF6C66C650B9BB5869F064EA74AB
gpgv: Signature made Mon Sep 14 16:52:31 2026 CEST
gpgv:                using DSA key 7C0135FB088AAF6C66C650B9BB5869F064EA74AB
gpgv: Good signature from "Chet Ramey <chet@cwru.edu>"

bash53-017
[GNUPG:] NEWSIG
[GNUPG:] KEY_CONSIDERED 7C0135FB088AAF6C66C650B9BB5869F064EA74AB 0
[GNUPG:] SIG_ID S+N7OXruqhkHXzCHyIewyrOuzsw 2026-09-14 1789397554
[GNUPG:] GOODSIG BB5869F064EA74AB Chet Ramey <chet@cwru.edu>
[GNUPG:] NOTATION_NAME manu
[GNUPG:] NOTATION_FLAGS 0 1
[GNUPG:] NOTATION_DATA 2,2.5+1.12,0,3
[GNUPG:] VALIDSIG 7C0135FB088AAF6C66C650B9BB5869F064EA74AB 2026-09-14 1789397554 0 4 0 17 2 00 7C0135FB088AAF6C66C650B9BB5869F064EA74AB
gpgv: Signature made Mon Sep 14 16:52:34 2026 CEST
gpgv:                using DSA key 7C0135FB088AAF6C66C650B9BB5869F064EA74AB
gpgv: Good signature from "Chet Ramey <chet@cwru.edu>"

bash53-018
[GNUPG:] NEWSIG
[GNUPG:] KEY_CONSIDERED 7C0135FB088AAF6C66C650B9BB5869F064EA74AB 0
[GNUPG:] SIG_ID iHks0hszCRseHhZctY5J5vyqa2U 2026-09-14 1789397556
[GNUPG:] GOODSIG BB5869F064EA74AB Chet Ramey <chet@cwru.edu>
[GNUPG:] NOTATION_NAME manu
[GNUPG:] NOTATION_FLAGS 0 1
[GNUPG:] NOTATION_DATA 2,2.5+1.12,0,3
[GNUPG:] VALIDSIG 7C0135FB088AAF6C66C650B9BB5869F064EA74AB 2026-09-14 1789397556 0 4 0 17 2 00 7C0135FB088AAF6C66C650B9BB5869F064EA74AB
gpgv: Signature made Mon Sep 14 16:52:36 2026 CEST
gpgv:                using DSA key 7C0135FB088AAF6C66C650B9BB5869F064EA74AB
gpgv: Good signature from "Chet Ramey <chet@cwru.edu>"

bash53-019
[GNUPG:] NEWSIG
[GNUPG:] KEY_CONSIDERED 7C0135FB088AAF6C66C650B9BB5869F064EA74AB 0
[GNUPG:] SIG_ID opinTgoGir+N2FIEh6yBdZ6p4F4 2026-09-14 1789397558
[GNUPG:] GOODSIG BB5869F064EA74AB Chet Ramey <chet@cwru.edu>
[GNUPG:] NOTATION_NAME manu
[GNUPG:] NOTATION_FLAGS 0 1
[GNUPG:] NOTATION_DATA 2,2.5+1.12,0,3
[GNUPG:] VALIDSIG 7C0135FB088AAF6C66C650B9BB5869F064EA74AB 2026-09-14 1789397558 0 4 0 17 2 00 7C0135FB088AAF6C66C650B9BB5869F064EA74AB
gpgv: Signature made Mon Sep 14 16:52:38 2026 CEST
gpgv:                using DSA key 7C0135FB088AAF6C66C650B9BB5869F064EA74AB
gpgv: Good signature from "Chet Ramey <chet@cwru.edu>"

bash53-020
[GNUPG:] NEWSIG
[GNUPG:] KEY_CONSIDERED 7C0135FB088AAF6C66C650B9BB5869F064EA74AB 0
[GNUPG:] SIG_ID LfKv/tNGHmMGHjIc6nqoBsr73ss 2026-09-14 1789397559
[GNUPG:] GOODSIG BB5869F064EA74AB Chet Ramey <chet@cwru.edu>
[GNUPG:] NOTATION_NAME manu
[GNUPG:] NOTATION_FLAGS 0 1
[GNUPG:] NOTATION_DATA 2,2.5+1.12,0,3
[GNUPG:] VALIDSIG 7C0135FB088AAF6C66C650B9BB5869F064EA74AB 2026-09-14 1789397559 0 4 0 17 2 00 7C0135FB088AAF6C66C650B9BB5869F064EA74AB
gpgv: Signature made Mon Sep 14 16:52:39 2026 CEST
gpgv:                using DSA key 7C0135FB088AAF6C66C650B9BB5869F064EA74AB
gpgv: Good signature from "Chet Ramey <chet@cwru.edu>"
