[0.105] Could not move child process into a systemd scope: [Errno 113] Failed to call StartTransientUnit: org.freedesktop.DBus.Error.ServiceUnknown: The name org.freedesktop.systemd1 was not provided by any .service files
[0.170] [glfw error 65544]: process_desktop_settings: failed with error: [org.freedesktop.DBus.Error.ServiceUnknown] The name org.freedesktop.portal.Desktop was not provided by any .service files
[0.170] [glfw error 65544]: Notify: Failed to get server capabilities error: [org.freedesktop.DBus.Error.ServiceUnknown] The name org.freedesktop.Notifications was not provided by any .service files
[0.173] [PARSE ERROR] Unknown OSC escape code: 3008;start=f9c8dd52-9426-4101-adc8-95eacbeaf248;machineid=03484c...
[0.442] [PARSE ERROR] Unknown OSC escape code: 3008;start=f57b2999-6658-4742-9ca8-cfd2b6bc561a;machineid=03484c...
[0.442] [PARSE ERROR] Unknown OSC escape code: 3008;end=f57b2999-6658-4742-9ca8-cfd2b6bc561a;exit=success
[0.455] [PARSE ERROR] Unknown OSC escape code: 3008;start=f9c8dd52-9426-4101-adc8-95eacbeaf248;machineid=03484c...
[0.700] [PARSE ERROR] Unknown OSC escape code: 3008;start=52183aab-5b2e-4686-bb31-b43095d9831a;machineid=03484c...
[0.700] [PARSE ERROR] Unknown OSC escape code: 3008;end=52183aab-5b2e-4686-bb31-b43095d9831a;exit=success
[0.710] [PARSE ERROR] Unknown OSC escape code: 3008;start=f9c8dd52-9426-4101-adc8-95eacbeaf248;machineid=03484c...
[0.918] [PARSE ERROR] Unknown OSC escape code: 3008;start=2051c7eb-0221-4056-b64f-dceb6721eac3;machineid=03484c...
[0.918] [PARSE ERROR] Unknown OSC escape code: 3008;end=2051c7eb-0221-4056-b64f-dceb6721eac3;exit=success
[0.929] [PARSE ERROR] Unknown OSC escape code: 3008;start=f9c8dd52-9426-4101-adc8-95eacbeaf248;machineid=03484c...
[1.058] [PARSE ERROR] Unknown OSC escape code: 3008;start=d534902c-6fe6-4371-b94a-e907f3fee6ed;machineid=03484c...
[1.058] [PARSE ERROR] Unknown OSC escape code: 3008;end=d534902c-6fe6-4371-b94a-e907f3fee6ed;exit=success
[1.069] [PARSE ERROR] Unknown OSC escape code: 3008;start=f9c8dd52-9426-4101-adc8-95eacbeaf248;machineid=03484c...
[1.205] [PARSE ERROR] Unknown OSC escape code: 3008;start=8f793eaf-c5de-4c2e-b5a5-b5d86f83eeac;machineid=03484c...
[1.205] [PARSE ERROR] Unknown OSC escape code: 3008;end=8f793eaf-c5de-4c2e-b5a5-b5d86f83eeac;exit=success
[1.214] [PARSE ERROR] Unknown OSC escape code: 3008;start=f9c8dd52-9426-4101-adc8-95eacbeaf248;machineid=03484c...
[1.380] [PARSE ERROR] Unknown OSC escape code: 3008;start=dc80f098-e57f-44ec-ba2b-05f3edca4f60;machineid=03484c...
[1.380] [PARSE ERROR] Unknown OSC escape code: 3008;end=dc80f098-e57f-44ec-ba2b-05f3edca4f60;exit=success
[1.390] [PARSE ERROR] Unknown OSC escape code: 3008;start=f9c8dd52-9426-4101-adc8-95eacbeaf248;machineid=03484c...
[1.492] [PARSE ERROR] Unknown OSC escape code: 3008;start=5a6a681b-2a1f-4cfc-a206-12cdcb181976;machineid=03484c...
[1.492] [PARSE ERROR] Unknown OSC escape code: 3008;end=5a6a681b-2a1f-4cfc-a206-12cdcb181976;exit=success
[1.503] [PARSE ERROR] Unknown OSC escape code: 3008;start=f9c8dd52-9426-4101-adc8-95eacbeaf248;machineid=03484c...
[1.625] [PARSE ERROR] Unknown OSC escape code: 3008;start=34084488-d5e4-4682-9b4a-55b2d228c436;machineid=03484c...
[1.625] [PARSE ERROR] Unknown OSC escape code: 3008;end=34084488-d5e4-4682-9b4a-55b2d228c436;exit=success
[1.636] [PARSE ERROR] Unknown OSC escape code: 3008;start=f9c8dd52-9426-4101-adc8-95eacbeaf248;machineid=03484c...
[1.794] [PARSE ERROR] Unknown OSC escape code: 3008;start=b3307f6e-9653-430f-af78-96b06fae375a;machineid=03484c...
[1.794] [PARSE ERROR] Unknown OSC escape code: 3008;end=b3307f6e-9653-430f-af78-96b06fae375a;exit=success
[1.805] [PARSE ERROR] Unknown OSC escape code: 3008;start=f9c8dd52-9426-4101-adc8-95eacbeaf248;machineid=03484c...
[1.999] [PARSE ERROR] Unknown OSC escape code: 3008;start=3508e48b-c3c9-48d6-9dce-6d8999aca042;machineid=03484c...
[1.999] [PARSE ERROR] Unknown OSC escape code: 3008;end=3508e48b-c3c9-48d6-9dce-6d8999aca042;exit=success
[2.012] [PARSE ERROR] Unknown OSC escape code: 3008;start=f9c8dd52-9426-4101-adc8-95eacbeaf248;machineid=03484c...
[2.017] [PARSE ERROR] Unknown OSC escape code: 3008;start=4d1fadc4-7e00-44b0-b923-9afd40cd582d;machineid=03484c...
[2.017] [PARSE ERROR] Unknown OSC escape code: 3008;end=4d1fadc4-7e00-44b0-b923-9afd40cd582d;exit=success
[2.028] [PARSE ERROR] Unknown OSC escape code: 3008;start=f9c8dd52-9426-4101-adc8-95eacbeaf248;machineid=03484c...
[2.033] [PARSE ERROR] Unknown OSC escape code: 3008;start=fcb5473b-b25d-4acb-b7de-d00a78a1d18b;machineid=03484c...
[2.033] [PARSE ERROR] Unknown OSC escape code: 3008;end=fcb5473b-b25d-4acb-b7de-d00a78a1d18b;exit=success
[2.044] [PARSE ERROR] Unknown OSC escape code: 3008;start=f9c8dd52-9426-4101-adc8-95eacbeaf248;machineid=03484c...
[2.050] [PARSE ERROR] Unknown OSC escape code: 3008;start=e5f0fec8-c6ca-4db8-a052-7f29abd0185f;machineid=03484c...
[2.050] [PARSE ERROR] Unknown OSC escape code: 3008;end=e5f0fec8-c6ca-4db8-a052-7f29abd0185f;exit=success
[2.061] [PARSE ERROR] Unknown OSC escape code: 3008;start=f9c8dd52-9426-4101-adc8-95eacbeaf248;machineid=03484c...
[2.066] [PARSE ERROR] Unknown OSC escape code: 3008;start=c7c3639a-8f7b-40cc-ac8f-7cd2f780d244;machineid=03484c...
[2.066] [PARSE ERROR] Unknown OSC escape code: 3008;end=c7c3639a-8f7b-40cc-ac8f-7cd2f780d244;exit=success
[2.077] [PARSE ERROR] Unknown OSC escape code: 3008;start=f9c8dd52-9426-4101-adc8-95eacbeaf248;machineid=03484c...
[2.093] [PARSE ERROR] Unknown OSC escape code: 3008;start=389fae10-06bf-4562-a91e-3d84c24846eb;machineid=03484c...
[2.093] [PARSE ERROR] Unknown OSC escape code: 3008;end=389fae10-06bf-4562-a91e-3d84c24846eb;exit=success
[2.093] [PARSE ERROR] Unknown OSC escape code: 3008;start=f9c8dd52-9426-4101-adc8-95eacbeaf248;machineid=03484c...
[2.112] [PARSE ERROR] Unknown OSC escape code: 3008;start=9ad0142f-99b9-4f37-a51b-5055c0adb56b;machineid=03484c...
[2.112] [PARSE ERROR] Unknown OSC escape code: 3008;end=9ad0142f-99b9-4f37-a51b-5055c0adb56b;exit=success
[2.112] [PARSE ERROR] Unknown OSC escape code: 3008;start=f9c8dd52-9426-4101-adc8-95eacbeaf248;machineid=03484c...
[2.117] [PARSE ERROR] Unknown OSC escape code: 3008;start=857b00c3-60ea-48da-b86b-7a25895825bb;machineid=03484c...
[2.117] [PARSE ERROR] Unknown OSC escape code: 3008;end=857b00c3-60ea-48da-b86b-7a25895825bb;exit=success
[2.127] [PARSE ERROR] Unknown OSC escape code: 3008;start=f9c8dd52-9426-4101-adc8-95eacbeaf248;machineid=03484c...
[2.133] [PARSE ERROR] Unknown OSC escape code: 3008;start=78a772cd-c8f2-486d-ba01-cc964fd06305;machineid=03484c...
[2.133] [PARSE ERROR] Unknown OSC escape code: 3008;end=78a772cd-c8f2-486d-ba01-cc964fd06305;exit=success
[2.148] [PARSE ERROR] Unknown OSC escape code: 3008;start=f9c8dd52-9426-4101-adc8-95eacbeaf248;machineid=03484c...
[2.163] [PARSE ERROR] Unknown OSC escape code: 3008;start=3fe64f26-2de6-413e-8785-a6e86763f681;machineid=03484c...
[2.163] [PARSE ERROR] Unknown OSC escape code: 3008;end=3fe64f26-2de6-413e-8785-a6e86763f681;exit=success
[2.163] [PARSE ERROR] Unknown OSC escape code: 3008;start=f9c8dd52-9426-4101-adc8-95eacbeaf248;machineid=03484c...
[2.169] [PARSE ERROR] Unknown OSC escape code: 3008;start=54109ef2-93c6-43bb-8c60-e3b7da3efcbf;machineid=03484c...
[2.169] [PARSE ERROR] Unknown OSC escape code: 3008;end=54109ef2-93c6-43bb-8c60-e3b7da3efcbf;exit=success
[2.179] [PARSE ERROR] Unknown OSC escape code: 3008;start=f9c8dd52-9426-4101-adc8-95eacbeaf248;machineid=03484c...
[2.185] [PARSE ERROR] Unknown OSC escape code: 3008;start=160c5ce5-3b81-4ef6-87c8-a8d9d2441534;machineid=03484c...
[2.185] [PARSE ERROR] Unknown OSC escape code: 3008;end=160c5ce5-3b81-4ef6-87c8-a8d9d2441534;exit=success
[2.194] [PARSE ERROR] Unknown OSC escape code: 3008;start=f9c8dd52-9426-4101-adc8-95eacbeaf248;machineid=03484c...
[2.846] [PARSE ERROR] Unknown OSC escape code: 3008;start=2da7cf4f-d595-4943-a294-ab7f70263e9b;machineid=03484c...
[2.846] [PARSE ERROR] Unknown OSC escape code: 3008;end=2da7cf4f-d595-4943-a294-ab7f70263e9b;exit=success
[2.857] [PARSE ERROR] Unknown OSC escape code: 3008;start=f9c8dd52-9426-4101-adc8-95eacbeaf248;machineid=03484c...
[2.952] Could not move child process into a systemd scope: [Errno 113] Failed to call StartTransientUnit: org.freedesktop.DBus.Error.ServiceUnknown: The name org.freedesktop.systemd1 was not provided by any .service files
[3.158] [PARSE ERROR] Unknown OSC escape code: 3008;start=af7475da-1730-4415-a5b8-a31798f95f20;machineid=03484c...
[3.158] [PARSE ERROR] Unknown OSC escape code: 3008;end=af7475da-1730-4415-a5b8-a31798f95f20;exit=success
[3.163] [PARSE ERROR] Unknown OSC escape code: 3008;start=f9c8dd52-9426-4101-adc8-95eacbeaf248;machineid=03484c...
[3.543] Could not move child process into a systemd scope: [Errno 113] Failed to call StartTransientUnit: org.freedesktop.DBus.Error.ServiceUnknown: The name org.freedesktop.systemd1 was not provided by any .service files
[3.904] [glfw error 65544]: Notify: Failed to create notification error: [org.freedesktop.DBus.Error.ServiceUnknown] The name org.freedesktop.Notifications was not provided by any .service files
[4.294] Could not move child process into a systemd scope: [Errno 113] Failed to call StartTransientUnit: org.freedesktop.DBus.Error.ServiceUnknown: The name org.freedesktop.systemd1 was not provided by any .service files
[5.055] [PARSE ERROR] Unknown OSC escape code: 3008;start=07abf8e1-94eb-4c54-b03b-b4037b9d5957;machineid=03484c...
[5.055] [PARSE ERROR] Unknown OSC escape code: 3008;end=07abf8e1-94eb-4c54-b03b-b4037b9d5957;exit=success
[5.065] [PARSE ERROR] Unknown OSC escape code: 3008;start=f9c8dd52-9426-4101-adc8-95eacbeaf248;machineid=03484c...
[5.202] [PARSE ERROR] Unknown OSC escape code: 3008;start=fb32d438-1af2-4d60-ac4e-0dac8cb6f696;machineid=03484c...
[5.202] [PARSE ERROR] Unknown OSC escape code: 3008;end=fb32d438-1af2-4d60-ac4e-0dac8cb6f696;exit=success
[5.213] [PARSE ERROR] Unknown OSC escape code: 3008;start=f9c8dd52-9426-4101-adc8-95eacbeaf248;machineid=03484c...
[5.576] [PARSE ERROR] Unknown OSC escape code: 3008;start=d3b5da34-8a89-4f58-809f-25d17417b2df;machineid=03484c...
[5.576] [PARSE ERROR] Unknown OSC escape code: 3008;end=d3b5da34-8a89-4f58-809f-25d17417b2df;exit=success
[5.576] [PARSE ERROR] Unknown OSC escape code: 3008;start=f9c8dd52-9426-4101-adc8-95eacbeaf248;machineid=03484c...
[5.854] [PARSE ERROR] Unknown OSC escape code: 3008;start=94f60493-235c-4bca-bdaa-4b2c327dbceb;machineid=03484c...
[5.854] [PARSE ERROR] Unknown OSC escape code: 3008;end=94f60493-235c-4bca-bdaa-4b2c327dbceb;exit=success
[5.864] [PARSE ERROR] Unknown OSC escape code: 3008;start=f9c8dd52-9426-4101-adc8-95eacbeaf248;machineid=03484c...
