[0.107] Could not move child process into a systemd scope: [Errno 113] Failed to call StartTransientUnit: org.freedesktop.DBus.Error.ServiceUnknown: The name org.freedesktop.systemd1 was not provided by any .service files
[0.175] [glfw error 65544]: process_desktop_settings: failed with error: [org.freedesktop.DBus.Error.ServiceUnknown] The name org.freedesktop.portal.Desktop was not provided by any .service files
[0.175] [glfw error 65544]: Notify: Failed to get server capabilities error: [org.freedesktop.DBus.Error.ServiceUnknown] The name org.freedesktop.Notifications was not provided by any .service files
[0.178] [PARSE ERROR] Unknown OSC escape code: 3008;start=bb4532c2-d9d4-48fb-97f5-b73f4bd5e51f;machineid=03484c...
[0.520] [PARSE ERROR] Unknown OSC escape code: 3008;start=e7c21907-40bf-4b4c-bd8a-f5db977dffe6;machineid=03484c...
[0.520] [PARSE ERROR] Unknown OSC escape code: 3008;end=e7c21907-40bf-4b4c-bd8a-f5db977dffe6;exit=success
[0.541] [PARSE ERROR] Unknown OSC escape code: 3008;start=bb4532c2-d9d4-48fb-97f5-b73f4bd5e51f;machineid=03484c...
[0.842] [PARSE ERROR] Unknown OSC escape code: 3008;start=4281770c-a74f-4d39-8295-526c896d9c34;machineid=03484c...
[0.842] [PARSE ERROR] Unknown OSC escape code: 3008;end=4281770c-a74f-4d39-8295-526c896d9c34;exit=success
[0.859] [PARSE ERROR] Unknown OSC escape code: 3008;start=bb4532c2-d9d4-48fb-97f5-b73f4bd5e51f;machineid=03484c...
[1.152] [PARSE ERROR] Unknown OSC escape code: 3008;start=a4faa774-8993-479b-a866-2a7a65cbdbce;machineid=03484c...
[1.152] [PARSE ERROR] Unknown OSC escape code: 3008;end=a4faa774-8993-479b-a866-2a7a65cbdbce;exit=success
[1.176] [PARSE ERROR] Unknown OSC escape code: 3008;start=bb4532c2-d9d4-48fb-97f5-b73f4bd5e51f;machineid=03484c...
[1.371] [PARSE ERROR] Unknown OSC escape code: 3008;start=70224aa6-9a68-4548-ad6b-06d8e950e1ba;machineid=03484c...
[1.371] [PARSE ERROR] Unknown OSC escape code: 3008;end=70224aa6-9a68-4548-ad6b-06d8e950e1ba;exit=success
[1.387] [PARSE ERROR] Unknown OSC escape code: 3008;start=bb4532c2-d9d4-48fb-97f5-b73f4bd5e51f;machineid=03484c...
[1.602] [PARSE ERROR] Unknown OSC escape code: 3008;start=7010f5a3-d2ef-4086-8fc1-c7ca1200e51f;machineid=03484c...
[1.602] [PARSE ERROR] Unknown OSC escape code: 3008;end=7010f5a3-d2ef-4086-8fc1-c7ca1200e51f;exit=success
[1.620] [PARSE ERROR] Unknown OSC escape code: 3008;start=bb4532c2-d9d4-48fb-97f5-b73f4bd5e51f;machineid=03484c...
[1.844] [PARSE ERROR] Unknown OSC escape code: 3008;start=637442b0-7416-49fe-91d3-8ee6c9b3c337;machineid=03484c...
[1.844] [PARSE ERROR] Unknown OSC escape code: 3008;end=637442b0-7416-49fe-91d3-8ee6c9b3c337;exit=success
[1.866] [PARSE ERROR] Unknown OSC escape code: 3008;start=bb4532c2-d9d4-48fb-97f5-b73f4bd5e51f;machineid=03484c...
[2.001] [PARSE ERROR] Unknown OSC escape code: 3008;start=5a553bc2-f9ba-46b8-a412-efa46db51e05;machineid=03484c...
[2.001] [PARSE ERROR] Unknown OSC escape code: 3008;end=5a553bc2-f9ba-46b8-a412-efa46db51e05;exit=success
[2.001] [PARSE ERROR] Unknown OSC escape code: 3008;start=bb4532c2-d9d4-48fb-97f5-b73f4bd5e51f;machineid=03484c...
[2.090] [glfw error 65544]: Notify: Failed to create notification error: [org.freedesktop.DBus.Error.ServiceUnknown] The name org.freedesktop.Notifications was not provided by any .service files
[2.205] [PARSE ERROR] Unknown OSC escape code: 3008;start=f4c73233-0157-49ad-b983-e88b297527a8;machineid=03484c...
[2.205] [PARSE ERROR] Unknown OSC escape code: 3008;end=f4c73233-0157-49ad-b983-e88b297527a8;exit=success
[2.222] [PARSE ERROR] Unknown OSC escape code: 3008;start=bb4532c2-d9d4-48fb-97f5-b73f4bd5e51f;machineid=03484c...
[2.423] [PARSE ERROR] Unknown OSC escape code: 3008;start=4efa62e3-8906-4461-9336-bd302dc85079;machineid=03484c...
[2.443] [PARSE ERROR] Unknown OSC escape code: 3008;end=4efa62e3-8906-4461-9336-bd302dc85079;exit=success
[2.443] [PARSE ERROR] Unknown OSC escape code: 3008;start=bb4532c2-d9d4-48fb-97f5-b73f4bd5e51f;machineid=03484c...
[2.648] [PARSE ERROR] Unknown OSC escape code: 3008;start=8369097e-7f76-47e4-8f4a-fe180be95691;machineid=03484c...
[2.648] [PARSE ERROR] Unknown OSC escape code: 3008;end=8369097e-7f76-47e4-8f4a-fe180be95691;exit=success
[2.665] [PARSE ERROR] Unknown OSC escape code: 3008;start=bb4532c2-d9d4-48fb-97f5-b73f4bd5e51f;machineid=03484c...
[2.669] [PARSE ERROR] Unknown OSC escape code: 3008;start=f5180db6-4eda-4b7b-8e6b-42e209cbeef7;machineid=03484c...
[2.669] [PARSE ERROR] Unknown OSC escape code: 3008;end=f5180db6-4eda-4b7b-8e6b-42e209cbeef7;exit=success
[2.685] [PARSE ERROR] Unknown OSC escape code: 3008;start=bb4532c2-d9d4-48fb-97f5-b73f4bd5e51f;machineid=03484c...
[2.690] [PARSE ERROR] Unknown OSC escape code: 3008;start=0c3ff0e1-8824-49fc-9ff6-b6ab55964ed3;machineid=03484c...
[2.690] [PARSE ERROR] Unknown OSC escape code: 3008;end=0c3ff0e1-8824-49fc-9ff6-b6ab55964ed3;exit=success
[2.708] [PARSE ERROR] Unknown OSC escape code: 3008;start=bb4532c2-d9d4-48fb-97f5-b73f4bd5e51f;machineid=03484c...
[2.712] [PARSE ERROR] Unknown OSC escape code: 3008;start=6b5f93f5-d45f-44fa-8203-bde7a9d9adf9;machineid=03484c...
[2.712] [PARSE ERROR] Unknown OSC escape code: 3008;end=6b5f93f5-d45f-44fa-8203-bde7a9d9adf9;exit=success
[2.728] [PARSE ERROR] Unknown OSC escape code: 3008;start=bb4532c2-d9d4-48fb-97f5-b73f4bd5e51f;machineid=03484c...
[2.728] [PARSE ERROR] Unknown OSC escape code: 3008;start=fd9e58ce-9512-42a6-b27c-089c91a675f4;machineid=03484c...
[2.728] [PARSE ERROR] Unknown OSC escape code: 3008;end=fd9e58ce-9512-42a6-b27c-089c91a675f4;exit=success
[2.728] [PARSE ERROR] Unknown OSC escape code: 3008;start=bb4532c2-d9d4-48fb-97f5-b73f4bd5e51f;machineid=03484c...
[2.755] [PARSE ERROR] Unknown OSC escape code: 3008;start=16b339b1-64ec-4d16-9a95-683e73be0b88;machineid=03484c...
[2.755] [PARSE ERROR] Unknown OSC escape code: 3008;end=16b339b1-64ec-4d16-9a95-683e73be0b88;exit=success
[2.755] [PARSE ERROR] Unknown OSC escape code: 3008;start=bb4532c2-d9d4-48fb-97f5-b73f4bd5e51f;machineid=03484c...
[2.778] [PARSE ERROR] Unknown OSC escape code: 3008;start=352d42fe-f08e-42af-8b7f-f97320a6db65;machineid=03484c...
[2.778] [PARSE ERROR] Unknown OSC escape code: 3008;end=352d42fe-f08e-42af-8b7f-f97320a6db65;exit=success
[2.778] [PARSE ERROR] Unknown OSC escape code: 3008;start=bb4532c2-d9d4-48fb-97f5-b73f4bd5e51f;machineid=03484c...
[2.803] [PARSE ERROR] Unknown OSC escape code: 3008;start=dcc4f480-c1f3-4a44-94bb-9987780510a0;machineid=03484c...
[2.803] [PARSE ERROR] Unknown OSC escape code: 3008;end=dcc4f480-c1f3-4a44-94bb-9987780510a0;exit=success
[2.803] [PARSE ERROR] Unknown OSC escape code: 3008;start=bb4532c2-d9d4-48fb-97f5-b73f4bd5e51f;machineid=03484c...
[2.807] [PARSE ERROR] Unknown OSC escape code: 3008;start=c059843e-20d6-40ed-b48c-749af6d244fb;machineid=03484c...
[2.807] [PARSE ERROR] Unknown OSC escape code: 3008;end=c059843e-20d6-40ed-b48c-749af6d244fb;exit=success
[2.811] [PARSE ERROR] Unknown OSC escape code: 3008;start=bb4532c2-d9d4-48fb-97f5-b73f4bd5e51f;machineid=03484c...
[2.815] [PARSE ERROR] Unknown OSC escape code: 3008;start=ab79e41b-6513-4d3c-a364-fe8a4f2cc795;machineid=03484c...
[2.815] [PARSE ERROR] Unknown OSC escape code: 3008;end=ab79e41b-6513-4d3c-a364-fe8a4f2cc795;exit=success
[2.819] [PARSE ERROR] Unknown OSC escape code: 3008;start=bb4532c2-d9d4-48fb-97f5-b73f4bd5e51f;machineid=03484c...
[2.827] [PARSE ERROR] Unknown OSC escape code: 3008;start=4447576b-1e3e-416d-82be-4782516a8632;machineid=03484c...
[2.827] [PARSE ERROR] Unknown OSC escape code: 3008;end=4447576b-1e3e-416d-82be-4782516a8632;exit=success
[2.844] [PARSE ERROR] Unknown OSC escape code: 3008;start=bb4532c2-d9d4-48fb-97f5-b73f4bd5e51f;machineid=03484c...
[2.849] [PARSE ERROR] Unknown OSC escape code: 3008;start=8e79aab6-444e-41dd-9bc1-275e07b59b26;machineid=03484c...
[2.849] [PARSE ERROR] Unknown OSC escape code: 3008;end=8e79aab6-444e-41dd-9bc1-275e07b59b26;exit=success
[2.853] [PARSE ERROR] Unknown OSC escape code: 3008;start=bb4532c2-d9d4-48fb-97f5-b73f4bd5e51f;machineid=03484c...
[3.581] [PARSE ERROR] Unknown OSC escape code: 3008;start=09842f6c-0573-4050-a3f4-ff1740958fc5;machineid=03484c...
[3.581] [PARSE ERROR] Unknown OSC escape code: 3008;end=09842f6c-0573-4050-a3f4-ff1740958fc5;exit=success
[3.581] [PARSE ERROR] Unknown OSC escape code: 3008;start=bb4532c2-d9d4-48fb-97f5-b73f4bd5e51f;machineid=03484c...
[3.693] Could not move child process into a systemd scope: [Errno 113] Failed to call StartTransientUnit: org.freedesktop.DBus.Error.ServiceUnknown: The name org.freedesktop.systemd1 was not provided by any .service files
[3.924] [PARSE ERROR] Unknown OSC escape code: 3008;start=12836b9f-8427-4a32-a59b-66064b5dcda7;machineid=03484c...
[3.924] [PARSE ERROR] Unknown OSC escape code: 3008;end=12836b9f-8427-4a32-a59b-66064b5dcda7;exit=success
[3.929] [PARSE ERROR] Unknown OSC escape code: 3008;start=bb4532c2-d9d4-48fb-97f5-b73f4bd5e51f;machineid=03484c...
[4.346] Could not move child process into a systemd scope: [Errno 113] Failed to call StartTransientUnit: org.freedesktop.DBus.Error.ServiceUnknown: The name org.freedesktop.systemd1 was not provided by any .service files
[5.361] Could not move child process into a systemd scope: [Errno 113] Failed to call StartTransientUnit: org.freedesktop.DBus.Error.ServiceUnknown: The name org.freedesktop.systemd1 was not provided by any .service files
[6.173] [PARSE ERROR] Unknown OSC escape code: 3008;start=cc18230c-9fee-4f85-93ed-8a24c9c98a1b;machineid=03484c...
[6.173] [PARSE ERROR] Unknown OSC escape code: 3008;end=cc18230c-9fee-4f85-93ed-8a24c9c98a1b;exit=success
[6.173] [PARSE ERROR] Unknown OSC escape code: 3008;start=bb4532c2-d9d4-48fb-97f5-b73f4bd5e51f;machineid=03484c...
[6.370] [PARSE ERROR] Unknown OSC escape code: 3008;start=21029f98-1533-4b93-ac43-ef018eba9dec;machineid=03484c...
[6.370] [PARSE ERROR] Unknown OSC escape code: 3008;end=21029f98-1533-4b93-ac43-ef018eba9dec;exit=success
[6.388] [PARSE ERROR] Unknown OSC escape code: 3008;start=bb4532c2-d9d4-48fb-97f5-b73f4bd5e51f;machineid=03484c...
[6.734] [PARSE ERROR] Unknown OSC escape code: 3008;start=7e5da65d-1b02-4007-a893-ab14cd4b2039;machineid=03484c...
[6.734] [PARSE ERROR] Unknown OSC escape code: 3008;end=7e5da65d-1b02-4007-a893-ab14cd4b2039;exit=success
[6.752] [PARSE ERROR] Unknown OSC escape code: 3008;start=bb4532c2-d9d4-48fb-97f5-b73f4bd5e51f;machineid=03484c...
[7.105] [PARSE ERROR] Unknown OSC escape code: 3008;start=548d41a6-b411-4ad1-9ecc-9f8763ef0e2b;machineid=03484c...
[7.105] [PARSE ERROR] Unknown OSC escape code: 3008;end=548d41a6-b411-4ad1-9ecc-9f8763ef0e2b;exit=success
[7.122] [PARSE ERROR] Unknown OSC escape code: 3008;start=bb4532c2-d9d4-48fb-97f5-b73f4bd5e51f;machineid=03484c...
