[0.322] The output buffer does not support sRGB color encoding, colors will be incorrect.
[0.360] Failed to enable transparency. This happens when your desktop environment does not support compositing.
[0.413] [PARSE ERROR] Unknown OSC escape code: 3008;start=52ea4928-4882-49c4-8901-0479820ad7fc;machineid=03484c...
[0.599] [PARSE ERROR] Unknown OSC escape code: 3008;start=384ec46b-0872-4bfe-87f2-fbb1c753538b;machineid=03484c...
[0.599] [PARSE ERROR] Unknown OSC escape code: 3008;end=384ec46b-0872-4bfe-87f2-fbb1c753538b;exit=success
[0.607] [PARSE ERROR] Unknown OSC escape code: 3008;start=52ea4928-4882-49c4-8901-0479820ad7fc;machineid=03484c...
[0.803] [PARSE ERROR] Unknown OSC escape code: 3008;start=6f12c402-ed0c-42c4-9c33-e5bc972f8588;machineid=03484c...
[0.803] [PARSE ERROR] Unknown OSC escape code: 3008;end=6f12c402-ed0c-42c4-9c33-e5bc972f8588;exit=success
[0.810] [PARSE ERROR] Unknown OSC escape code: 3008;start=52ea4928-4882-49c4-8901-0479820ad7fc;machineid=03484c...
[1.001] [PARSE ERROR] Unknown OSC escape code: 3008;start=d4025e9d-5f71-418a-bebe-2027a40fd918;machineid=03484c...
[1.001] [PARSE ERROR] Unknown OSC escape code: 3008;end=d4025e9d-5f71-418a-bebe-2027a40fd918;exit=success
[1.009] [PARSE ERROR] Unknown OSC escape code: 3008;start=52ea4928-4882-49c4-8901-0479820ad7fc;machineid=03484c...
[1.097] [PARSE ERROR] Unknown OSC escape code: 3008;start=d4f6ab51-d245-4646-8a01-0cc7ae86eac6;machineid=03484c...
[1.097] [PARSE ERROR] Unknown OSC escape code: 3008;end=d4f6ab51-d245-4646-8a01-0cc7ae86eac6;exit=success
[1.097] [PARSE ERROR] Unknown OSC escape code: 3008;start=52ea4928-4882-49c4-8901-0479820ad7fc;machineid=03484c...
[1.214] [PARSE ERROR] Unknown OSC escape code: 3008;start=c6faa926-f35f-483f-83f4-9a33153529ac;machineid=03484c...
[1.214] [PARSE ERROR] Unknown OSC escape code: 3008;end=c6faa926-f35f-483f-83f4-9a33153529ac;exit=success
[1.221] [PARSE ERROR] Unknown OSC escape code: 3008;start=52ea4928-4882-49c4-8901-0479820ad7fc;machineid=03484c...
[1.335] [PARSE ERROR] Unknown OSC escape code: 3008;start=cda1d6d6-bcf7-444c-85a6-295de048005d;machineid=03484c...
[1.335] [PARSE ERROR] Unknown OSC escape code: 3008;end=cda1d6d6-bcf7-444c-85a6-295de048005d;exit=success
[1.343] [PARSE ERROR] Unknown OSC escape code: 3008;start=52ea4928-4882-49c4-8901-0479820ad7fc;machineid=03484c...
[1.446] [PARSE ERROR] Unknown OSC escape code: 3008;start=179b9aff-a04a-43bd-8aa8-f33f6ec144f6;machineid=03484c...
[1.446] [PARSE ERROR] Unknown OSC escape code: 3008;end=179b9aff-a04a-43bd-8aa8-f33f6ec144f6;exit=success
[1.453] [PARSE ERROR] Unknown OSC escape code: 3008;start=52ea4928-4882-49c4-8901-0479820ad7fc;machineid=03484c...
[1.551] [PARSE ERROR] Unknown OSC escape code: 3008;start=7b169ec9-b666-4e77-a90a-e09d95555f72;machineid=03484c...
[1.551] [PARSE ERROR] Unknown OSC escape code: 3008;end=7b169ec9-b666-4e77-a90a-e09d95555f72;exit=success
[1.558] [PARSE ERROR] Unknown OSC escape code: 3008;start=52ea4928-4882-49c4-8901-0479820ad7fc;machineid=03484c...
[1.657] [PARSE ERROR] Unknown OSC escape code: 3008;start=21f82b10-da37-48d2-a641-7419368085d1;machineid=03484c...
[1.657] [PARSE ERROR] Unknown OSC escape code: 3008;end=21f82b10-da37-48d2-a641-7419368085d1;exit=success
[1.665] [PARSE ERROR] Unknown OSC escape code: 3008;start=52ea4928-4882-49c4-8901-0479820ad7fc;machineid=03484c...
[1.835] [PARSE ERROR] Unknown OSC escape code: 3008;start=71ce4e7d-9baf-4fdf-b79c-2160a02e2df0;machineid=03484c...
[1.835] [PARSE ERROR] Unknown OSC escape code: 3008;end=71ce4e7d-9baf-4fdf-b79c-2160a02e2df0;exit=success
[1.842] [PARSE ERROR] Unknown OSC escape code: 3008;start=52ea4928-4882-49c4-8901-0479820ad7fc;machineid=03484c...
[1.863] [PARSE ERROR] Unknown OSC escape code: 3008;start=65b30e39-1395-46a9-822b-3fd5ee515be9;machineid=03484c...
[1.863] [PARSE ERROR] Unknown OSC escape code: 3008;end=65b30e39-1395-46a9-822b-3fd5ee515be9;exit=success
[1.863] [PARSE ERROR] Unknown OSC escape code: 3008;start=52ea4928-4882-49c4-8901-0479820ad7fc;machineid=03484c...
[1.880] [PARSE ERROR] Unknown OSC escape code: 3008;start=75cb6be9-d31d-4b32-8894-e28737f9b675;machineid=03484c...
[1.880] [PARSE ERROR] Unknown OSC escape code: 3008;end=75cb6be9-d31d-4b32-8894-e28737f9b675;exit=success
[1.880] [PARSE ERROR] Unknown OSC escape code: 3008;start=52ea4928-4882-49c4-8901-0479820ad7fc;machineid=03484c...
[1.891] [PARSE ERROR] Unknown OSC escape code: 3008;start=0bc49408-5733-4376-a36c-8be5ceaad8d2;machineid=03484c...
[1.891] [PARSE ERROR] Unknown OSC escape code: 3008;end=0bc49408-5733-4376-a36c-8be5ceaad8d2;exit=success
[1.898] [PARSE ERROR] Unknown OSC escape code: 3008;start=52ea4928-4882-49c4-8901-0479820ad7fc;machineid=03484c...
[1.906] [PARSE ERROR] Unknown OSC escape code: 3008;start=0a587b6d-f898-4294-97ce-81160a0fc250;machineid=03484c...
[1.906] [PARSE ERROR] Unknown OSC escape code: 3008;end=0a587b6d-f898-4294-97ce-81160a0fc250;exit=success
[1.906] [PARSE ERROR] Unknown OSC escape code: 3008;start=52ea4928-4882-49c4-8901-0479820ad7fc;machineid=03484c...
[1.917] [PARSE ERROR] Unknown OSC escape code: 3008;start=8ecba7f0-e846-48a6-aecb-f8c3b227296b;machineid=03484c...
[1.917] [PARSE ERROR] Unknown OSC escape code: 3008;end=8ecba7f0-e846-48a6-aecb-f8c3b227296b;exit=success
[1.925] [PARSE ERROR] Unknown OSC escape code: 3008;start=52ea4928-4882-49c4-8901-0479820ad7fc;machineid=03484c...
[1.938] [PARSE ERROR] Unknown OSC escape code: 3008;start=38ca2119-5281-4a7a-9400-14d4a7036359;machineid=03484c...
[1.938] [PARSE ERROR] Unknown OSC escape code: 3008;end=38ca2119-5281-4a7a-9400-14d4a7036359;exit=success
[1.938] [PARSE ERROR] Unknown OSC escape code: 3008;start=52ea4928-4882-49c4-8901-0479820ad7fc;machineid=03484c...
[1.950] [PARSE ERROR] Unknown OSC escape code: 3008;start=36a9255a-92fd-4311-9b47-d31779dc6ff5;machineid=03484c...
[1.950] [PARSE ERROR] Unknown OSC escape code: 3008;end=36a9255a-92fd-4311-9b47-d31779dc6ff5;exit=success
[1.958] [PARSE ERROR] Unknown OSC escape code: 3008;start=52ea4928-4882-49c4-8901-0479820ad7fc;machineid=03484c...
[1.965] [PARSE ERROR] Unknown OSC escape code: 3008;start=6e7481be-dcb4-417a-adad-4b3df9cc788e;machineid=03484c...
[1.965] [PARSE ERROR] Unknown OSC escape code: 3008;end=6e7481be-dcb4-417a-adad-4b3df9cc788e;exit=success
[1.965] [PARSE ERROR] Unknown OSC escape code: 3008;start=52ea4928-4882-49c4-8901-0479820ad7fc;machineid=03484c...
[1.975] [PARSE ERROR] Unknown OSC escape code: 3008;start=3a41b84f-a2e9-4bc1-923f-6255eb481d9e;machineid=03484c...
[1.975] [PARSE ERROR] Unknown OSC escape code: 3008;end=3a41b84f-a2e9-4bc1-923f-6255eb481d9e;exit=success
[1.983] [PARSE ERROR] Unknown OSC escape code: 3008;start=52ea4928-4882-49c4-8901-0479820ad7fc;machineid=03484c...
[1.991] [PARSE ERROR] Unknown OSC escape code: 3008;start=19a48587-b801-4a10-a2c4-4be3f3dc5bc9;machineid=03484c...
[1.991] [PARSE ERROR] Unknown OSC escape code: 3008;end=19a48587-b801-4a10-a2c4-4be3f3dc5bc9;exit=success
[1.991] [PARSE ERROR] Unknown OSC escape code: 3008;start=52ea4928-4882-49c4-8901-0479820ad7fc;machineid=03484c...
[2.001] [PARSE ERROR] Unknown OSC escape code: 3008;start=8f696ed2-40bb-430e-a72b-a26cc14d4e6e;machineid=03484c...
[2.001] [PARSE ERROR] Unknown OSC escape code: 3008;end=8f696ed2-40bb-430e-a72b-a26cc14d4e6e;exit=success
[2.007] [PARSE ERROR] Unknown OSC escape code: 3008;start=52ea4928-4882-49c4-8901-0479820ad7fc;machineid=03484c...
[2.667] [PARSE ERROR] Unknown OSC escape code: 3008;start=c85da880-3e20-4d1e-a6d3-7c6c0ef0665c;machineid=03484c...
[2.667] [PARSE ERROR] Unknown OSC escape code: 3008;end=c85da880-3e20-4d1e-a6d3-7c6c0ef0665c;exit=success
[2.674] [PARSE ERROR] Unknown OSC escape code: 3008;start=52ea4928-4882-49c4-8901-0479820ad7fc;machineid=03484c...
[2.923] [PARSE ERROR] Unknown OSC escape code: 3008;start=bc1a126d-0af8-4543-841c-17fa68a18663;machineid=03484c...
[2.923] [PARSE ERROR] Unknown OSC escape code: 3008;end=bc1a126d-0af8-4543-841c-17fa68a18663;exit=success
[2.930] [PARSE ERROR] Unknown OSC escape code: 3008;start=52ea4928-4882-49c4-8901-0479820ad7fc;machineid=03484c...
[4.344] [PARSE ERROR] Unknown OSC escape code: 3008;start=fad4ee65-2d33-4384-b2ff-be25ec9c6b9b;machineid=03484c...
[4.344] [PARSE ERROR] Unknown OSC escape code: 3008;end=fad4ee65-2d33-4384-b2ff-be25ec9c6b9b;exit=success
[4.344] [PARSE ERROR] Unknown OSC escape code: 3008;start=52ea4928-4882-49c4-8901-0479820ad7fc;machineid=03484c...
[4.545] [PARSE ERROR] Unknown OSC escape code: 3008;start=993e750d-6c94-419b-95b2-2fae7af5c6df;machineid=03484c...
[4.545] [PARSE ERROR] Unknown OSC escape code: 3008;end=993e750d-6c94-419b-95b2-2fae7af5c6df;exit=success
[4.552] [PARSE ERROR] Unknown OSC escape code: 3008;start=52ea4928-4882-49c4-8901-0479820ad7fc;machineid=03484c...
[4.918] [PARSE ERROR] Unknown OSC escape code: 3008;start=af1d2e4c-e04a-4098-ad68-362a3abb60cb;machineid=03484c...
[4.918] [PARSE ERROR] Unknown OSC escape code: 3008;end=af1d2e4c-e04a-4098-ad68-362a3abb60cb;exit=success
[4.918] [PARSE ERROR] Unknown OSC escape code: 3008;start=52ea4928-4882-49c4-8901-0479820ad7fc;machineid=03484c...
[5.221] [PARSE ERROR] Unknown OSC escape code: 3008;start=c1ac8293-a720-4d70-8f60-122c599c3b58;machineid=03484c...
[5.221] [PARSE ERROR] Unknown OSC escape code: 3008;end=c1ac8293-a720-4d70-8f60-122c599c3b58;exit=success
[5.228] [PARSE ERROR] Unknown OSC escape code: 3008;start=52ea4928-4882-49c4-8901-0479820ad7fc;machineid=03484c...
