[0.100] Could not move child process into a systemd scope: [Errno 113] Failed to call StartTransientUnit: org.freedesktop.DBus.Error.ServiceUnknown: The name org.freedesktop.systemd1 was not provided by any .service files
[0.172] [glfw error 65544]: process_desktop_settings: failed with error: [org.freedesktop.DBus.Error.ServiceUnknown] The name org.freedesktop.portal.Desktop was not provided by any .service files
[0.172] [glfw error 65544]: Notify: Failed to get server capabilities error: [org.freedesktop.DBus.Error.ServiceUnknown] The name org.freedesktop.Notifications was not provided by any .service files
[0.175] [PARSE ERROR] Unknown OSC escape code: 3008;[profile metadata redacted]
[0.428] [PARSE ERROR] Unknown OSC escape code: 3008;[profile metadata redacted]
[0.428] [PARSE ERROR] Unknown OSC escape code: 3008;[profile metadata redacted]
[0.428] [PARSE ERROR] Unknown OSC escape code: 3008;[profile metadata redacted]
[0.733] [PARSE ERROR] Unknown OSC escape code: 3008;[profile metadata redacted]
[0.733] [PARSE ERROR] Unknown OSC escape code: 3008;[profile metadata redacted]
[0.750] [PARSE ERROR] Unknown OSC escape code: 3008;[profile metadata redacted]
[1.031] [PARSE ERROR] Unknown OSC escape code: 3008;[profile metadata redacted]
[1.031] [PARSE ERROR] Unknown OSC escape code: 3008;[profile metadata redacted]
[1.056] [PARSE ERROR] Unknown OSC escape code: 3008;[profile metadata redacted]
[1.251] [PARSE ERROR] Unknown OSC escape code: 3008;[profile metadata redacted]
[1.251] [PARSE ERROR] Unknown OSC escape code: 3008;[profile metadata redacted]
[1.268] [PARSE ERROR] Unknown OSC escape code: 3008;[profile metadata redacted]
[1.485] [PARSE ERROR] Unknown OSC escape code: 3008;[profile metadata redacted]
[1.485] [PARSE ERROR] Unknown OSC escape code: 3008;[profile metadata redacted]
[1.502] [PARSE ERROR] Unknown OSC escape code: 3008;[profile metadata redacted]
[1.701] [PARSE ERROR] Unknown OSC escape code: 3008;[profile metadata redacted]
[1.701] [PARSE ERROR] Unknown OSC escape code: 3008;[profile metadata redacted]
[1.711] [PARSE ERROR] Unknown OSC escape code: 3008;[profile metadata redacted]
[1.786] [PARSE ERROR] Unknown OSC escape code: 3008;[profile metadata redacted]
[1.786] [PARSE ERROR] Unknown OSC escape code: 3008;[profile metadata redacted]
[1.794] [PARSE ERROR] Unknown OSC escape code: 3008;[profile metadata redacted]
[2.008] [PARSE ERROR] Unknown OSC escape code: 3008;[profile metadata redacted]
[2.008] [PARSE ERROR] Unknown OSC escape code: 3008;[profile metadata redacted]
[2.026] [PARSE ERROR] Unknown OSC escape code: 3008;[profile metadata redacted]
[2.207] [glfw error 65544]: Notify: Failed to create notification error: [org.freedesktop.DBus.Error.ServiceUnknown] The name org.freedesktop.Notifications was not provided by any .service files
[2.217] [PARSE ERROR] Unknown OSC escape code: 3008;[profile metadata redacted]
[2.217] [PARSE ERROR] Unknown OSC escape code: 3008;[profile metadata redacted]
[2.224] [PARSE ERROR] Unknown OSC escape code: 3008;[profile metadata redacted]
[2.443] [PARSE ERROR] Unknown OSC escape code: 3008;[profile metadata redacted]
[2.443] [PARSE ERROR] Unknown OSC escape code: 3008;[profile metadata redacted]
[2.443] [PARSE ERROR] Unknown OSC escape code: 3008;[profile metadata redacted]
[2.452] [PARSE ERROR] Unknown OSC escape code: 3008;[profile metadata redacted]
[2.452] [PARSE ERROR] Unknown OSC escape code: 3008;[profile metadata redacted]
[2.452] [PARSE ERROR] Unknown OSC escape code: 3008;[profile metadata redacted]
[2.482] [PARSE ERROR] Unknown OSC escape code: 3008;[profile metadata redacted]
[2.482] [PARSE ERROR] Unknown OSC escape code: 3008;[profile metadata redacted]
[2.482] [PARSE ERROR] Unknown OSC escape code: 3008;[profile metadata redacted]
[2.487] [PARSE ERROR] Unknown OSC escape code: 3008;[profile metadata redacted]
[2.487] [PARSE ERROR] Unknown OSC escape code: 3008;[profile metadata redacted]
[2.487] [PARSE ERROR] Unknown OSC escape code: 3008;[profile metadata redacted]
[2.511] [PARSE ERROR] Unknown OSC escape code: 3008;[profile metadata redacted]
[2.511] [PARSE ERROR] Unknown OSC escape code: 3008;[profile metadata redacted]
[2.534] [PARSE ERROR] Unknown OSC escape code: 3008;[profile metadata redacted]
[2.539] [PARSE ERROR] Unknown OSC escape code: 3008;[profile metadata redacted]
[2.539] [PARSE ERROR] Unknown OSC escape code: 3008;[profile metadata redacted]
[2.543] [PARSE ERROR] Unknown OSC escape code: 3008;[profile metadata redacted]
[2.547] [PARSE ERROR] Unknown OSC escape code: 3008;[profile metadata redacted]
[2.547] [PARSE ERROR] Unknown OSC escape code: 3008;[profile metadata redacted]
[2.547] [PARSE ERROR] Unknown OSC escape code: 3008;[profile metadata redacted]
[2.557] [PARSE ERROR] Unknown OSC escape code: 3008;[profile metadata redacted]
[2.557] [PARSE ERROR] Unknown OSC escape code: 3008;[profile metadata redacted]
[2.579] [PARSE ERROR] Unknown OSC escape code: 3008;[profile metadata redacted]
[2.583] [PARSE ERROR] Unknown OSC escape code: 3008;[profile metadata redacted]
[2.583] [PARSE ERROR] Unknown OSC escape code: 3008;[profile metadata redacted]
[2.587] [PARSE ERROR] Unknown OSC escape code: 3008;[profile metadata redacted]
[2.591] [PARSE ERROR] Unknown OSC escape code: 3008;[profile metadata redacted]
[2.591] [PARSE ERROR] Unknown OSC escape code: 3008;[profile metadata redacted]
[2.591] [PARSE ERROR] Unknown OSC escape code: 3008;[profile metadata redacted]
[2.623] [PARSE ERROR] Unknown OSC escape code: 3008;[profile metadata redacted]
[2.623] [PARSE ERROR] Unknown OSC escape code: 3008;[profile metadata redacted]
[2.623] [PARSE ERROR] Unknown OSC escape code: 3008;[profile metadata redacted]
[2.627] [PARSE ERROR] Unknown OSC escape code: 3008;[profile metadata redacted]
[2.627] [PARSE ERROR] Unknown OSC escape code: 3008;[profile metadata redacted]
[2.642] [PARSE ERROR] Unknown OSC escape code: 3008;[profile metadata redacted]
[3.226] [PARSE ERROR] Unknown OSC escape code: 3008;[profile metadata redacted]
[3.226] [PARSE ERROR] Unknown OSC escape code: 3008;[profile metadata redacted]
[3.233] [PARSE ERROR] Unknown OSC escape code: 3008;[profile metadata redacted]
[3.339] Could not move child process into a systemd scope: [Errno 113] Failed to call StartTransientUnit: org.freedesktop.DBus.Error.ServiceUnknown: The name org.freedesktop.systemd1 was not provided by any .service files
[3.585] [PARSE ERROR] Unknown OSC escape code: 3008;[profile metadata redacted]
[3.585] [PARSE ERROR] Unknown OSC escape code: 3008;[profile metadata redacted]
[3.590] [PARSE ERROR] Unknown OSC escape code: 3008;[profile metadata redacted]
[4.004] Could not move child process into a systemd scope: [Errno 113] Failed to call StartTransientUnit: org.freedesktop.DBus.Error.ServiceUnknown: The name org.freedesktop.systemd1 was not provided by any .service files
[5.091] Could not move child process into a systemd scope: [Errno 113] Failed to call StartTransientUnit: org.freedesktop.DBus.Error.ServiceUnknown: The name org.freedesktop.systemd1 was not provided by any .service files
[5.824] [PARSE ERROR] Unknown OSC escape code: 3008;[profile metadata redacted]
[5.824] [PARSE ERROR] Unknown OSC escape code: 3008;[profile metadata redacted]
[5.824] [PARSE ERROR] Unknown OSC escape code: 3008;[profile metadata redacted]
[6.036] [PARSE ERROR] Unknown OSC escape code: 3008;[profile metadata redacted]
[6.036] [PARSE ERROR] Unknown OSC escape code: 3008;[profile metadata redacted]
[6.053] [PARSE ERROR] Unknown OSC escape code: 3008;[profile metadata redacted]
[6.403] [PARSE ERROR] Unknown OSC escape code: 3008;[profile metadata redacted]
[6.403] [PARSE ERROR] Unknown OSC escape code: 3008;[profile metadata redacted]
[6.420] [PARSE ERROR] Unknown OSC escape code: 3008;[profile metadata redacted]
[6.779] [PARSE ERROR] Unknown OSC escape code: 3008;[profile metadata redacted]
[6.779] [PARSE ERROR] Unknown OSC escape code: 3008;[profile metadata redacted]
[6.797] [PARSE ERROR] Unknown OSC escape code: 3008;[profile metadata redacted]
