[0.107] Could not move child process into a systemd scope: [Errno 113] Failed to call StartTransientUnit: org.freedesktop.DBus.Error.ServiceUnknown: The name org.freedesktop.systemd1 was not provided by any .service files
[0.178] [glfw error 65544]: process_desktop_settings: failed with error: [org.freedesktop.DBus.Error.ServiceUnknown] The name org.freedesktop.portal.Desktop was not provided by any .service files
[0.178] [glfw error 65544]: Notify: Failed to get server capabilities error: [org.freedesktop.DBus.Error.ServiceUnknown] The name org.freedesktop.Notifications was not provided by any .service files
[0.181] [PARSE ERROR] Unknown OSC escape code: 3008;start=5ab06eae-ed7a-4041-afcd-b938df03ea57;machineid=03484c...
[0.491] [PARSE ERROR] Unknown OSC escape code: 3008;start=1e75a0c8-f0f9-433a-abda-e9fd58bc71ae;machineid=03484c...
[0.491] [PARSE ERROR] Unknown OSC escape code: 3008;end=1e75a0c8-f0f9-433a-abda-e9fd58bc71ae;exit=success
[0.508] [PARSE ERROR] Unknown OSC escape code: 3008;start=5ab06eae-ed7a-4041-afcd-b938df03ea57;machineid=03484c...
[0.836] [PARSE ERROR] Unknown OSC escape code: 3008;start=440a073b-19ff-4a75-a488-63877c188e11;machineid=03484c...
[0.836] [PARSE ERROR] Unknown OSC escape code: 3008;end=440a073b-19ff-4a75-a488-63877c188e11;exit=success
[0.859] [PARSE ERROR] Unknown OSC escape code: 3008;start=5ab06eae-ed7a-4041-afcd-b938df03ea57;machineid=03484c...
[1.142] [PARSE ERROR] Unknown OSC escape code: 3008;start=fb88d01f-8512-4c3b-a7a0-b5d92b9f7b36;machineid=03484c...
[1.142] [PARSE ERROR] Unknown OSC escape code: 3008;end=fb88d01f-8512-4c3b-a7a0-b5d92b9f7b36;exit=success
[1.158] [PARSE ERROR] Unknown OSC escape code: 3008;start=5ab06eae-ed7a-4041-afcd-b938df03ea57;machineid=03484c...
[1.359] [PARSE ERROR] Unknown OSC escape code: 3008;start=7942fa83-8db8-4421-9614-c7d0a0cd6a3b;machineid=03484c...
[1.360] [PARSE ERROR] Unknown OSC escape code: 3008;end=7942fa83-8db8-4421-9614-c7d0a0cd6a3b;exit=success
[1.376] [PARSE ERROR] Unknown OSC escape code: 3008;start=5ab06eae-ed7a-4041-afcd-b938df03ea57;machineid=03484c...
[1.592] [PARSE ERROR] Unknown OSC escape code: 3008;start=581916cc-60a3-4bec-80c3-139427ddd135;machineid=03484c...
[1.592] [PARSE ERROR] Unknown OSC escape code: 3008;end=581916cc-60a3-4bec-80c3-139427ddd135;exit=success
[1.608] [PARSE ERROR] Unknown OSC escape code: 3008;start=5ab06eae-ed7a-4041-afcd-b938df03ea57;machineid=03484c...
[1.792] [PARSE ERROR] Unknown OSC escape code: 3008;start=178975e3-134a-4191-91d2-4c06e6c70dd7;machineid=03484c...
[1.792] [PARSE ERROR] Unknown OSC escape code: 3008;end=178975e3-134a-4191-91d2-4c06e6c70dd7;exit=success
[1.809] [PARSE ERROR] Unknown OSC escape code: 3008;start=5ab06eae-ed7a-4041-afcd-b938df03ea57;machineid=03484c...
[1.913] [PARSE ERROR] Unknown OSC escape code: 3008;start=e0b54e85-7558-4ae5-a631-3a632a53c829;machineid=03484c...
[1.913] [PARSE ERROR] Unknown OSC escape code: 3008;end=e0b54e85-7558-4ae5-a631-3a632a53c829;exit=success
[1.930] [PARSE ERROR] Unknown OSC escape code: 3008;start=5ab06eae-ed7a-4041-afcd-b938df03ea57;machineid=03484c...
[2.129] [PARSE ERROR] Unknown OSC escape code: 3008;start=129fb074-e194-48d9-a8e4-d9cb8943d9b1;machineid=03484c...
[2.129] [PARSE ERROR] Unknown OSC escape code: 3008;end=129fb074-e194-48d9-a8e4-d9cb8943d9b1;exit=success
[2.146] [PARSE ERROR] Unknown OSC escape code: 3008;start=5ab06eae-ed7a-4041-afcd-b938df03ea57;machineid=03484c...
[2.346] [PARSE ERROR] Unknown OSC escape code: 3008;start=38ee608a-6474-4bc1-b65a-95100fc9106a;machineid=03484c...
[2.347] [PARSE ERROR] Unknown OSC escape code: 3008;end=38ee608a-6474-4bc1-b65a-95100fc9106a;exit=success
[2.364] [PARSE ERROR] Unknown OSC escape code: 3008;start=5ab06eae-ed7a-4041-afcd-b938df03ea57;machineid=03484c...
[2.565] [PARSE ERROR] Unknown OSC escape code: 3008;start=cae24aeb-c90a-4ebe-9be3-03bc9810ddd7;machineid=03484c...
[2.565] [PARSE ERROR] Unknown OSC escape code: 3008;end=cae24aeb-c90a-4ebe-9be3-03bc9810ddd7;exit=success
[2.580] [PARSE ERROR] Unknown OSC escape code: 3008;start=5ab06eae-ed7a-4041-afcd-b938df03ea57;machineid=03484c...
[2.584] [PARSE ERROR] Unknown OSC escape code: 3008;start=f99eb98d-d30d-49ec-8fe5-405787c15d83;machineid=03484c...
[2.584] [PARSE ERROR] Unknown OSC escape code: 3008;end=f99eb98d-d30d-49ec-8fe5-405787c15d83;exit=success
[2.600] [PARSE ERROR] Unknown OSC escape code: 3008;start=5ab06eae-ed7a-4041-afcd-b938df03ea57;machineid=03484c...
[2.604] [PARSE ERROR] Unknown OSC escape code: 3008;start=ae5a40d6-5f13-4840-8214-95d1f3d587eb;machineid=03484c...
[2.604] [PARSE ERROR] Unknown OSC escape code: 3008;end=ae5a40d6-5f13-4840-8214-95d1f3d587eb;exit=success
[2.620] [PARSE ERROR] Unknown OSC escape code: 3008;start=5ab06eae-ed7a-4041-afcd-b938df03ea57;machineid=03484c...
[2.624] [PARSE ERROR] Unknown OSC escape code: 3008;start=129c0ca4-6484-4edf-9795-862ca752fff1;machineid=03484c...
[2.624] [PARSE ERROR] Unknown OSC escape code: 3008;end=129c0ca4-6484-4edf-9795-862ca752fff1;exit=success
[2.641] [PARSE ERROR] Unknown OSC escape code: 3008;start=5ab06eae-ed7a-4041-afcd-b938df03ea57;machineid=03484c...
[2.645] [PARSE ERROR] Unknown OSC escape code: 3008;start=22ce95ae-d20f-4637-a905-beca47ddbe6d;machineid=03484c...
[2.645] [PARSE ERROR] Unknown OSC escape code: 3008;end=22ce95ae-d20f-4637-a905-beca47ddbe6d;exit=success
[2.661] [PARSE ERROR] Unknown OSC escape code: 3008;start=5ab06eae-ed7a-4041-afcd-b938df03ea57;machineid=03484c...
[2.665] [PARSE ERROR] Unknown OSC escape code: 3008;start=7878a69f-ed0d-413a-9eb6-e1c94719b2e3;machineid=03484c...
[2.665] [PARSE ERROR] Unknown OSC escape code: 3008;end=7878a69f-ed0d-413a-9eb6-e1c94719b2e3;exit=success
[2.681] [PARSE ERROR] Unknown OSC escape code: 3008;start=5ab06eae-ed7a-4041-afcd-b938df03ea57;machineid=03484c...
[2.681] [PARSE ERROR] Unknown OSC escape code: 3008;start=401ff626-7288-4ac0-9713-fafd998d52e6;machineid=03484c...
[2.681] [PARSE ERROR] Unknown OSC escape code: 3008;end=401ff626-7288-4ac0-9713-fafd998d52e6;exit=success
[2.681] [PARSE ERROR] Unknown OSC escape code: 3008;start=5ab06eae-ed7a-4041-afcd-b938df03ea57;machineid=03484c...
[2.685] [PARSE ERROR] Unknown OSC escape code: 3008;start=e4a10c57-9d2f-4b97-8ddf-bc6e7174005a;machineid=03484c...
[2.685] [PARSE ERROR] Unknown OSC escape code: 3008;end=e4a10c57-9d2f-4b97-8ddf-bc6e7174005a;exit=success
[2.702] [PARSE ERROR] Unknown OSC escape code: 3008;start=5ab06eae-ed7a-4041-afcd-b938df03ea57;machineid=03484c...
[2.707] [PARSE ERROR] Unknown OSC escape code: 3008;start=e0bf958c-8ddf-4026-86b4-183dbe40428d;machineid=03484c...
[2.707] [PARSE ERROR] Unknown OSC escape code: 3008;end=e0bf958c-8ddf-4026-86b4-183dbe40428d;exit=success
[2.723] [PARSE ERROR] Unknown OSC escape code: 3008;start=5ab06eae-ed7a-4041-afcd-b938df03ea57;machineid=03484c...
[2.727] [PARSE ERROR] Unknown OSC escape code: 3008;start=6a50a578-2610-4df9-ba2d-6d998d764d5f;machineid=03484c...
[2.727] [PARSE ERROR] Unknown OSC escape code: 3008;end=6a50a578-2610-4df9-ba2d-6d998d764d5f;exit=success
[2.731] [PARSE ERROR] Unknown OSC escape code: 3008;start=5ab06eae-ed7a-4041-afcd-b938df03ea57;machineid=03484c...
[2.739] [PARSE ERROR] Unknown OSC escape code: 3008;start=c581f632-f89b-4d94-bb03-6fd0953575e8;machineid=03484c...
[2.739] [PARSE ERROR] Unknown OSC escape code: 3008;end=c581f632-f89b-4d94-bb03-6fd0953575e8;exit=success
[2.744] [PARSE ERROR] Unknown OSC escape code: 3008;start=5ab06eae-ed7a-4041-afcd-b938df03ea57;machineid=03484c...
[2.764] [PARSE ERROR] Unknown OSC escape code: 3008;start=2b66b77b-bca2-4714-8ab3-892874e42f71;machineid=03484c...
[2.764] [PARSE ERROR] Unknown OSC escape code: 3008;end=2b66b77b-bca2-4714-8ab3-892874e42f71;exit=success
[2.779] [PARSE ERROR] Unknown OSC escape code: 3008;start=5ab06eae-ed7a-4041-afcd-b938df03ea57;machineid=03484c...
[3.463] [PARSE ERROR] Unknown OSC escape code: 3008;start=18e5b40c-80b8-4105-a159-d6a3fe704db3;machineid=03484c...
[3.463] [PARSE ERROR] Unknown OSC escape code: 3008;end=18e5b40c-80b8-4105-a159-d6a3fe704db3;exit=success
[3.463] [PARSE ERROR] Unknown OSC escape code: 3008;start=5ab06eae-ed7a-4041-afcd-b938df03ea57;machineid=03484c...
[3.564] Could not move child process into a systemd scope: [Errno 113] Failed to call StartTransientUnit: org.freedesktop.DBus.Error.ServiceUnknown: The name org.freedesktop.systemd1 was not provided by any .service files
[3.812] [PARSE ERROR] Unknown OSC escape code: 3008;start=69d7d684-f163-4d6b-b35c-02716119533a;machineid=03484c...
[3.812] [PARSE ERROR] Unknown OSC escape code: 3008;end=69d7d684-f163-4d6b-b35c-02716119533a;exit=success
[3.816] [PARSE ERROR] Unknown OSC escape code: 3008;start=5ab06eae-ed7a-4041-afcd-b938df03ea57;machineid=03484c...
[4.168] [glfw error 65544]: Notify: Failed to create notification error: [org.freedesktop.DBus.Error.ServiceUnknown] The name org.freedesktop.Notifications was not provided by any .service files
[4.232] Could not move child process into a systemd scope: [Errno 113] Failed to call StartTransientUnit: org.freedesktop.DBus.Error.ServiceUnknown: The name org.freedesktop.systemd1 was not provided by any .service files
[5.257] Could not move child process into a systemd scope: [Errno 113] Failed to call StartTransientUnit: org.freedesktop.DBus.Error.ServiceUnknown: The name org.freedesktop.systemd1 was not provided by any .service files
[6.034] [PARSE ERROR] Unknown OSC escape code: 3008;start=714f33e7-cba9-422f-a319-6c0b4c1b2e1b;machineid=03484c...
[6.034] [PARSE ERROR] Unknown OSC escape code: 3008;end=714f33e7-cba9-422f-a319-6c0b4c1b2e1b;exit=success
[6.034] [PARSE ERROR] Unknown OSC escape code: 3008;start=5ab06eae-ed7a-4041-afcd-b938df03ea57;machineid=03484c...
[6.237] [PARSE ERROR] Unknown OSC escape code: 3008;start=62877fde-87e5-48b0-b395-42c9f09dac7c;machineid=03484c...
[6.237] [PARSE ERROR] Unknown OSC escape code: 3008;end=62877fde-87e5-48b0-b395-42c9f09dac7c;exit=success
[6.251] [PARSE ERROR] Unknown OSC escape code: 3008;start=5ab06eae-ed7a-4041-afcd-b938df03ea57;machineid=03484c...
[6.599] [PARSE ERROR] Unknown OSC escape code: 3008;start=a681272f-9593-4162-983e-3e5e9d6212fa;machineid=03484c...
[6.599] [PARSE ERROR] Unknown OSC escape code: 3008;end=a681272f-9593-4162-983e-3e5e9d6212fa;exit=success
[6.615] [PARSE ERROR] Unknown OSC escape code: 3008;start=5ab06eae-ed7a-4041-afcd-b938df03ea57;machineid=03484c...
[6.943] [PARSE ERROR] Unknown OSC escape code: 3008;start=7e6eef69-4fbb-4d0c-b11a-cd353e8c0525;machineid=03484c...
[6.943] [PARSE ERROR] Unknown OSC escape code: 3008;end=7e6eef69-4fbb-4d0c-b11a-cd353e8c0525;exit=success
[6.962] [PARSE ERROR] Unknown OSC escape code: 3008;start=5ab06eae-ed7a-4041-afcd-b938df03ea57;machineid=03484c...
