[0.286] The output buffer does not support sRGB color encoding, colors will be incorrect.
[0.287] Failed to enable transparency. This happens when your desktop environment does not support compositing.
[0.340] [PARSE ERROR] Unknown OSC escape code: 3008;start=3938ad41-2ffe-4802-a952-0a36ce667c6d;machineid=03484c...
[0.423] [PARSE ERROR] Unknown OSC escape code: 3008;start=9f806ffc-fe0a-4ebb-93db-116ba4e7de08;machineid=03484c...
[0.423] [PARSE ERROR] Unknown OSC escape code: 3008;end=9f806ffc-fe0a-4ebb-93db-116ba4e7de08;exit=success
[0.430] [PARSE ERROR] Unknown OSC escape code: 3008;start=3938ad41-2ffe-4802-a952-0a36ce667c6d;machineid=03484c...
[0.622] [PARSE ERROR] Unknown OSC escape code: 3008;start=b902e21c-015a-4cd3-a4f1-b24e6f690783;machineid=03484c...
[0.622] [PARSE ERROR] Unknown OSC escape code: 3008;end=b902e21c-015a-4cd3-a4f1-b24e6f690783;exit=success
[0.628] [PARSE ERROR] Unknown OSC escape code: 3008;start=3938ad41-2ffe-4802-a952-0a36ce667c6d;machineid=03484c...
[0.806] [PARSE ERROR] Unknown OSC escape code: 3008;start=b2aedc7e-feba-4d64-b7fd-2873995a1a7f;machineid=03484c...
[0.806] [PARSE ERROR] Unknown OSC escape code: 3008;end=b2aedc7e-feba-4d64-b7fd-2873995a1a7f;exit=success
[0.813] [PARSE ERROR] Unknown OSC escape code: 3008;start=3938ad41-2ffe-4802-a952-0a36ce667c6d;machineid=03484c...
[0.882] [PARSE ERROR] Unknown OSC escape code: 3008;start=da1e344a-2dec-4dec-ac78-76f8015b359f;machineid=03484c...
[0.882] [PARSE ERROR] Unknown OSC escape code: 3008;end=da1e344a-2dec-4dec-ac78-76f8015b359f;exit=success
[0.889] [PARSE ERROR] Unknown OSC escape code: 3008;start=3938ad41-2ffe-4802-a952-0a36ce667c6d;machineid=03484c...
[0.981] [PARSE ERROR] Unknown OSC escape code: 3008;start=58e36cf5-29a5-4bd2-9d24-e15f13f89ed9;machineid=03484c...
[0.981] [PARSE ERROR] Unknown OSC escape code: 3008;end=58e36cf5-29a5-4bd2-9d24-e15f13f89ed9;exit=success
[0.987] [PARSE ERROR] Unknown OSC escape code: 3008;start=3938ad41-2ffe-4802-a952-0a36ce667c6d;machineid=03484c...
[1.363] [PARSE ERROR] Unknown OSC escape code: 3008;start=0c96ee07-d4ad-4665-be43-d36281be3317;machineid=03484c...
[1.363] [PARSE ERROR] Unknown OSC escape code: 3008;end=0c96ee07-d4ad-4665-be43-d36281be3317;exit=success
[1.370] [PARSE ERROR] Unknown OSC escape code: 3008;start=3938ad41-2ffe-4802-a952-0a36ce667c6d;machineid=03484c...
[1.440] [PARSE ERROR] Unknown OSC escape code: 3008;start=8492bdfc-b62f-4cc0-9c0f-01e0b71d83ce;machineid=03484c...
[1.440] [PARSE ERROR] Unknown OSC escape code: 3008;end=8492bdfc-b62f-4cc0-9c0f-01e0b71d83ce;exit=success
[1.446] [PARSE ERROR] Unknown OSC escape code: 3008;start=3938ad41-2ffe-4802-a952-0a36ce667c6d;machineid=03484c...
[1.537] [PARSE ERROR] Unknown OSC escape code: 3008;start=1dceff0a-77a0-4591-9c64-c123eb44ebe2;machineid=03484c...
[1.537] [PARSE ERROR] Unknown OSC escape code: 3008;end=1dceff0a-77a0-4591-9c64-c123eb44ebe2;exit=success
[1.544] [PARSE ERROR] Unknown OSC escape code: 3008;start=3938ad41-2ffe-4802-a952-0a36ce667c6d;machineid=03484c...
[1.872] [PARSE ERROR] Unknown OSC escape code: 3008;start=39cf3f93-077b-4f4e-821e-0843224ae6d4;machineid=03484c...
[1.872] [PARSE ERROR] Unknown OSC escape code: 3008;end=39cf3f93-077b-4f4e-821e-0843224ae6d4;exit=success
[1.879] [PARSE ERROR] Unknown OSC escape code: 3008;start=3938ad41-2ffe-4802-a952-0a36ce667c6d;machineid=03484c...
[2.012] [PARSE ERROR] Unknown OSC escape code: 3008;start=a7b27a2b-c803-4233-98c4-519ed5cdf78c;machineid=03484c...
[2.012] [PARSE ERROR] Unknown OSC escape code: 3008;end=a7b27a2b-c803-4233-98c4-519ed5cdf78c;exit=success
[2.018] [PARSE ERROR] Unknown OSC escape code: 3008;start=3938ad41-2ffe-4802-a952-0a36ce667c6d;machineid=03484c...
[2.029] [PARSE ERROR] Unknown OSC escape code: 3008;start=202602be-e39d-4ce9-bdec-32c2b2629caa;machineid=03484c...
[2.029] [PARSE ERROR] Unknown OSC escape code: 3008;end=202602be-e39d-4ce9-bdec-32c2b2629caa;exit=success
[2.035] [PARSE ERROR] Unknown OSC escape code: 3008;start=3938ad41-2ffe-4802-a952-0a36ce667c6d;machineid=03484c...
[2.043] [PARSE ERROR] Unknown OSC escape code: 3008;start=8e26430a-d883-455b-ac41-38261ce0c2fb;machineid=03484c...
[2.043] [PARSE ERROR] Unknown OSC escape code: 3008;end=8e26430a-d883-455b-ac41-38261ce0c2fb;exit=success
[2.043] [PARSE ERROR] Unknown OSC escape code: 3008;start=3938ad41-2ffe-4802-a952-0a36ce667c6d;machineid=03484c...
[2.053] [PARSE ERROR] Unknown OSC escape code: 3008;start=cc655c63-3885-460e-9b6f-1c35025c964d;machineid=03484c...
[2.053] [PARSE ERROR] Unknown OSC escape code: 3008;end=cc655c63-3885-460e-9b6f-1c35025c964d;exit=success
[2.060] [PARSE ERROR] Unknown OSC escape code: 3008;start=3938ad41-2ffe-4802-a952-0a36ce667c6d;machineid=03484c...
[2.071] [PARSE ERROR] Unknown OSC escape code: 3008;start=61773125-05a7-40dd-8566-1de66f5027d5;machineid=03484c...
[2.071] [PARSE ERROR] Unknown OSC escape code: 3008;end=61773125-05a7-40dd-8566-1de66f5027d5;exit=success
[2.078] [PARSE ERROR] Unknown OSC escape code: 3008;start=3938ad41-2ffe-4802-a952-0a36ce667c6d;machineid=03484c...
[2.086] [PARSE ERROR] Unknown OSC escape code: 3008;start=4987862f-72ca-45b8-b87f-cb7dd0ec3c78;machineid=03484c...
[2.086] [PARSE ERROR] Unknown OSC escape code: 3008;end=4987862f-72ca-45b8-b87f-cb7dd0ec3c78;exit=success
[2.086] [PARSE ERROR] Unknown OSC escape code: 3008;start=3938ad41-2ffe-4802-a952-0a36ce667c6d;machineid=03484c...
[2.104] [PARSE ERROR] Unknown OSC escape code: 3008;start=b565664e-88a3-4212-9a56-332c541247eb;machineid=03484c...
[2.104] [PARSE ERROR] Unknown OSC escape code: 3008;end=b565664e-88a3-4212-9a56-332c541247eb;exit=success
[2.104] [PARSE ERROR] Unknown OSC escape code: 3008;start=3938ad41-2ffe-4802-a952-0a36ce667c6d;machineid=03484c...
[2.112] [PARSE ERROR] Unknown OSC escape code: 3008;start=0b33b0a1-4381-4223-a6b1-1c255d88814b;machineid=03484c...
[2.112] [PARSE ERROR] Unknown OSC escape code: 3008;end=0b33b0a1-4381-4223-a6b1-1c255d88814b;exit=success
[2.112] [PARSE ERROR] Unknown OSC escape code: 3008;start=3938ad41-2ffe-4802-a952-0a36ce667c6d;machineid=03484c...
[2.122] [PARSE ERROR] Unknown OSC escape code: 3008;start=afda2f19-ffc7-49c3-8102-fc78b33089f0;machineid=03484c...
[2.122] [PARSE ERROR] Unknown OSC escape code: 3008;end=afda2f19-ffc7-49c3-8102-fc78b33089f0;exit=success
[2.129] [PARSE ERROR] Unknown OSC escape code: 3008;start=3938ad41-2ffe-4802-a952-0a36ce667c6d;machineid=03484c...
[2.136] [PARSE ERROR] Unknown OSC escape code: 3008;start=e5f15432-cb0f-4ee5-83e1-2e5b288b2979;machineid=03484c...
[2.136] [PARSE ERROR] Unknown OSC escape code: 3008;end=e5f15432-cb0f-4ee5-83e1-2e5b288b2979;exit=success
[2.136] [PARSE ERROR] Unknown OSC escape code: 3008;start=3938ad41-2ffe-4802-a952-0a36ce667c6d;machineid=03484c...
[2.154] [PARSE ERROR] Unknown OSC escape code: 3008;start=91250416-3c51-4bc9-b7e0-ebbb2eeeb512;machineid=03484c...
[2.154] [PARSE ERROR] Unknown OSC escape code: 3008;end=91250416-3c51-4bc9-b7e0-ebbb2eeeb512;exit=success
[2.154] [PARSE ERROR] Unknown OSC escape code: 3008;start=3938ad41-2ffe-4802-a952-0a36ce667c6d;machineid=03484c...
[2.162] [PARSE ERROR] Unknown OSC escape code: 3008;start=fb6cf7fd-c631-445a-8762-246b49692c1e;machineid=03484c...
[2.162] [PARSE ERROR] Unknown OSC escape code: 3008;end=fb6cf7fd-c631-445a-8762-246b49692c1e;exit=success
[2.162] [PARSE ERROR] Unknown OSC escape code: 3008;start=3938ad41-2ffe-4802-a952-0a36ce667c6d;machineid=03484c...
[2.754] [PARSE ERROR] Unknown OSC escape code: 3008;start=fc49814f-ea25-464c-b7a3-fb8408cf3e55;machineid=03484c...
[2.754] [PARSE ERROR] Unknown OSC escape code: 3008;end=fc49814f-ea25-464c-b7a3-fb8408cf3e55;exit=success
[2.754] [PARSE ERROR] Unknown OSC escape code: 3008;start=3938ad41-2ffe-4802-a952-0a36ce667c6d;machineid=03484c...
[2.928] [PARSE ERROR] Unknown OSC escape code: 3008;start=1220d6b5-4374-4a7c-9555-d077460ea7a6;machineid=03484c...
[2.928] [PARSE ERROR] Unknown OSC escape code: 3008;end=1220d6b5-4374-4a7c-9555-d077460ea7a6;exit=success
[2.934] [PARSE ERROR] Unknown OSC escape code: 3008;start=3938ad41-2ffe-4802-a952-0a36ce667c6d;machineid=03484c...
[4.324] [PARSE ERROR] Unknown OSC escape code: 3008;start=e8d0151b-e3d1-458d-b5ac-2c530b50dd23;machineid=03484c...
[4.324] [PARSE ERROR] Unknown OSC escape code: 3008;end=e8d0151b-e3d1-458d-b5ac-2c530b50dd23;exit=success
[4.324] [PARSE ERROR] Unknown OSC escape code: 3008;start=3938ad41-2ffe-4802-a952-0a36ce667c6d;machineid=03484c...
[4.473] [PARSE ERROR] Unknown OSC escape code: 3008;start=0048f99c-caf3-4e13-86dc-8eac26f41a6c;machineid=03484c...
[4.473] [PARSE ERROR] Unknown OSC escape code: 3008;end=0048f99c-caf3-4e13-86dc-8eac26f41a6c;exit=success
[4.481] [PARSE ERROR] Unknown OSC escape code: 3008;start=3938ad41-2ffe-4802-a952-0a36ce667c6d;machineid=03484c...
[4.839] [PARSE ERROR] Unknown OSC escape code: 3008;start=bd504b4d-0244-41a6-a481-72825ddbe167;machineid=03484c...
[4.839] [PARSE ERROR] Unknown OSC escape code: 3008;end=bd504b4d-0244-41a6-a481-72825ddbe167;exit=success
[4.846] [PARSE ERROR] Unknown OSC escape code: 3008;start=3938ad41-2ffe-4802-a952-0a36ce667c6d;machineid=03484c...
[5.129] [PARSE ERROR] Unknown OSC escape code: 3008;start=445615f0-0e36-4bc0-a384-654323d2875b;machineid=03484c...
[5.129] [PARSE ERROR] Unknown OSC escape code: 3008;end=445615f0-0e36-4bc0-a384-654323d2875b;exit=success
[5.137] [PARSE ERROR] Unknown OSC escape code: 3008;start=3938ad41-2ffe-4802-a952-0a36ce667c6d;machineid=03484c...
