[0.085] Could not move child process into a systemd scope: [Errno 113] Failed to call StartTransientUnit: org.freedesktop.DBus.Error.ServiceUnknown: The name org.freedesktop.systemd1 was not provided by any .service files
[0.145] [glfw error 65544]: process_desktop_settings: failed with error: [org.freedesktop.DBus.Error.ServiceUnknown] The name org.freedesktop.portal.Desktop was not provided by any .service files
[0.145] [glfw error 65544]: Notify: Failed to get server capabilities error: [org.freedesktop.DBus.Error.ServiceUnknown] The name org.freedesktop.Notifications was not provided by any .service files
[0.148] [PARSE ERROR] Unknown OSC escape code: 3008;start=89094a19-1a1f-4c27-a2dc-b22678bf21f0;machineid=03484c...
[0.388] [PARSE ERROR] Unknown OSC escape code: 3008;start=348f5985-481c-47fa-9e37-acc914859f4e;machineid=03484c...
[0.388] [PARSE ERROR] Unknown OSC escape code: 3008;end=348f5985-481c-47fa-9e37-acc914859f4e;exit=success
[0.397] [PARSE ERROR] Unknown OSC escape code: 3008;start=89094a19-1a1f-4c27-a2dc-b22678bf21f0;machineid=03484c...
[0.702] [PARSE ERROR] Unknown OSC escape code: 3008;start=dc7ec1e3-24dc-4f4b-b641-ae473b52231e;machineid=03484c...
[0.702] [PARSE ERROR] Unknown OSC escape code: 3008;end=dc7ec1e3-24dc-4f4b-b641-ae473b52231e;exit=success
[0.727] [PARSE ERROR] Unknown OSC escape code: 3008;start=89094a19-1a1f-4c27-a2dc-b22678bf21f0;machineid=03484c...
[1.011] [PARSE ERROR] Unknown OSC escape code: 3008;start=a7271b31-a74a-4baa-81c8-deb7e3f22de6;machineid=03484c...
[1.011] [PARSE ERROR] Unknown OSC escape code: 3008;end=a7271b31-a74a-4baa-81c8-deb7e3f22de6;exit=success
[1.029] [PARSE ERROR] Unknown OSC escape code: 3008;start=89094a19-1a1f-4c27-a2dc-b22678bf21f0;machineid=03484c...
[1.199] [PARSE ERROR] Unknown OSC escape code: 3008;start=a9be9514-6604-4596-aab2-7e033213a0a1;machineid=03484c...
[1.218] [PARSE ERROR] Unknown OSC escape code: 3008;end=a9be9514-6604-4596-aab2-7e033213a0a1;exit=success
[1.218] [PARSE ERROR] Unknown OSC escape code: 3008;start=89094a19-1a1f-4c27-a2dc-b22678bf21f0;machineid=03484c...
[1.446] [PARSE ERROR] Unknown OSC escape code: 3008;start=1733c77e-6d18-452d-b1e2-368f6f12d569;machineid=03484c...
[1.446] [PARSE ERROR] Unknown OSC escape code: 3008;end=1733c77e-6d18-452d-b1e2-368f6f12d569;exit=success
[1.466] [PARSE ERROR] Unknown OSC escape code: 3008;start=89094a19-1a1f-4c27-a2dc-b22678bf21f0;machineid=03484c...
[1.688] [PARSE ERROR] Unknown OSC escape code: 3008;start=212ccc2f-239c-4ae2-977c-a92fae001dda;machineid=03484c...
[1.688] [PARSE ERROR] Unknown OSC escape code: 3008;end=212ccc2f-239c-4ae2-977c-a92fae001dda;exit=success
[1.688] [PARSE ERROR] Unknown OSC escape code: 3008;start=89094a19-1a1f-4c27-a2dc-b22678bf21f0;machineid=03484c...
[1.800] [PARSE ERROR] Unknown OSC escape code: 3008;start=39938b7a-94c1-4bee-804e-d65469937619;machineid=03484c...
[1.800] [PARSE ERROR] Unknown OSC escape code: 3008;end=39938b7a-94c1-4bee-804e-d65469937619;exit=success
[1.807] [PARSE ERROR] Unknown OSC escape code: 3008;start=89094a19-1a1f-4c27-a2dc-b22678bf21f0;machineid=03484c...
[2.012] [PARSE ERROR] Unknown OSC escape code: 3008;start=f5a7e090-5277-4055-8046-a6c0389ac1ef;machineid=03484c...
[2.012] [PARSE ERROR] Unknown OSC escape code: 3008;end=f5a7e090-5277-4055-8046-a6c0389ac1ef;exit=success
[2.029] [PARSE ERROR] Unknown OSC escape code: 3008;start=89094a19-1a1f-4c27-a2dc-b22678bf21f0;machineid=03484c...
[2.212] [PARSE ERROR] Unknown OSC escape code: 3008;start=85cf1fc4-1d7e-4cd3-bd73-5da66e7000ce;machineid=03484c...
[2.212] [PARSE ERROR] Unknown OSC escape code: 3008;end=85cf1fc4-1d7e-4cd3-bd73-5da66e7000ce;exit=success
[2.221] [PARSE ERROR] Unknown OSC escape code: 3008;start=89094a19-1a1f-4c27-a2dc-b22678bf21f0;machineid=03484c...
[2.405] [PARSE ERROR] Unknown OSC escape code: 3008;start=26bfab31-91db-4ba0-a37f-a8456bcb7e6d;machineid=03484c...
[2.405] [PARSE ERROR] Unknown OSC escape code: 3008;end=26bfab31-91db-4ba0-a37f-a8456bcb7e6d;exit=success
[2.423] [PARSE ERROR] Unknown OSC escape code: 3008;start=89094a19-1a1f-4c27-a2dc-b22678bf21f0;machineid=03484c...
[2.428] [PARSE ERROR] Unknown OSC escape code: 3008;start=f4a1ac3f-cd35-467a-9107-bbdf41f1f9e0;machineid=03484c...
[2.428] [PARSE ERROR] Unknown OSC escape code: 3008;end=f4a1ac3f-cd35-467a-9107-bbdf41f1f9e0;exit=success
[2.446] [PARSE ERROR] Unknown OSC escape code: 3008;start=89094a19-1a1f-4c27-a2dc-b22678bf21f0;machineid=03484c...
[2.450] [PARSE ERROR] Unknown OSC escape code: 3008;start=e25b30b0-cf23-44f6-86fc-3b0ee72c7bad;machineid=03484c...
[2.450] [PARSE ERROR] Unknown OSC escape code: 3008;end=e25b30b0-cf23-44f6-86fc-3b0ee72c7bad;exit=success
[2.469] [PARSE ERROR] Unknown OSC escape code: 3008;start=89094a19-1a1f-4c27-a2dc-b22678bf21f0;machineid=03484c...
[2.469] [PARSE ERROR] Unknown OSC escape code: 3008;start=bb5494eb-0999-4c5a-aadd-8f2c994b2d86;machineid=03484c...
[2.469] [PARSE ERROR] Unknown OSC escape code: 3008;end=bb5494eb-0999-4c5a-aadd-8f2c994b2d86;exit=success
[2.469] [PARSE ERROR] Unknown OSC escape code: 3008;start=89094a19-1a1f-4c27-a2dc-b22678bf21f0;machineid=03484c...
[2.473] [PARSE ERROR] Unknown OSC escape code: 3008;start=e73bc637-6843-4445-b549-70e5be0fd57a;machineid=03484c...
[2.473] [PARSE ERROR] Unknown OSC escape code: 3008;end=e73bc637-6843-4445-b549-70e5be0fd57a;exit=success
[2.495] [PARSE ERROR] Unknown OSC escape code: 3008;start=89094a19-1a1f-4c27-a2dc-b22678bf21f0;machineid=03484c...
[2.499] [PARSE ERROR] Unknown OSC escape code: 3008;start=832fbcf1-4731-42fc-9350-972cd040d872;machineid=03484c...
[2.499] [PARSE ERROR] Unknown OSC escape code: 3008;end=832fbcf1-4731-42fc-9350-972cd040d872;exit=success
[2.517] [PARSE ERROR] Unknown OSC escape code: 3008;start=89094a19-1a1f-4c27-a2dc-b22678bf21f0;machineid=03484c...
[2.521] [PARSE ERROR] Unknown OSC escape code: 3008;start=d47ff816-893c-40b2-9130-ef244dc47c9d;machineid=03484c...
[2.521] [PARSE ERROR] Unknown OSC escape code: 3008;end=d47ff816-893c-40b2-9130-ef244dc47c9d;exit=success
[2.539] [PARSE ERROR] Unknown OSC escape code: 3008;start=89094a19-1a1f-4c27-a2dc-b22678bf21f0;machineid=03484c...
[2.543] [PARSE ERROR] Unknown OSC escape code: 3008;start=9938a415-d39b-4a50-be27-1d11b47c5138;machineid=03484c...
[2.543] [PARSE ERROR] Unknown OSC escape code: 3008;end=9938a415-d39b-4a50-be27-1d11b47c5138;exit=success
[2.561] [PARSE ERROR] Unknown OSC escape code: 3008;start=89094a19-1a1f-4c27-a2dc-b22678bf21f0;machineid=03484c...
[2.562] [PARSE ERROR] Unknown OSC escape code: 3008;start=6599d1d8-9580-450d-bec4-c3e16fe45d3f;machineid=03484c...
[2.562] [PARSE ERROR] Unknown OSC escape code: 3008;end=6599d1d8-9580-450d-bec4-c3e16fe45d3f;exit=success
[2.562] [PARSE ERROR] Unknown OSC escape code: 3008;start=89094a19-1a1f-4c27-a2dc-b22678bf21f0;machineid=03484c...
[2.566] [PARSE ERROR] Unknown OSC escape code: 3008;start=4bc9839c-8f19-4b91-9879-0199057ee8d4;machineid=03484c...
[2.566] [PARSE ERROR] Unknown OSC escape code: 3008;end=4bc9839c-8f19-4b91-9879-0199057ee8d4;exit=success
[2.586] [PARSE ERROR] Unknown OSC escape code: 3008;start=89094a19-1a1f-4c27-a2dc-b22678bf21f0;machineid=03484c...
[2.590] [PARSE ERROR] Unknown OSC escape code: 3008;start=e791964e-6534-4dca-9343-ef6e6303a7ea;machineid=03484c...
[2.590] [PARSE ERROR] Unknown OSC escape code: 3008;end=e791964e-6534-4dca-9343-ef6e6303a7ea;exit=success
[2.607] [PARSE ERROR] Unknown OSC escape code: 3008;start=89094a19-1a1f-4c27-a2dc-b22678bf21f0;machineid=03484c...
[2.612] [PARSE ERROR] Unknown OSC escape code: 3008;start=2a0fe212-14cf-487a-ad60-7e35df754514;machineid=03484c...
[2.612] [PARSE ERROR] Unknown OSC escape code: 3008;end=2a0fe212-14cf-487a-ad60-7e35df754514;exit=success
[2.634] [PARSE ERROR] Unknown OSC escape code: 3008;start=89094a19-1a1f-4c27-a2dc-b22678bf21f0;machineid=03484c...
[2.959] [glfw error 65544]: Notify: Failed to create notification error: [org.freedesktop.DBus.Error.ServiceUnknown] The name org.freedesktop.Notifications was not provided by any .service files
[3.247] [PARSE ERROR] Unknown OSC escape code: 3008;start=c102112c-edb2-48ae-9e13-17b64e9135bf;machineid=03484c...
[3.247] [PARSE ERROR] Unknown OSC escape code: 3008;end=c102112c-edb2-48ae-9e13-17b64e9135bf;exit=success
[3.247] [PARSE ERROR] Unknown OSC escape code: 3008;start=89094a19-1a1f-4c27-a2dc-b22678bf21f0;machineid=03484c...
[3.375] Could not move child process into a systemd scope: [Errno 113] Failed to call StartTransientUnit: org.freedesktop.DBus.Error.ServiceUnknown: The name org.freedesktop.systemd1 was not provided by any .service files
[3.630] [PARSE ERROR] Unknown OSC escape code: 3008;start=110dc167-0702-487f-a82a-75c74b2fe198;machineid=03484c...
[3.630] [PARSE ERROR] Unknown OSC escape code: 3008;end=110dc167-0702-487f-a82a-75c74b2fe198;exit=success
[3.630] [PARSE ERROR] Unknown OSC escape code: 3008;start=89094a19-1a1f-4c27-a2dc-b22678bf21f0;machineid=03484c...
[4.047] Could not move child process into a systemd scope: [Errno 113] Failed to call StartTransientUnit: org.freedesktop.DBus.Error.ServiceUnknown: The name org.freedesktop.systemd1 was not provided by any .service files
[5.118] Could not move child process into a systemd scope: [Errno 113] Failed to call StartTransientUnit: org.freedesktop.DBus.Error.ServiceUnknown: The name org.freedesktop.systemd1 was not provided by any .service files
[5.857] [PARSE ERROR] Unknown OSC escape code: 3008;start=44b635f1-7e25-4b50-b842-f305fedc33f0;machineid=03484c...
[5.857] [PARSE ERROR] Unknown OSC escape code: 3008;end=44b635f1-7e25-4b50-b842-f305fedc33f0;exit=success
[5.863] [PARSE ERROR] Unknown OSC escape code: 3008;start=89094a19-1a1f-4c27-a2dc-b22678bf21f0;machineid=03484c...
[6.087] [PARSE ERROR] Unknown OSC escape code: 3008;start=0231ec5d-d1a7-4a03-8a90-80c938cf1acc;machineid=03484c...
[6.087] [PARSE ERROR] Unknown OSC escape code: 3008;end=0231ec5d-d1a7-4a03-8a90-80c938cf1acc;exit=success
[6.087] [PARSE ERROR] Unknown OSC escape code: 3008;start=89094a19-1a1f-4c27-a2dc-b22678bf21f0;machineid=03484c...
[6.452] [PARSE ERROR] Unknown OSC escape code: 3008;start=655d4561-6718-4aec-9e99-dbb9cc4a9688;machineid=03484c...
[6.452] [PARSE ERROR] Unknown OSC escape code: 3008;end=655d4561-6718-4aec-9e99-dbb9cc4a9688;exit=success
[6.452] [PARSE ERROR] Unknown OSC escape code: 3008;start=89094a19-1a1f-4c27-a2dc-b22678bf21f0;machineid=03484c...
[6.826] [PARSE ERROR] Unknown OSC escape code: 3008;start=2396c3de-a991-447b-8c5b-95245305565c;machineid=03484c...
[6.826] [PARSE ERROR] Unknown OSC escape code: 3008;end=2396c3de-a991-447b-8c5b-95245305565c;exit=success
[6.844] [PARSE ERROR] Unknown OSC escape code: 3008;start=89094a19-1a1f-4c27-a2dc-b22678bf21f0;machineid=03484c...
