[0.283] The output buffer does not support sRGB color encoding, colors will be incorrect.
[0.313] Failed to enable transparency. This happens when your desktop environment does not support compositing.
[0.369] [PARSE ERROR] Unknown OSC escape code: 3008;start=06f031b3-7411-4faa-9587-aabed8d3c973;machineid=03484c...
[0.560] [PARSE ERROR] Unknown OSC escape code: 3008;start=e82ebcec-b0a0-4626-a1d9-e6e3e4ccbf57;machineid=03484c...
[0.560] [PARSE ERROR] Unknown OSC escape code: 3008;end=e82ebcec-b0a0-4626-a1d9-e6e3e4ccbf57;exit=success
[0.567] [PARSE ERROR] Unknown OSC escape code: 3008;start=06f031b3-7411-4faa-9587-aabed8d3c973;machineid=03484c...
[0.756] [PARSE ERROR] Unknown OSC escape code: 3008;start=acd92f9d-3d98-4351-ad29-af3cac532120;machineid=03484c...
[0.756] [PARSE ERROR] Unknown OSC escape code: 3008;end=acd92f9d-3d98-4351-ad29-af3cac532120;exit=success
[0.763] [PARSE ERROR] Unknown OSC escape code: 3008;start=06f031b3-7411-4faa-9587-aabed8d3c973;machineid=03484c...
[0.949] [PARSE ERROR] Unknown OSC escape code: 3008;start=52c29aed-e264-4e6e-97be-505979a3e620;machineid=03484c...
[0.949] [PARSE ERROR] Unknown OSC escape code: 3008;end=52c29aed-e264-4e6e-97be-505979a3e620;exit=success
[0.956] [PARSE ERROR] Unknown OSC escape code: 3008;start=06f031b3-7411-4faa-9587-aabed8d3c973;machineid=03484c...
[1.029] [PARSE ERROR] Unknown OSC escape code: 3008;start=d90266b2-c0f7-4ac3-b516-52be05335db1;machineid=03484c...
[1.029] [PARSE ERROR] Unknown OSC escape code: 3008;end=d90266b2-c0f7-4ac3-b516-52be05335db1;exit=success
[1.036] [PARSE ERROR] Unknown OSC escape code: 3008;start=06f031b3-7411-4faa-9587-aabed8d3c973;machineid=03484c...
[1.120] [PARSE ERROR] Unknown OSC escape code: 3008;start=f16186c8-f215-4f60-9bbd-50bca53f1f33;machineid=03484c...
[1.120] [PARSE ERROR] Unknown OSC escape code: 3008;end=f16186c8-f215-4f60-9bbd-50bca53f1f33;exit=success
[1.127] [PARSE ERROR] Unknown OSC escape code: 3008;start=06f031b3-7411-4faa-9587-aabed8d3c973;machineid=03484c...
[1.236] [PARSE ERROR] Unknown OSC escape code: 3008;start=8f2c1597-880e-41be-9ff4-a99ee33d13d7;machineid=03484c...
[1.236] [PARSE ERROR] Unknown OSC escape code: 3008;end=8f2c1597-880e-41be-9ff4-a99ee33d13d7;exit=success
[1.243] [PARSE ERROR] Unknown OSC escape code: 3008;start=06f031b3-7411-4faa-9587-aabed8d3c973;machineid=03484c...
[1.349] [PARSE ERROR] Unknown OSC escape code: 3008;start=23ce6ba0-b15f-4770-96f0-cf22c7cf92ae;machineid=03484c...
[1.349] [PARSE ERROR] Unknown OSC escape code: 3008;end=23ce6ba0-b15f-4770-96f0-cf22c7cf92ae;exit=success
[1.356] [PARSE ERROR] Unknown OSC escape code: 3008;start=06f031b3-7411-4faa-9587-aabed8d3c973;machineid=03484c...
[1.451] [PARSE ERROR] Unknown OSC escape code: 3008;start=421f753c-8194-4f29-bb72-3b8cbf0ffbf6;machineid=03484c...
[1.458] [PARSE ERROR] Unknown OSC escape code: 3008;end=421f753c-8194-4f29-bb72-3b8cbf0ffbf6;exit=success
[1.458] [PARSE ERROR] Unknown OSC escape code: 3008;start=06f031b3-7411-4faa-9587-aabed8d3c973;machineid=03484c...
[1.551] [PARSE ERROR] Unknown OSC escape code: 3008;start=0e1b1b2e-7f02-4904-8591-dd684ac02272;machineid=03484c...
[1.551] [PARSE ERROR] Unknown OSC escape code: 3008;end=0e1b1b2e-7f02-4904-8591-dd684ac02272;exit=success
[1.558] [PARSE ERROR] Unknown OSC escape code: 3008;start=06f031b3-7411-4faa-9587-aabed8d3c973;machineid=03484c...
[1.706] [PARSE ERROR] Unknown OSC escape code: 3008;start=85a94632-e61d-441f-af6c-17fcc95b9cc8;machineid=03484c...
[1.706] [PARSE ERROR] Unknown OSC escape code: 3008;end=85a94632-e61d-441f-af6c-17fcc95b9cc8;exit=success
[1.713] [PARSE ERROR] Unknown OSC escape code: 3008;start=06f031b3-7411-4faa-9587-aabed8d3c973;machineid=03484c...
[1.723] [PARSE ERROR] Unknown OSC escape code: 3008;start=c3178858-bf3e-4126-b598-dc8df7aa246b;machineid=03484c...
[1.723] [PARSE ERROR] Unknown OSC escape code: 3008;end=c3178858-bf3e-4126-b598-dc8df7aa246b;exit=success
[1.730] [PARSE ERROR] Unknown OSC escape code: 3008;start=06f031b3-7411-4faa-9587-aabed8d3c973;machineid=03484c...
[1.738] [PARSE ERROR] Unknown OSC escape code: 3008;start=9d0cd57a-33c0-4b95-9662-df474f026cc5;machineid=03484c...
[1.738] [PARSE ERROR] Unknown OSC escape code: 3008;end=9d0cd57a-33c0-4b95-9662-df474f026cc5;exit=success
[1.738] [PARSE ERROR] Unknown OSC escape code: 3008;start=06f031b3-7411-4faa-9587-aabed8d3c973;machineid=03484c...
[1.748] [PARSE ERROR] Unknown OSC escape code: 3008;start=572ad7a7-146e-45e4-9988-16968eee426e;machineid=03484c...
[1.748] [PARSE ERROR] Unknown OSC escape code: 3008;end=572ad7a7-146e-45e4-9988-16968eee426e;exit=success
[1.755] [PARSE ERROR] Unknown OSC escape code: 3008;start=06f031b3-7411-4faa-9587-aabed8d3c973;machineid=03484c...
[1.763] [PARSE ERROR] Unknown OSC escape code: 3008;start=3bac1f23-58e2-45ba-92b4-b75b4045e2e5;machineid=03484c...
[1.763] [PARSE ERROR] Unknown OSC escape code: 3008;end=3bac1f23-58e2-45ba-92b4-b75b4045e2e5;exit=success
[1.763] [PARSE ERROR] Unknown OSC escape code: 3008;start=06f031b3-7411-4faa-9587-aabed8d3c973;machineid=03484c...
[1.773] [PARSE ERROR] Unknown OSC escape code: 3008;start=ab3ec3bc-261f-46dc-9083-dba39595774a;machineid=03484c...
[1.773] [PARSE ERROR] Unknown OSC escape code: 3008;end=ab3ec3bc-261f-46dc-9083-dba39595774a;exit=success
[1.780] [PARSE ERROR] Unknown OSC escape code: 3008;start=06f031b3-7411-4faa-9587-aabed8d3c973;machineid=03484c...
[1.791] [PARSE ERROR] Unknown OSC escape code: 3008;start=809729e3-f160-49c7-8e05-851a2ff29176;machineid=03484c...
[1.791] [PARSE ERROR] Unknown OSC escape code: 3008;end=809729e3-f160-49c7-8e05-851a2ff29176;exit=success
[1.800] [PARSE ERROR] Unknown OSC escape code: 3008;start=06f031b3-7411-4faa-9587-aabed8d3c973;machineid=03484c...
[1.810] [PARSE ERROR] Unknown OSC escape code: 3008;start=babb0f1b-992b-4376-ad5a-3a4b24ea403f;machineid=03484c...
[1.810] [PARSE ERROR] Unknown OSC escape code: 3008;end=babb0f1b-992b-4376-ad5a-3a4b24ea403f;exit=success
[1.810] [PARSE ERROR] Unknown OSC escape code: 3008;start=06f031b3-7411-4faa-9587-aabed8d3c973;machineid=03484c...
[1.822] [PARSE ERROR] Unknown OSC escape code: 3008;start=f7b1049f-25b4-455f-bdde-4b04bb8e4a93;machineid=03484c...
[1.822] [PARSE ERROR] Unknown OSC escape code: 3008;end=f7b1049f-25b4-455f-bdde-4b04bb8e4a93;exit=success
[1.829] [PARSE ERROR] Unknown OSC escape code: 3008;start=06f031b3-7411-4faa-9587-aabed8d3c973;machineid=03484c...
[1.837] [PARSE ERROR] Unknown OSC escape code: 3008;start=d9afd113-a970-4dd9-bb9e-0b6baefcc8df;machineid=03484c...
[1.837] [PARSE ERROR] Unknown OSC escape code: 3008;end=d9afd113-a970-4dd9-bb9e-0b6baefcc8df;exit=success
[1.837] [PARSE ERROR] Unknown OSC escape code: 3008;start=06f031b3-7411-4faa-9587-aabed8d3c973;machineid=03484c...
[1.854] [PARSE ERROR] Unknown OSC escape code: 3008;start=fef220a1-9c9e-495d-933b-452801c15645;machineid=03484c...
[1.854] [PARSE ERROR] Unknown OSC escape code: 3008;end=fef220a1-9c9e-495d-933b-452801c15645;exit=success
[1.854] [PARSE ERROR] Unknown OSC escape code: 3008;start=06f031b3-7411-4faa-9587-aabed8d3c973;machineid=03484c...
[1.862] [PARSE ERROR] Unknown OSC escape code: 3008;start=eb6832d1-7b37-450f-b791-62b5338da875;machineid=03484c...
[1.862] [PARSE ERROR] Unknown OSC escape code: 3008;end=eb6832d1-7b37-450f-b791-62b5338da875;exit=success
[1.862] [PARSE ERROR] Unknown OSC escape code: 3008;start=06f031b3-7411-4faa-9587-aabed8d3c973;machineid=03484c...
[2.535] [PARSE ERROR] Unknown OSC escape code: 3008;start=3c51c5e0-265e-4351-b91c-32b1af7dae54;machineid=03484c...
[2.535] [PARSE ERROR] Unknown OSC escape code: 3008;end=3c51c5e0-265e-4351-b91c-32b1af7dae54;exit=success
[2.535] [PARSE ERROR] Unknown OSC escape code: 3008;start=06f031b3-7411-4faa-9587-aabed8d3c973;machineid=03484c...
[2.730] [PARSE ERROR] Unknown OSC escape code: 3008;start=40c4125f-9970-49b8-ab7d-614d6f968ce7;machineid=03484c...
[2.730] [PARSE ERROR] Unknown OSC escape code: 3008;end=40c4125f-9970-49b8-ab7d-614d6f968ce7;exit=success
[2.736] [PARSE ERROR] Unknown OSC escape code: 3008;start=06f031b3-7411-4faa-9587-aabed8d3c973;machineid=03484c...
[4.005] [PARSE ERROR] Unknown OSC escape code: 3008;start=e3dc10bd-ff88-4467-b387-a8e93d36997a;machineid=03484c...
[4.005] [PARSE ERROR] Unknown OSC escape code: 3008;end=e3dc10bd-ff88-4467-b387-a8e93d36997a;exit=success
[4.005] [PARSE ERROR] Unknown OSC escape code: 3008;start=06f031b3-7411-4faa-9587-aabed8d3c973;machineid=03484c...
[4.154] [PARSE ERROR] Unknown OSC escape code: 3008;start=b81da02e-7e80-48c1-a9fc-fbd526004124;machineid=03484c...
[4.154] [PARSE ERROR] Unknown OSC escape code: 3008;end=b81da02e-7e80-48c1-a9fc-fbd526004124;exit=success
[4.161] [PARSE ERROR] Unknown OSC escape code: 3008;start=06f031b3-7411-4faa-9587-aabed8d3c973;machineid=03484c...
[4.531] [PARSE ERROR] Unknown OSC escape code: 3008;start=887bc63d-aa85-4155-9cae-e4bb2ffcd6d8;machineid=03484c...
[4.531] [PARSE ERROR] Unknown OSC escape code: 3008;end=887bc63d-aa85-4155-9cae-e4bb2ffcd6d8;exit=success
[4.531] [PARSE ERROR] Unknown OSC escape code: 3008;start=06f031b3-7411-4faa-9587-aabed8d3c973;machineid=03484c...
[4.824] [PARSE ERROR] Unknown OSC escape code: 3008;start=0aaa3184-1c86-44e7-a087-ef796cec92f5;machineid=03484c...
[4.824] [PARSE ERROR] Unknown OSC escape code: 3008;end=0aaa3184-1c86-44e7-a087-ef796cec92f5;exit=success
[4.832] [PARSE ERROR] Unknown OSC escape code: 3008;start=06f031b3-7411-4faa-9587-aabed8d3c973;machineid=03484c...
