[0.317] The output buffer does not support sRGB color encoding, colors will be incorrect.
[0.351] Failed to enable transparency. This happens when your desktop environment does not support compositing.
[0.410] [PARSE ERROR] Unknown OSC escape code: 3008;start=0d6709a0-f5fc-425a-bdb0-8210265cab37;machineid=03484c...
[0.622] [PARSE ERROR] Unknown OSC escape code: 3008;start=a3bd72ab-ba30-4f54-b687-d6ad214f9493;machineid=03484c...
[0.622] [PARSE ERROR] Unknown OSC escape code: 3008;end=a3bd72ab-ba30-4f54-b687-d6ad214f9493;exit=success
[0.622] [PARSE ERROR] Unknown OSC escape code: 3008;start=0d6709a0-f5fc-425a-bdb0-8210265cab37;machineid=03484c...
[0.789] [PARSE ERROR] Unknown OSC escape code: 3008;start=20f921e8-c111-4942-b05a-fe72467323ba;machineid=03484c...
[0.789] [PARSE ERROR] Unknown OSC escape code: 3008;end=20f921e8-c111-4942-b05a-fe72467323ba;exit=success
[0.796] [PARSE ERROR] Unknown OSC escape code: 3008;start=0d6709a0-f5fc-425a-bdb0-8210265cab37;machineid=03484c...
[0.986] [PARSE ERROR] Unknown OSC escape code: 3008;start=adc22fce-c91c-470b-88b4-b538730cd50c;machineid=03484c...
[0.986] [PARSE ERROR] Unknown OSC escape code: 3008;end=adc22fce-c91c-470b-88b4-b538730cd50c;exit=success
[0.994] [PARSE ERROR] Unknown OSC escape code: 3008;start=0d6709a0-f5fc-425a-bdb0-8210265cab37;machineid=03484c...
[1.132] [PARSE ERROR] Unknown OSC escape code: 3008;start=2cb7f3e7-f109-4a28-96f8-2162386a1c6b;machineid=03484c...
[1.132] [PARSE ERROR] Unknown OSC escape code: 3008;end=2cb7f3e7-f109-4a28-96f8-2162386a1c6b;exit=success
[1.132] [PARSE ERROR] Unknown OSC escape code: 3008;start=0d6709a0-f5fc-425a-bdb0-8210265cab37;machineid=03484c...
[1.258] [PARSE ERROR] Unknown OSC escape code: 3008;start=17cdcfe6-bafb-4dbe-87ed-6daf773dcca9;machineid=03484c...
[1.258] [PARSE ERROR] Unknown OSC escape code: 3008;end=17cdcfe6-bafb-4dbe-87ed-6daf773dcca9;exit=success
[1.258] [PARSE ERROR] Unknown OSC escape code: 3008;start=0d6709a0-f5fc-425a-bdb0-8210265cab37;machineid=03484c...
[1.367] [PARSE ERROR] Unknown OSC escape code: 3008;start=d4bfe3e2-b1cf-4cad-bf4a-bd330f732a5c;machineid=03484c...
[1.367] [PARSE ERROR] Unknown OSC escape code: 3008;end=d4bfe3e2-b1cf-4cad-bf4a-bd330f732a5c;exit=success
[1.374] [PARSE ERROR] Unknown OSC escape code: 3008;start=0d6709a0-f5fc-425a-bdb0-8210265cab37;machineid=03484c...
[1.478] [PARSE ERROR] Unknown OSC escape code: 3008;start=89b3e6e8-bff1-462f-9763-4eea11c8b8b3;machineid=03484c...
[1.478] [PARSE ERROR] Unknown OSC escape code: 3008;end=89b3e6e8-bff1-462f-9763-4eea11c8b8b3;exit=success
[1.485] [PARSE ERROR] Unknown OSC escape code: 3008;start=0d6709a0-f5fc-425a-bdb0-8210265cab37;machineid=03484c...
[1.587] [PARSE ERROR] Unknown OSC escape code: 3008;start=f88843d3-438f-4834-8df8-7fe3f61335df;machineid=03484c...
[1.587] [PARSE ERROR] Unknown OSC escape code: 3008;end=f88843d3-438f-4834-8df8-7fe3f61335df;exit=success
[1.593] [PARSE ERROR] Unknown OSC escape code: 3008;start=0d6709a0-f5fc-425a-bdb0-8210265cab37;machineid=03484c...
[1.688] [PARSE ERROR] Unknown OSC escape code: 3008;start=65a60d39-a9f4-4a55-a319-33bd43a37d89;machineid=03484c...
[1.688] [PARSE ERROR] Unknown OSC escape code: 3008;end=65a60d39-a9f4-4a55-a319-33bd43a37d89;exit=success
[1.694] [PARSE ERROR] Unknown OSC escape code: 3008;start=0d6709a0-f5fc-425a-bdb0-8210265cab37;machineid=03484c...
[1.885] [PARSE ERROR] Unknown OSC escape code: 3008;start=3a048d01-01c5-467e-838e-4e1a2159189f;machineid=03484c...
[1.885] [PARSE ERROR] Unknown OSC escape code: 3008;end=3a048d01-01c5-467e-838e-4e1a2159189f;exit=success
[1.885] [PARSE ERROR] Unknown OSC escape code: 3008;start=0d6709a0-f5fc-425a-bdb0-8210265cab37;machineid=03484c...
[1.903] [PARSE ERROR] Unknown OSC escape code: 3008;start=38684ee5-76e0-4826-a6c9-2ac2c64b9a78;machineid=03484c...
[1.903] [PARSE ERROR] Unknown OSC escape code: 3008;end=38684ee5-76e0-4826-a6c9-2ac2c64b9a78;exit=success
[1.903] [PARSE ERROR] Unknown OSC escape code: 3008;start=0d6709a0-f5fc-425a-bdb0-8210265cab37;machineid=03484c...
[1.910] [PARSE ERROR] Unknown OSC escape code: 3008;start=dac49570-1ab2-42f9-8530-71ed62c8c64e;machineid=03484c...
[1.911] [PARSE ERROR] Unknown OSC escape code: 3008;end=dac49570-1ab2-42f9-8530-71ed62c8c64e;exit=success
[1.911] [PARSE ERROR] Unknown OSC escape code: 3008;start=0d6709a0-f5fc-425a-bdb0-8210265cab37;machineid=03484c...
[1.932] [PARSE ERROR] Unknown OSC escape code: 3008;start=31d7e3d4-2775-4133-ac2e-72333da8aff3;machineid=03484c...
[1.932] [PARSE ERROR] Unknown OSC escape code: 3008;end=31d7e3d4-2775-4133-ac2e-72333da8aff3;exit=success
[1.932] [PARSE ERROR] Unknown OSC escape code: 3008;start=0d6709a0-f5fc-425a-bdb0-8210265cab37;machineid=03484c...
[1.954] [PARSE ERROR] Unknown OSC escape code: 3008;start=9ce06c34-b981-42da-9300-71427ef28a35;machineid=03484c...
[1.954] [PARSE ERROR] Unknown OSC escape code: 3008;end=9ce06c34-b981-42da-9300-71427ef28a35;exit=success
[1.954] [PARSE ERROR] Unknown OSC escape code: 3008;start=0d6709a0-f5fc-425a-bdb0-8210265cab37;machineid=03484c...
[1.975] [PARSE ERROR] Unknown OSC escape code: 3008;start=e9266739-b9c1-411c-8550-8053b78c979b;machineid=03484c...
[1.975] [PARSE ERROR] Unknown OSC escape code: 3008;end=e9266739-b9c1-411c-8550-8053b78c979b;exit=success
[1.975] [PARSE ERROR] Unknown OSC escape code: 3008;start=0d6709a0-f5fc-425a-bdb0-8210265cab37;machineid=03484c...
[1.997] [PARSE ERROR] Unknown OSC escape code: 3008;start=92c24fd1-3824-4436-b469-0e4a528f4f7e;machineid=03484c...
[1.997] [PARSE ERROR] Unknown OSC escape code: 3008;end=92c24fd1-3824-4436-b469-0e4a528f4f7e;exit=success
[1.997] [PARSE ERROR] Unknown OSC escape code: 3008;start=0d6709a0-f5fc-425a-bdb0-8210265cab37;machineid=03484c...
[2.005] [PARSE ERROR] Unknown OSC escape code: 3008;start=65635a8f-fa95-49dc-b535-8e22708733d1;machineid=03484c...
[2.005] [PARSE ERROR] Unknown OSC escape code: 3008;end=65635a8f-fa95-49dc-b535-8e22708733d1;exit=success
[2.005] [PARSE ERROR] Unknown OSC escape code: 3008;start=0d6709a0-f5fc-425a-bdb0-8210265cab37;machineid=03484c...
[2.016] [PARSE ERROR] Unknown OSC escape code: 3008;start=83630cb2-55b3-4ce7-ade6-20387f7423c9;machineid=03484c...
[2.016] [PARSE ERROR] Unknown OSC escape code: 3008;end=83630cb2-55b3-4ce7-ade6-20387f7423c9;exit=success
[2.023] [PARSE ERROR] Unknown OSC escape code: 3008;start=0d6709a0-f5fc-425a-bdb0-8210265cab37;machineid=03484c...
[2.031] [PARSE ERROR] Unknown OSC escape code: 3008;start=146f193b-39f2-4875-98e1-f4f02aa80bea;machineid=03484c...
[2.031] [PARSE ERROR] Unknown OSC escape code: 3008;end=146f193b-39f2-4875-98e1-f4f02aa80bea;exit=success
[2.031] [PARSE ERROR] Unknown OSC escape code: 3008;start=0d6709a0-f5fc-425a-bdb0-8210265cab37;machineid=03484c...
[2.054] [PARSE ERROR] Unknown OSC escape code: 3008;start=8212be24-4ac5-4f79-9119-6044c7c8b204;machineid=03484c...
[2.054] [PARSE ERROR] Unknown OSC escape code: 3008;end=8212be24-4ac5-4f79-9119-6044c7c8b204;exit=success
[2.054] [PARSE ERROR] Unknown OSC escape code: 3008;start=0d6709a0-f5fc-425a-bdb0-8210265cab37;machineid=03484c...
[2.076] [PARSE ERROR] Unknown OSC escape code: 3008;start=6b50bf6f-cdb2-443a-972b-fd57a47649d5;machineid=03484c...
[2.076] [PARSE ERROR] Unknown OSC escape code: 3008;end=6b50bf6f-cdb2-443a-972b-fd57a47649d5;exit=success
[2.076] [PARSE ERROR] Unknown OSC escape code: 3008;start=0d6709a0-f5fc-425a-bdb0-8210265cab37;machineid=03484c...
[2.728] [PARSE ERROR] Unknown OSC escape code: 3008;start=181cef3b-61ed-460e-b3b0-54f534bb8f6b;machineid=03484c...
[2.728] [PARSE ERROR] Unknown OSC escape code: 3008;end=181cef3b-61ed-460e-b3b0-54f534bb8f6b;exit=success
[2.735] [PARSE ERROR] Unknown OSC escape code: 3008;start=0d6709a0-f5fc-425a-bdb0-8210265cab37;machineid=03484c...
[2.973] [PARSE ERROR] Unknown OSC escape code: 3008;start=ad4a36be-28b1-45aa-8798-34afc7759a6c;machineid=03484c...
[2.973] [PARSE ERROR] Unknown OSC escape code: 3008;end=ad4a36be-28b1-45aa-8798-34afc7759a6c;exit=success
[2.980] [PARSE ERROR] Unknown OSC escape code: 3008;start=0d6709a0-f5fc-425a-bdb0-8210265cab37;machineid=03484c...
[4.430] [PARSE ERROR] Unknown OSC escape code: 3008;start=6573a87c-173e-4fe2-8b7d-a8c642228fd2;machineid=03484c...
[4.430] [PARSE ERROR] Unknown OSC escape code: 3008;end=6573a87c-173e-4fe2-8b7d-a8c642228fd2;exit=success
[4.439] [PARSE ERROR] Unknown OSC escape code: 3008;start=0d6709a0-f5fc-425a-bdb0-8210265cab37;machineid=03484c...
[4.617] [PARSE ERROR] Unknown OSC escape code: 3008;start=b6d19c97-4335-4786-9661-d636702b951e;machineid=03484c...
[4.617] [PARSE ERROR] Unknown OSC escape code: 3008;end=b6d19c97-4335-4786-9661-d636702b951e;exit=success
[4.624] [PARSE ERROR] Unknown OSC escape code: 3008;start=0d6709a0-f5fc-425a-bdb0-8210265cab37;machineid=03484c...
[4.996] [PARSE ERROR] Unknown OSC escape code: 3008;start=2d8ffe50-1995-404f-a189-c8ebef71ea7d;machineid=03484c...
[4.996] [PARSE ERROR] Unknown OSC escape code: 3008;end=2d8ffe50-1995-404f-a189-c8ebef71ea7d;exit=success
[4.996] [PARSE ERROR] Unknown OSC escape code: 3008;start=0d6709a0-f5fc-425a-bdb0-8210265cab37;machineid=03484c...
[5.369] [PARSE ERROR] Unknown OSC escape code: 3008;start=ca31a373-e5f4-4b1d-820e-c9581515459d;machineid=03484c...
[5.380] [PARSE ERROR] Unknown OSC escape code: 3008;end=ca31a373-e5f4-4b1d-820e-c9581515459d;exit=success
[5.380] [PARSE ERROR] Unknown OSC escape code: 3008;start=0d6709a0-f5fc-425a-bdb0-8210265cab37;machineid=03484c...
