[0.085] Could not move child process into a systemd scope: [Errno 113] Failed to call StartTransientUnit: org.freedesktop.DBus.Error.ServiceUnknown: The name org.freedesktop.systemd1 was not provided by any .service files
[0.145] [glfw error 65544]: process_desktop_settings: failed with error: [org.freedesktop.DBus.Error.ServiceUnknown] The name org.freedesktop.portal.Desktop was not provided by any .service files
[0.145] [glfw error 65544]: Notify: Failed to get server capabilities error: [org.freedesktop.DBus.Error.ServiceUnknown] The name org.freedesktop.Notifications was not provided by any .service files
[0.148] [PARSE ERROR] Unknown OSC escape code: 3008;[profile metadata redacted]
[0.388] [PARSE ERROR] Unknown OSC escape code: 3008;[profile metadata redacted]
[0.388] [PARSE ERROR] Unknown OSC escape code: 3008;[profile metadata redacted]
[0.397] [PARSE ERROR] Unknown OSC escape code: 3008;[profile metadata redacted]
[0.702] [PARSE ERROR] Unknown OSC escape code: 3008;[profile metadata redacted]
[0.702] [PARSE ERROR] Unknown OSC escape code: 3008;[profile metadata redacted]
[0.727] [PARSE ERROR] Unknown OSC escape code: 3008;[profile metadata redacted]
[1.011] [PARSE ERROR] Unknown OSC escape code: 3008;[profile metadata redacted]
[1.011] [PARSE ERROR] Unknown OSC escape code: 3008;[profile metadata redacted]
[1.029] [PARSE ERROR] Unknown OSC escape code: 3008;[profile metadata redacted]
[1.199] [PARSE ERROR] Unknown OSC escape code: 3008;[profile metadata redacted]
[1.218] [PARSE ERROR] Unknown OSC escape code: 3008;[profile metadata redacted]
[1.218] [PARSE ERROR] Unknown OSC escape code: 3008;[profile metadata redacted]
[1.446] [PARSE ERROR] Unknown OSC escape code: 3008;[profile metadata redacted]
[1.446] [PARSE ERROR] Unknown OSC escape code: 3008;[profile metadata redacted]
[1.466] [PARSE ERROR] Unknown OSC escape code: 3008;[profile metadata redacted]
[1.688] [PARSE ERROR] Unknown OSC escape code: 3008;[profile metadata redacted]
[1.688] [PARSE ERROR] Unknown OSC escape code: 3008;[profile metadata redacted]
[1.688] [PARSE ERROR] Unknown OSC escape code: 3008;[profile metadata redacted]
[1.800] [PARSE ERROR] Unknown OSC escape code: 3008;[profile metadata redacted]
[1.800] [PARSE ERROR] Unknown OSC escape code: 3008;[profile metadata redacted]
[1.807] [PARSE ERROR] Unknown OSC escape code: 3008;[profile metadata redacted]
[2.012] [PARSE ERROR] Unknown OSC escape code: 3008;[profile metadata redacted]
[2.012] [PARSE ERROR] Unknown OSC escape code: 3008;[profile metadata redacted]
[2.029] [PARSE ERROR] Unknown OSC escape code: 3008;[profile metadata redacted]
[2.212] [PARSE ERROR] Unknown OSC escape code: 3008;[profile metadata redacted]
[2.212] [PARSE ERROR] Unknown OSC escape code: 3008;[profile metadata redacted]
[2.221] [PARSE ERROR] Unknown OSC escape code: 3008;[profile metadata redacted]
[2.405] [PARSE ERROR] Unknown OSC escape code: 3008;[profile metadata redacted]
[2.405] [PARSE ERROR] Unknown OSC escape code: 3008;[profile metadata redacted]
[2.423] [PARSE ERROR] Unknown OSC escape code: 3008;[profile metadata redacted]
[2.428] [PARSE ERROR] Unknown OSC escape code: 3008;[profile metadata redacted]
[2.428] [PARSE ERROR] Unknown OSC escape code: 3008;[profile metadata redacted]
[2.446] [PARSE ERROR] Unknown OSC escape code: 3008;[profile metadata redacted]
[2.450] [PARSE ERROR] Unknown OSC escape code: 3008;[profile metadata redacted]
[2.450] [PARSE ERROR] Unknown OSC escape code: 3008;[profile metadata redacted]
[2.469] [PARSE ERROR] Unknown OSC escape code: 3008;[profile metadata redacted]
[2.469] [PARSE ERROR] Unknown OSC escape code: 3008;[profile metadata redacted]
[2.469] [PARSE ERROR] Unknown OSC escape code: 3008;[profile metadata redacted]
[2.469] [PARSE ERROR] Unknown OSC escape code: 3008;[profile metadata redacted]
[2.473] [PARSE ERROR] Unknown OSC escape code: 3008;[profile metadata redacted]
[2.473] [PARSE ERROR] Unknown OSC escape code: 3008;[profile metadata redacted]
[2.495] [PARSE ERROR] Unknown OSC escape code: 3008;[profile metadata redacted]
[2.499] [PARSE ERROR] Unknown OSC escape code: 3008;[profile metadata redacted]
[2.499] [PARSE ERROR] Unknown OSC escape code: 3008;[profile metadata redacted]
[2.517] [PARSE ERROR] Unknown OSC escape code: 3008;[profile metadata redacted]
[2.521] [PARSE ERROR] Unknown OSC escape code: 3008;[profile metadata redacted]
[2.521] [PARSE ERROR] Unknown OSC escape code: 3008;[profile metadata redacted]
[2.539] [PARSE ERROR] Unknown OSC escape code: 3008;[profile metadata redacted]
[2.543] [PARSE ERROR] Unknown OSC escape code: 3008;[profile metadata redacted]
[2.543] [PARSE ERROR] Unknown OSC escape code: 3008;[profile metadata redacted]
[2.561] [PARSE ERROR] Unknown OSC escape code: 3008;[profile metadata redacted]
[2.562] [PARSE ERROR] Unknown OSC escape code: 3008;[profile metadata redacted]
[2.562] [PARSE ERROR] Unknown OSC escape code: 3008;[profile metadata redacted]
[2.562] [PARSE ERROR] Unknown OSC escape code: 3008;[profile metadata redacted]
[2.566] [PARSE ERROR] Unknown OSC escape code: 3008;[profile metadata redacted]
[2.566] [PARSE ERROR] Unknown OSC escape code: 3008;[profile metadata redacted]
[2.586] [PARSE ERROR] Unknown OSC escape code: 3008;[profile metadata redacted]
[2.590] [PARSE ERROR] Unknown OSC escape code: 3008;[profile metadata redacted]
[2.590] [PARSE ERROR] Unknown OSC escape code: 3008;[profile metadata redacted]
[2.607] [PARSE ERROR] Unknown OSC escape code: 3008;[profile metadata redacted]
[2.612] [PARSE ERROR] Unknown OSC escape code: 3008;[profile metadata redacted]
[2.612] [PARSE ERROR] Unknown OSC escape code: 3008;[profile metadata redacted]
[2.634] [PARSE ERROR] Unknown OSC escape code: 3008;[profile metadata redacted]
[2.959] [glfw error 65544]: Notify: Failed to create notification error: [org.freedesktop.DBus.Error.ServiceUnknown] The name org.freedesktop.Notifications was not provided by any .service files
[3.247] [PARSE ERROR] Unknown OSC escape code: 3008;[profile metadata redacted]
[3.247] [PARSE ERROR] Unknown OSC escape code: 3008;[profile metadata redacted]
[3.247] [PARSE ERROR] Unknown OSC escape code: 3008;[profile metadata redacted]
[3.375] Could not move child process into a systemd scope: [Errno 113] Failed to call StartTransientUnit: org.freedesktop.DBus.Error.ServiceUnknown: The name org.freedesktop.systemd1 was not provided by any .service files
[3.630] [PARSE ERROR] Unknown OSC escape code: 3008;[profile metadata redacted]
[3.630] [PARSE ERROR] Unknown OSC escape code: 3008;[profile metadata redacted]
[3.630] [PARSE ERROR] Unknown OSC escape code: 3008;[profile metadata redacted]
[4.047] Could not move child process into a systemd scope: [Errno 113] Failed to call StartTransientUnit: org.freedesktop.DBus.Error.ServiceUnknown: The name org.freedesktop.systemd1 was not provided by any .service files
[5.118] Could not move child process into a systemd scope: [Errno 113] Failed to call StartTransientUnit: org.freedesktop.DBus.Error.ServiceUnknown: The name org.freedesktop.systemd1 was not provided by any .service files
[5.857] [PARSE ERROR] Unknown OSC escape code: 3008;[profile metadata redacted]
[5.857] [PARSE ERROR] Unknown OSC escape code: 3008;[profile metadata redacted]
[5.863] [PARSE ERROR] Unknown OSC escape code: 3008;[profile metadata redacted]
[6.087] [PARSE ERROR] Unknown OSC escape code: 3008;[profile metadata redacted]
[6.087] [PARSE ERROR] Unknown OSC escape code: 3008;[profile metadata redacted]
[6.087] [PARSE ERROR] Unknown OSC escape code: 3008;[profile metadata redacted]
[6.452] [PARSE ERROR] Unknown OSC escape code: 3008;[profile metadata redacted]
[6.452] [PARSE ERROR] Unknown OSC escape code: 3008;[profile metadata redacted]
[6.452] [PARSE ERROR] Unknown OSC escape code: 3008;[profile metadata redacted]
[6.826] [PARSE ERROR] Unknown OSC escape code: 3008;[profile metadata redacted]
[6.826] [PARSE ERROR] Unknown OSC escape code: 3008;[profile metadata redacted]
[6.844] [PARSE ERROR] Unknown OSC escape code: 3008;[profile metadata redacted]
