[0.100] Could not move child process into a systemd scope: [Errno 113] Failed to call StartTransientUnit: org.freedesktop.DBus.Error.ServiceUnknown: The name org.freedesktop.systemd1 was not provided by any .service files
[0.172] [glfw error 65544]: process_desktop_settings: failed with error: [org.freedesktop.DBus.Error.ServiceUnknown] The name org.freedesktop.portal.Desktop was not provided by any .service files
[0.172] [glfw error 65544]: Notify: Failed to get server capabilities error: [org.freedesktop.DBus.Error.ServiceUnknown] The name org.freedesktop.Notifications was not provided by any .service files
[0.175] [PARSE ERROR] Unknown OSC escape code: 3008;start=73a12795-876c-45d4-bf08-8b7304098db4;machineid=03484c...
[0.428] [PARSE ERROR] Unknown OSC escape code: 3008;start=cc3de7eb-6d6a-4a35-964a-49b01cdc190e;machineid=03484c...
[0.428] [PARSE ERROR] Unknown OSC escape code: 3008;end=cc3de7eb-6d6a-4a35-964a-49b01cdc190e;exit=success
[0.428] [PARSE ERROR] Unknown OSC escape code: 3008;start=73a12795-876c-45d4-bf08-8b7304098db4;machineid=03484c...
[0.733] [PARSE ERROR] Unknown OSC escape code: 3008;start=a80a489f-6acb-45f9-ac2a-6fea64781700;machineid=03484c...
[0.733] [PARSE ERROR] Unknown OSC escape code: 3008;end=a80a489f-6acb-45f9-ac2a-6fea64781700;exit=success
[0.750] [PARSE ERROR] Unknown OSC escape code: 3008;start=73a12795-876c-45d4-bf08-8b7304098db4;machineid=03484c...
[1.031] [PARSE ERROR] Unknown OSC escape code: 3008;start=3c62b6af-0e98-4d15-8edb-96b619ecaa7c;machineid=03484c...
[1.031] [PARSE ERROR] Unknown OSC escape code: 3008;end=3c62b6af-0e98-4d15-8edb-96b619ecaa7c;exit=success
[1.056] [PARSE ERROR] Unknown OSC escape code: 3008;start=73a12795-876c-45d4-bf08-8b7304098db4;machineid=03484c...
[1.251] [PARSE ERROR] Unknown OSC escape code: 3008;start=0ed4ebd2-aed2-494b-8a99-fb28d7e497df;machineid=03484c...
[1.251] [PARSE ERROR] Unknown OSC escape code: 3008;end=0ed4ebd2-aed2-494b-8a99-fb28d7e497df;exit=success
[1.268] [PARSE ERROR] Unknown OSC escape code: 3008;start=73a12795-876c-45d4-bf08-8b7304098db4;machineid=03484c...
[1.485] [PARSE ERROR] Unknown OSC escape code: 3008;start=ee2a77d7-7c59-40c8-af8d-053d6a73faf6;machineid=03484c...
[1.485] [PARSE ERROR] Unknown OSC escape code: 3008;end=ee2a77d7-7c59-40c8-af8d-053d6a73faf6;exit=success
[1.502] [PARSE ERROR] Unknown OSC escape code: 3008;start=73a12795-876c-45d4-bf08-8b7304098db4;machineid=03484c...
[1.701] [PARSE ERROR] Unknown OSC escape code: 3008;start=c0d63534-ef30-41bc-a70f-323f81af2ea9;machineid=03484c...
[1.701] [PARSE ERROR] Unknown OSC escape code: 3008;end=c0d63534-ef30-41bc-a70f-323f81af2ea9;exit=success
[1.711] [PARSE ERROR] Unknown OSC escape code: 3008;start=73a12795-876c-45d4-bf08-8b7304098db4;machineid=03484c...
[1.786] [PARSE ERROR] Unknown OSC escape code: 3008;start=90a0947e-6210-4923-a324-7844f529e9a8;machineid=03484c...
[1.786] [PARSE ERROR] Unknown OSC escape code: 3008;end=90a0947e-6210-4923-a324-7844f529e9a8;exit=success
[1.794] [PARSE ERROR] Unknown OSC escape code: 3008;start=73a12795-876c-45d4-bf08-8b7304098db4;machineid=03484c...
[2.008] [PARSE ERROR] Unknown OSC escape code: 3008;start=4bb7cec7-fc14-4e0a-8223-27641f0ec210;machineid=03484c...
[2.008] [PARSE ERROR] Unknown OSC escape code: 3008;end=4bb7cec7-fc14-4e0a-8223-27641f0ec210;exit=success
[2.026] [PARSE ERROR] Unknown OSC escape code: 3008;start=73a12795-876c-45d4-bf08-8b7304098db4;machineid=03484c...
[2.207] [glfw error 65544]: Notify: Failed to create notification error: [org.freedesktop.DBus.Error.ServiceUnknown] The name org.freedesktop.Notifications was not provided by any .service files
[2.217] [PARSE ERROR] Unknown OSC escape code: 3008;start=0887c951-712a-4c74-818c-c5435456f448;machineid=03484c...
[2.217] [PARSE ERROR] Unknown OSC escape code: 3008;end=0887c951-712a-4c74-818c-c5435456f448;exit=success
[2.224] [PARSE ERROR] Unknown OSC escape code: 3008;start=73a12795-876c-45d4-bf08-8b7304098db4;machineid=03484c...
[2.443] [PARSE ERROR] Unknown OSC escape code: 3008;start=241326b7-f2cd-4b6b-83de-652f301df2b4;machineid=03484c...
[2.443] [PARSE ERROR] Unknown OSC escape code: 3008;end=241326b7-f2cd-4b6b-83de-652f301df2b4;exit=success
[2.443] [PARSE ERROR] Unknown OSC escape code: 3008;start=73a12795-876c-45d4-bf08-8b7304098db4;machineid=03484c...
[2.452] [PARSE ERROR] Unknown OSC escape code: 3008;start=09c51130-d1da-414c-a00c-95e9a596f1c0;machineid=03484c...
[2.452] [PARSE ERROR] Unknown OSC escape code: 3008;end=09c51130-d1da-414c-a00c-95e9a596f1c0;exit=success
[2.452] [PARSE ERROR] Unknown OSC escape code: 3008;start=73a12795-876c-45d4-bf08-8b7304098db4;machineid=03484c...
[2.482] [PARSE ERROR] Unknown OSC escape code: 3008;start=41767943-d33c-4221-a094-42d64784c45e;machineid=03484c...
[2.482] [PARSE ERROR] Unknown OSC escape code: 3008;end=41767943-d33c-4221-a094-42d64784c45e;exit=success
[2.482] [PARSE ERROR] Unknown OSC escape code: 3008;start=73a12795-876c-45d4-bf08-8b7304098db4;machineid=03484c...
[2.487] [PARSE ERROR] Unknown OSC escape code: 3008;start=53c89243-0150-40b5-8918-fb0c1f624e64;machineid=03484c...
[2.487] [PARSE ERROR] Unknown OSC escape code: 3008;end=53c89243-0150-40b5-8918-fb0c1f624e64;exit=success
[2.487] [PARSE ERROR] Unknown OSC escape code: 3008;start=73a12795-876c-45d4-bf08-8b7304098db4;machineid=03484c...
[2.511] [PARSE ERROR] Unknown OSC escape code: 3008;start=b8d5ed98-36f8-4510-81c5-587987371e46;machineid=03484c...
[2.511] [PARSE ERROR] Unknown OSC escape code: 3008;end=b8d5ed98-36f8-4510-81c5-587987371e46;exit=success
[2.534] [PARSE ERROR] Unknown OSC escape code: 3008;start=73a12795-876c-45d4-bf08-8b7304098db4;machineid=03484c...
[2.539] [PARSE ERROR] Unknown OSC escape code: 3008;start=0d4952f6-a49c-4843-9204-ef0d3d227da6;machineid=03484c...
[2.539] [PARSE ERROR] Unknown OSC escape code: 3008;end=0d4952f6-a49c-4843-9204-ef0d3d227da6;exit=success
[2.543] [PARSE ERROR] Unknown OSC escape code: 3008;start=73a12795-876c-45d4-bf08-8b7304098db4;machineid=03484c...
[2.547] [PARSE ERROR] Unknown OSC escape code: 3008;start=13a34bcb-99a3-457b-b52a-06ac55e543f4;machineid=03484c...
[2.547] [PARSE ERROR] Unknown OSC escape code: 3008;end=13a34bcb-99a3-457b-b52a-06ac55e543f4;exit=success
[2.547] [PARSE ERROR] Unknown OSC escape code: 3008;start=73a12795-876c-45d4-bf08-8b7304098db4;machineid=03484c...
[2.557] [PARSE ERROR] Unknown OSC escape code: 3008;start=3d58ad4e-b4e8-446c-8dea-9d864d36a543;machineid=03484c...
[2.557] [PARSE ERROR] Unknown OSC escape code: 3008;end=3d58ad4e-b4e8-446c-8dea-9d864d36a543;exit=success
[2.579] [PARSE ERROR] Unknown OSC escape code: 3008;start=73a12795-876c-45d4-bf08-8b7304098db4;machineid=03484c...
[2.583] [PARSE ERROR] Unknown OSC escape code: 3008;start=404eaa87-1988-4cb4-8b5c-dcbda0769d6e;machineid=03484c...
[2.583] [PARSE ERROR] Unknown OSC escape code: 3008;end=404eaa87-1988-4cb4-8b5c-dcbda0769d6e;exit=success
[2.587] [PARSE ERROR] Unknown OSC escape code: 3008;start=73a12795-876c-45d4-bf08-8b7304098db4;machineid=03484c...
[2.591] [PARSE ERROR] Unknown OSC escape code: 3008;start=3cfa0ddf-aa22-45eb-9572-aa0eb09b4dd3;machineid=03484c...
[2.591] [PARSE ERROR] Unknown OSC escape code: 3008;end=3cfa0ddf-aa22-45eb-9572-aa0eb09b4dd3;exit=success
[2.591] [PARSE ERROR] Unknown OSC escape code: 3008;start=73a12795-876c-45d4-bf08-8b7304098db4;machineid=03484c...
[2.623] [PARSE ERROR] Unknown OSC escape code: 3008;start=b19bcd98-6c20-4dae-a51b-de5bb05037e1;machineid=03484c...
[2.623] [PARSE ERROR] Unknown OSC escape code: 3008;end=b19bcd98-6c20-4dae-a51b-de5bb05037e1;exit=success
[2.623] [PARSE ERROR] Unknown OSC escape code: 3008;start=73a12795-876c-45d4-bf08-8b7304098db4;machineid=03484c...
[2.627] [PARSE ERROR] Unknown OSC escape code: 3008;start=770790f5-6bd4-4a94-9c31-7fbf59eae851;machineid=03484c...
[2.627] [PARSE ERROR] Unknown OSC escape code: 3008;end=770790f5-6bd4-4a94-9c31-7fbf59eae851;exit=success
[2.642] [PARSE ERROR] Unknown OSC escape code: 3008;start=73a12795-876c-45d4-bf08-8b7304098db4;machineid=03484c...
[3.226] [PARSE ERROR] Unknown OSC escape code: 3008;start=29276652-e9b7-44b8-9159-ba02a06009c8;machineid=03484c...
[3.226] [PARSE ERROR] Unknown OSC escape code: 3008;end=29276652-e9b7-44b8-9159-ba02a06009c8;exit=success
[3.233] [PARSE ERROR] Unknown OSC escape code: 3008;start=73a12795-876c-45d4-bf08-8b7304098db4;machineid=03484c...
[3.339] Could not move child process into a systemd scope: [Errno 113] Failed to call StartTransientUnit: org.freedesktop.DBus.Error.ServiceUnknown: The name org.freedesktop.systemd1 was not provided by any .service files
[3.585] [PARSE ERROR] Unknown OSC escape code: 3008;start=52939d62-7536-4413-a6ec-e08345433a97;machineid=03484c...
[3.585] [PARSE ERROR] Unknown OSC escape code: 3008;end=52939d62-7536-4413-a6ec-e08345433a97;exit=success
[3.590] [PARSE ERROR] Unknown OSC escape code: 3008;start=73a12795-876c-45d4-bf08-8b7304098db4;machineid=03484c...
[4.004] Could not move child process into a systemd scope: [Errno 113] Failed to call StartTransientUnit: org.freedesktop.DBus.Error.ServiceUnknown: The name org.freedesktop.systemd1 was not provided by any .service files
[5.091] Could not move child process into a systemd scope: [Errno 113] Failed to call StartTransientUnit: org.freedesktop.DBus.Error.ServiceUnknown: The name org.freedesktop.systemd1 was not provided by any .service files
[5.824] [PARSE ERROR] Unknown OSC escape code: 3008;start=8ffe31d7-5493-419e-a8c6-ebae663ce3ff;machineid=03484c...
[5.824] [PARSE ERROR] Unknown OSC escape code: 3008;end=8ffe31d7-5493-419e-a8c6-ebae663ce3ff;exit=success
[5.824] [PARSE ERROR] Unknown OSC escape code: 3008;start=73a12795-876c-45d4-bf08-8b7304098db4;machineid=03484c...
[6.036] [PARSE ERROR] Unknown OSC escape code: 3008;start=7e75735a-7864-41e5-93a8-7ed9d4cfbe16;machineid=03484c...
[6.036] [PARSE ERROR] Unknown OSC escape code: 3008;end=7e75735a-7864-41e5-93a8-7ed9d4cfbe16;exit=success
[6.053] [PARSE ERROR] Unknown OSC escape code: 3008;start=73a12795-876c-45d4-bf08-8b7304098db4;machineid=03484c...
[6.403] [PARSE ERROR] Unknown OSC escape code: 3008;start=1a07f321-5430-4dd9-9660-36e60ad84a13;machineid=03484c...
[6.403] [PARSE ERROR] Unknown OSC escape code: 3008;end=1a07f321-5430-4dd9-9660-36e60ad84a13;exit=success
[6.420] [PARSE ERROR] Unknown OSC escape code: 3008;start=73a12795-876c-45d4-bf08-8b7304098db4;machineid=03484c...
[6.779] [PARSE ERROR] Unknown OSC escape code: 3008;start=bf5bdb67-4455-434e-97a8-1fa5ceeceead;machineid=03484c...
[6.779] [PARSE ERROR] Unknown OSC escape code: 3008;end=bf5bdb67-4455-434e-97a8-1fa5ceeceead;exit=success
[6.797] [PARSE ERROR] Unknown OSC escape code: 3008;start=73a12795-876c-45d4-bf08-8b7304098db4;machineid=03484c...
