[0.107] Could not move child process into a systemd scope: [Errno 113] Failed to call StartTransientUnit: org.freedesktop.DBus.Error.ServiceUnknown: The name org.freedesktop.systemd1 was not provided by any .service files
[0.175] [glfw error 65544]: process_desktop_settings: failed with error: [org.freedesktop.DBus.Error.ServiceUnknown] The name org.freedesktop.portal.Desktop was not provided by any .service files
[0.175] [glfw error 65544]: Notify: Failed to get server capabilities error: [org.freedesktop.DBus.Error.ServiceUnknown] The name org.freedesktop.Notifications was not provided by any .service files
[0.178] [PARSE ERROR] Unknown OSC escape code: 3008;[profile metadata redacted]
[0.520] [PARSE ERROR] Unknown OSC escape code: 3008;[profile metadata redacted]
[0.520] [PARSE ERROR] Unknown OSC escape code: 3008;[profile metadata redacted]
[0.541] [PARSE ERROR] Unknown OSC escape code: 3008;[profile metadata redacted]
[0.842] [PARSE ERROR] Unknown OSC escape code: 3008;[profile metadata redacted]
[0.842] [PARSE ERROR] Unknown OSC escape code: 3008;[profile metadata redacted]
[0.859] [PARSE ERROR] Unknown OSC escape code: 3008;[profile metadata redacted]
[1.152] [PARSE ERROR] Unknown OSC escape code: 3008;[profile metadata redacted]
[1.152] [PARSE ERROR] Unknown OSC escape code: 3008;[profile metadata redacted]
[1.176] [PARSE ERROR] Unknown OSC escape code: 3008;[profile metadata redacted]
[1.371] [PARSE ERROR] Unknown OSC escape code: 3008;[profile metadata redacted]
[1.371] [PARSE ERROR] Unknown OSC escape code: 3008;[profile metadata redacted]
[1.387] [PARSE ERROR] Unknown OSC escape code: 3008;[profile metadata redacted]
[1.602] [PARSE ERROR] Unknown OSC escape code: 3008;[profile metadata redacted]
[1.602] [PARSE ERROR] Unknown OSC escape code: 3008;[profile metadata redacted]
[1.620] [PARSE ERROR] Unknown OSC escape code: 3008;[profile metadata redacted]
[1.844] [PARSE ERROR] Unknown OSC escape code: 3008;[profile metadata redacted]
[1.844] [PARSE ERROR] Unknown OSC escape code: 3008;[profile metadata redacted]
[1.866] [PARSE ERROR] Unknown OSC escape code: 3008;[profile metadata redacted]
[2.001] [PARSE ERROR] Unknown OSC escape code: 3008;[profile metadata redacted]
[2.001] [PARSE ERROR] Unknown OSC escape code: 3008;[profile metadata redacted]
[2.001] [PARSE ERROR] Unknown OSC escape code: 3008;[profile metadata redacted]
[2.090] [glfw error 65544]: Notify: Failed to create notification error: [org.freedesktop.DBus.Error.ServiceUnknown] The name org.freedesktop.Notifications was not provided by any .service files
[2.205] [PARSE ERROR] Unknown OSC escape code: 3008;[profile metadata redacted]
[2.205] [PARSE ERROR] Unknown OSC escape code: 3008;[profile metadata redacted]
[2.222] [PARSE ERROR] Unknown OSC escape code: 3008;[profile metadata redacted]
[2.423] [PARSE ERROR] Unknown OSC escape code: 3008;[profile metadata redacted]
[2.443] [PARSE ERROR] Unknown OSC escape code: 3008;[profile metadata redacted]
[2.443] [PARSE ERROR] Unknown OSC escape code: 3008;[profile metadata redacted]
[2.648] [PARSE ERROR] Unknown OSC escape code: 3008;[profile metadata redacted]
[2.648] [PARSE ERROR] Unknown OSC escape code: 3008;[profile metadata redacted]
[2.665] [PARSE ERROR] Unknown OSC escape code: 3008;[profile metadata redacted]
[2.669] [PARSE ERROR] Unknown OSC escape code: 3008;[profile metadata redacted]
[2.669] [PARSE ERROR] Unknown OSC escape code: 3008;[profile metadata redacted]
[2.685] [PARSE ERROR] Unknown OSC escape code: 3008;[profile metadata redacted]
[2.690] [PARSE ERROR] Unknown OSC escape code: 3008;[profile metadata redacted]
[2.690] [PARSE ERROR] Unknown OSC escape code: 3008;[profile metadata redacted]
[2.708] [PARSE ERROR] Unknown OSC escape code: 3008;[profile metadata redacted]
[2.712] [PARSE ERROR] Unknown OSC escape code: 3008;[profile metadata redacted]
[2.712] [PARSE ERROR] Unknown OSC escape code: 3008;[profile metadata redacted]
[2.728] [PARSE ERROR] Unknown OSC escape code: 3008;[profile metadata redacted]
[2.728] [PARSE ERROR] Unknown OSC escape code: 3008;[profile metadata redacted]
[2.728] [PARSE ERROR] Unknown OSC escape code: 3008;[profile metadata redacted]
[2.728] [PARSE ERROR] Unknown OSC escape code: 3008;[profile metadata redacted]
[2.755] [PARSE ERROR] Unknown OSC escape code: 3008;[profile metadata redacted]
[2.755] [PARSE ERROR] Unknown OSC escape code: 3008;[profile metadata redacted]
[2.755] [PARSE ERROR] Unknown OSC escape code: 3008;[profile metadata redacted]
[2.778] [PARSE ERROR] Unknown OSC escape code: 3008;[profile metadata redacted]
[2.778] [PARSE ERROR] Unknown OSC escape code: 3008;[profile metadata redacted]
[2.778] [PARSE ERROR] Unknown OSC escape code: 3008;[profile metadata redacted]
[2.803] [PARSE ERROR] Unknown OSC escape code: 3008;[profile metadata redacted]
[2.803] [PARSE ERROR] Unknown OSC escape code: 3008;[profile metadata redacted]
[2.803] [PARSE ERROR] Unknown OSC escape code: 3008;[profile metadata redacted]
[2.807] [PARSE ERROR] Unknown OSC escape code: 3008;[profile metadata redacted]
[2.807] [PARSE ERROR] Unknown OSC escape code: 3008;[profile metadata redacted]
[2.811] [PARSE ERROR] Unknown OSC escape code: 3008;[profile metadata redacted]
[2.815] [PARSE ERROR] Unknown OSC escape code: 3008;[profile metadata redacted]
[2.815] [PARSE ERROR] Unknown OSC escape code: 3008;[profile metadata redacted]
[2.819] [PARSE ERROR] Unknown OSC escape code: 3008;[profile metadata redacted]
[2.827] [PARSE ERROR] Unknown OSC escape code: 3008;[profile metadata redacted]
[2.827] [PARSE ERROR] Unknown OSC escape code: 3008;[profile metadata redacted]
[2.844] [PARSE ERROR] Unknown OSC escape code: 3008;[profile metadata redacted]
[2.849] [PARSE ERROR] Unknown OSC escape code: 3008;[profile metadata redacted]
[2.849] [PARSE ERROR] Unknown OSC escape code: 3008;[profile metadata redacted]
[2.853] [PARSE ERROR] Unknown OSC escape code: 3008;[profile metadata redacted]
[3.581] [PARSE ERROR] Unknown OSC escape code: 3008;[profile metadata redacted]
[3.581] [PARSE ERROR] Unknown OSC escape code: 3008;[profile metadata redacted]
[3.581] [PARSE ERROR] Unknown OSC escape code: 3008;[profile metadata redacted]
[3.693] Could not move child process into a systemd scope: [Errno 113] Failed to call StartTransientUnit: org.freedesktop.DBus.Error.ServiceUnknown: The name org.freedesktop.systemd1 was not provided by any .service files
[3.924] [PARSE ERROR] Unknown OSC escape code: 3008;[profile metadata redacted]
[3.924] [PARSE ERROR] Unknown OSC escape code: 3008;[profile metadata redacted]
[3.929] [PARSE ERROR] Unknown OSC escape code: 3008;[profile metadata redacted]
[4.346] Could not move child process into a systemd scope: [Errno 113] Failed to call StartTransientUnit: org.freedesktop.DBus.Error.ServiceUnknown: The name org.freedesktop.systemd1 was not provided by any .service files
[5.361] Could not move child process into a systemd scope: [Errno 113] Failed to call StartTransientUnit: org.freedesktop.DBus.Error.ServiceUnknown: The name org.freedesktop.systemd1 was not provided by any .service files
[6.173] [PARSE ERROR] Unknown OSC escape code: 3008;[profile metadata redacted]
[6.173] [PARSE ERROR] Unknown OSC escape code: 3008;[profile metadata redacted]
[6.173] [PARSE ERROR] Unknown OSC escape code: 3008;[profile metadata redacted]
[6.370] [PARSE ERROR] Unknown OSC escape code: 3008;[profile metadata redacted]
[6.370] [PARSE ERROR] Unknown OSC escape code: 3008;[profile metadata redacted]
[6.388] [PARSE ERROR] Unknown OSC escape code: 3008;[profile metadata redacted]
[6.734] [PARSE ERROR] Unknown OSC escape code: 3008;[profile metadata redacted]
[6.734] [PARSE ERROR] Unknown OSC escape code: 3008;[profile metadata redacted]
[6.752] [PARSE ERROR] Unknown OSC escape code: 3008;[profile metadata redacted]
[7.105] [PARSE ERROR] Unknown OSC escape code: 3008;[profile metadata redacted]
[7.105] [PARSE ERROR] Unknown OSC escape code: 3008;[profile metadata redacted]
[7.122] [PARSE ERROR] Unknown OSC escape code: 3008;[profile metadata redacted]
