[0.083] Could not move child process into a systemd scope: [Errno 113] Failed to call StartTransientUnit: org.freedesktop.DBus.Error.ServiceUnknown: The name org.freedesktop.systemd1 was not provided by any .service files
[0.138] [glfw error 65544]: process_desktop_settings: failed with error: [org.freedesktop.DBus.Error.ServiceUnknown] The name org.freedesktop.portal.Desktop was not provided by any .service files
[0.138] [glfw error 65544]: Notify: Failed to get server capabilities error: [org.freedesktop.DBus.Error.ServiceUnknown] The name org.freedesktop.Notifications was not provided by any .service files
[0.138] [PARSE ERROR] Unknown OSC escape code: 3008;start=fac682dc-9722-422e-9308-c1e55f97b749;machineid=03484c...
[0.344] [PARSE ERROR] Unknown OSC escape code: 3008;start=e55d7664-b0fd-4a94-b054-61e7b7f82c7c;machineid=03484c...
[0.344] [PARSE ERROR] Unknown OSC escape code: 3008;end=e55d7664-b0fd-4a94-b054-61e7b7f82c7c;exit=success
[0.352] [PARSE ERROR] Unknown OSC escape code: 3008;start=fac682dc-9722-422e-9308-c1e55f97b749;machineid=03484c...
[0.645] [PARSE ERROR] Unknown OSC escape code: 3008;start=117dc652-3870-4b49-b0f6-94ebb3e39806;machineid=03484c...
[0.663] [PARSE ERROR] Unknown OSC escape code: 3008;end=117dc652-3870-4b49-b0f6-94ebb3e39806;exit=success
[0.663] [PARSE ERROR] Unknown OSC escape code: 3008;start=fac682dc-9722-422e-9308-c1e55f97b749;machineid=03484c...
[0.961] [PARSE ERROR] Unknown OSC escape code: 3008;start=d045d4b8-573b-439d-ae7e-4580cdde5e8e;machineid=03484c...
[0.961] [PARSE ERROR] Unknown OSC escape code: 3008;end=d045d4b8-573b-439d-ae7e-4580cdde5e8e;exit=success
[0.961] [PARSE ERROR] Unknown OSC escape code: 3008;start=fac682dc-9722-422e-9308-c1e55f97b749;machineid=03484c...
[1.161] [PARSE ERROR] Unknown OSC escape code: 3008;start=d53aea93-4ce8-4063-b0a6-ea7488bb6037;machineid=03484c...
[1.161] [PARSE ERROR] Unknown OSC escape code: 3008;end=d53aea93-4ce8-4063-b0a6-ea7488bb6037;exit=success
[1.179] [PARSE ERROR] Unknown OSC escape code: 3008;start=fac682dc-9722-422e-9308-c1e55f97b749;machineid=03484c...
[1.407] [PARSE ERROR] Unknown OSC escape code: 3008;start=cde665d1-7a63-4f8b-ae42-a3adce55513e;machineid=03484c...
[1.407] [PARSE ERROR] Unknown OSC escape code: 3008;end=cde665d1-7a63-4f8b-ae42-a3adce55513e;exit=success
[1.425] [PARSE ERROR] Unknown OSC escape code: 3008;start=fac682dc-9722-422e-9308-c1e55f97b749;machineid=03484c...
[1.739] [PARSE ERROR] Unknown OSC escape code: 3008;start=dce8c716-190e-4bc3-8286-ae577a579d2e;machineid=03484c...
[1.739] [PARSE ERROR] Unknown OSC escape code: 3008;end=dce8c716-190e-4bc3-8286-ae577a579d2e;exit=success
[1.748] [PARSE ERROR] Unknown OSC escape code: 3008;start=fac682dc-9722-422e-9308-c1e55f97b749;machineid=03484c...
[1.781] [glfw error 65544]: Notify: Failed to create notification error: [org.freedesktop.DBus.Error.ServiceUnknown] The name org.freedesktop.Notifications was not provided by any .service files
[1.861] [PARSE ERROR] Unknown OSC escape code: 3008;start=fdd72252-292f-4b50-a908-e3f78771f07d;machineid=03484c...
[1.861] [PARSE ERROR] Unknown OSC escape code: 3008;end=fdd72252-292f-4b50-a908-e3f78771f07d;exit=success
[1.861] [PARSE ERROR] Unknown OSC escape code: 3008;start=fac682dc-9722-422e-9308-c1e55f97b749;machineid=03484c...
[2.039] [PARSE ERROR] Unknown OSC escape code: 3008;start=4134e3aa-9d25-4db5-8322-d38670350710;machineid=03484c...
[2.039] [PARSE ERROR] Unknown OSC escape code: 3008;end=4134e3aa-9d25-4db5-8322-d38670350710;exit=success
[2.057] [PARSE ERROR] Unknown OSC escape code: 3008;start=fac682dc-9722-422e-9308-c1e55f97b749;machineid=03484c...
[2.738] [PARSE ERROR] Unknown OSC escape code: 3008;start=3d440c49-1f7e-47d7-9530-f41765b9e21f;machineid=03484c...
[2.748] [PARSE ERROR] Unknown OSC escape code: 3008;end=3d440c49-1f7e-47d7-9530-f41765b9e21f;exit=success
[2.748] [PARSE ERROR] Unknown OSC escape code: 3008;start=fac682dc-9722-422e-9308-c1e55f97b749;machineid=03484c...
[2.947] [PARSE ERROR] Unknown OSC escape code: 3008;start=1ce81b4c-d9be-4532-aaca-59107f682ae0;machineid=03484c...
[2.947] [PARSE ERROR] Unknown OSC escape code: 3008;end=1ce81b4c-d9be-4532-aaca-59107f682ae0;exit=success
[2.965] [PARSE ERROR] Unknown OSC escape code: 3008;start=fac682dc-9722-422e-9308-c1e55f97b749;machineid=03484c...
[2.970] [PARSE ERROR] Unknown OSC escape code: 3008;start=e9b5c0c3-4c87-4e73-8901-07beb27e7dfb;machineid=03484c...
[2.970] [PARSE ERROR] Unknown OSC escape code: 3008;end=e9b5c0c3-4c87-4e73-8901-07beb27e7dfb;exit=success
[2.986] [PARSE ERROR] Unknown OSC escape code: 3008;start=fac682dc-9722-422e-9308-c1e55f97b749;machineid=03484c...
[2.990] [PARSE ERROR] Unknown OSC escape code: 3008;start=4829c6be-7aea-4da3-9dcf-7473a899ed7c;machineid=03484c...
[2.990] [PARSE ERROR] Unknown OSC escape code: 3008;end=4829c6be-7aea-4da3-9dcf-7473a899ed7c;exit=success
[3.007] [PARSE ERROR] Unknown OSC escape code: 3008;start=fac682dc-9722-422e-9308-c1e55f97b749;machineid=03484c...
[3.012] [PARSE ERROR] Unknown OSC escape code: 3008;start=90bbd321-a3a6-4a93-9ec6-6d84348c1642;machineid=03484c...
[3.012] [PARSE ERROR] Unknown OSC escape code: 3008;end=90bbd321-a3a6-4a93-9ec6-6d84348c1642;exit=success
[3.029] [PARSE ERROR] Unknown OSC escape code: 3008;start=fac682dc-9722-422e-9308-c1e55f97b749;machineid=03484c...
[3.033] [PARSE ERROR] Unknown OSC escape code: 3008;start=e2c9f867-e49e-4e80-a142-a444a8fa55d4;machineid=03484c...
[3.033] [PARSE ERROR] Unknown OSC escape code: 3008;end=e2c9f867-e49e-4e80-a142-a444a8fa55d4;exit=success
[3.050] [PARSE ERROR] Unknown OSC escape code: 3008;start=fac682dc-9722-422e-9308-c1e55f97b749;machineid=03484c...
[3.054] [PARSE ERROR] Unknown OSC escape code: 3008;start=a2eff440-f8bc-4817-93b0-b5f626ba48fb;machineid=03484c...
[3.054] [PARSE ERROR] Unknown OSC escape code: 3008;end=a2eff440-f8bc-4817-93b0-b5f626ba48fb;exit=success
[3.071] [PARSE ERROR] Unknown OSC escape code: 3008;start=fac682dc-9722-422e-9308-c1e55f97b749;machineid=03484c...
[3.075] [PARSE ERROR] Unknown OSC escape code: 3008;start=b517e256-5ee9-44b3-abfe-af42e893fdb2;machineid=03484c...
[3.075] [PARSE ERROR] Unknown OSC escape code: 3008;end=b517e256-5ee9-44b3-abfe-af42e893fdb2;exit=success
[3.091] [PARSE ERROR] Unknown OSC escape code: 3008;start=fac682dc-9722-422e-9308-c1e55f97b749;machineid=03484c...
[3.091] [PARSE ERROR] Unknown OSC escape code: 3008;start=413ba5d6-90df-41e4-87f5-9e99e37f8032;machineid=03484c...
[3.091] [PARSE ERROR] Unknown OSC escape code: 3008;end=413ba5d6-90df-41e4-87f5-9e99e37f8032;exit=success
[3.091] [PARSE ERROR] Unknown OSC escape code: 3008;start=fac682dc-9722-422e-9308-c1e55f97b749;machineid=03484c...
[3.096] [PARSE ERROR] Unknown OSC escape code: 3008;start=8fd32276-9a5f-4cb9-bc6f-60cb541ad802;machineid=03484c...
[3.096] [PARSE ERROR] Unknown OSC escape code: 3008;end=8fd32276-9a5f-4cb9-bc6f-60cb541ad802;exit=success
[3.114] [PARSE ERROR] Unknown OSC escape code: 3008;start=fac682dc-9722-422e-9308-c1e55f97b749;machineid=03484c...
[3.119] [PARSE ERROR] Unknown OSC escape code: 3008;start=6cdb73fc-7cd6-4767-8b24-e897db73d160;machineid=03484c...
[3.119] [PARSE ERROR] Unknown OSC escape code: 3008;end=6cdb73fc-7cd6-4767-8b24-e897db73d160;exit=success
[3.123] [PARSE ERROR] Unknown OSC escape code: 3008;start=fac682dc-9722-422e-9308-c1e55f97b749;machineid=03484c...
[3.129] [PARSE ERROR] Unknown OSC escape code: 3008;start=2c24902a-b1e6-4ca1-bb9c-9c178e211b43;machineid=03484c...
[3.129] [PARSE ERROR] Unknown OSC escape code: 3008;end=2c24902a-b1e6-4ca1-bb9c-9c178e211b43;exit=success
[3.133] [PARSE ERROR] Unknown OSC escape code: 3008;start=fac682dc-9722-422e-9308-c1e55f97b749;machineid=03484c...
[3.152] [PARSE ERROR] Unknown OSC escape code: 3008;start=d72b2a6a-d5e5-438f-a97f-0a8c0fb7792d;machineid=03484c...
[3.152] [PARSE ERROR] Unknown OSC escape code: 3008;end=d72b2a6a-d5e5-438f-a97f-0a8c0fb7792d;exit=success
[3.167] [PARSE ERROR] Unknown OSC escape code: 3008;start=fac682dc-9722-422e-9308-c1e55f97b749;machineid=03484c...
[3.744] [PARSE ERROR] Unknown OSC escape code: 3008;start=4c126964-cb1b-41dc-9da8-70217f722c9f;machineid=03484c...
[3.744] [PARSE ERROR] Unknown OSC escape code: 3008;end=4c126964-cb1b-41dc-9da8-70217f722c9f;exit=success
[3.752] [PARSE ERROR] Unknown OSC escape code: 3008;start=fac682dc-9722-422e-9308-c1e55f97b749;machineid=03484c...
[3.852] Could not move child process into a systemd scope: [Errno 113] Failed to call StartTransientUnit: org.freedesktop.DBus.Error.ServiceUnknown: The name org.freedesktop.systemd1 was not provided by any .service files
[4.110] [PARSE ERROR] Unknown OSC escape code: 3008;start=50db3797-63b4-41c9-b993-f50203bc3777;machineid=03484c...
[4.110] [PARSE ERROR] Unknown OSC escape code: 3008;end=50db3797-63b4-41c9-b993-f50203bc3777;exit=success
[4.114] [PARSE ERROR] Unknown OSC escape code: 3008;start=fac682dc-9722-422e-9308-c1e55f97b749;machineid=03484c...
[4.536] Could not move child process into a systemd scope: [Errno 113] Failed to call StartTransientUnit: org.freedesktop.DBus.Error.ServiceUnknown: The name org.freedesktop.systemd1 was not provided by any .service files
[5.611] Could not move child process into a systemd scope: [Errno 113] Failed to call StartTransientUnit: org.freedesktop.DBus.Error.ServiceUnknown: The name org.freedesktop.systemd1 was not provided by any .service files
[6.388] [PARSE ERROR] Unknown OSC escape code: 3008;start=b5d132db-f41b-40e6-adc6-bb347c25c642;machineid=03484c...
[6.388] [PARSE ERROR] Unknown OSC escape code: 3008;end=b5d132db-f41b-40e6-adc6-bb347c25c642;exit=success
[6.393] [PARSE ERROR] Unknown OSC escape code: 3008;start=fac682dc-9722-422e-9308-c1e55f97b749;machineid=03484c...
[6.607] [PARSE ERROR] Unknown OSC escape code: 3008;start=959f88ad-88ec-4fb0-9a03-a6132f531c16;machineid=03484c...
[6.607] [PARSE ERROR] Unknown OSC escape code: 3008;end=959f88ad-88ec-4fb0-9a03-a6132f531c16;exit=success
[6.624] [PARSE ERROR] Unknown OSC escape code: 3008;start=fac682dc-9722-422e-9308-c1e55f97b749;machineid=03484c...
[7.005] [PARSE ERROR] Unknown OSC escape code: 3008;start=1c40196f-ecd6-483f-9497-bfabc339e330;machineid=03484c...
[7.005] [PARSE ERROR] Unknown OSC escape code: 3008;end=1c40196f-ecd6-483f-9497-bfabc339e330;exit=success
[7.005] [PARSE ERROR] Unknown OSC escape code: 3008;start=fac682dc-9722-422e-9308-c1e55f97b749;machineid=03484c...
[7.387] [PARSE ERROR] Unknown OSC escape code: 3008;start=f01a2d3a-f746-411b-a821-175667fbc88f;machineid=03484c...
[7.387] [PARSE ERROR] Unknown OSC escape code: 3008;end=f01a2d3a-f746-411b-a821-175667fbc88f;exit=success
[7.387] [PARSE ERROR] Unknown OSC escape code: 3008;start=fac682dc-9722-422e-9308-c1e55f97b749;machineid=03484c...
