[0.123] Could not move child process into a systemd scope: [Errno 113] Failed to call StartTransientUnit: org.freedesktop.DBus.Error.ServiceUnknown: The name org.freedesktop.systemd1 was not provided by any .service files
[0.188] [glfw error 65544]: process_desktop_settings: failed with error: [org.freedesktop.DBus.Error.ServiceUnknown] The name org.freedesktop.portal.Desktop was not provided by any .service files
[0.188] [glfw error 65544]: Notify: Failed to get server capabilities error: [org.freedesktop.DBus.Error.ServiceUnknown] The name org.freedesktop.Notifications was not provided by any .service files
[0.191] [PARSE ERROR] Unknown OSC escape code: 3008;start=f527fdb4-87bf-44b2-9b82-ea41e43a55d0;machineid=03484c...
[0.469] [PARSE ERROR] Unknown OSC escape code: 3008;start=ca7a1432-973c-445f-bc4b-aa6f380585e3;machineid=03484c...
[0.469] [PARSE ERROR] Unknown OSC escape code: 3008;end=ca7a1432-973c-445f-bc4b-aa6f380585e3;exit=success
[0.479] [PARSE ERROR] Unknown OSC escape code: 3008;start=f527fdb4-87bf-44b2-9b82-ea41e43a55d0;machineid=03484c...
[0.717] [PARSE ERROR] Unknown OSC escape code: 3008;start=70cfb39c-9ea1-4835-a33f-e12622933dfc;machineid=03484c...
[0.717] [PARSE ERROR] Unknown OSC escape code: 3008;end=70cfb39c-9ea1-4835-a33f-e12622933dfc;exit=success
[0.717] [PARSE ERROR] Unknown OSC escape code: 3008;start=f527fdb4-87bf-44b2-9b82-ea41e43a55d0;machineid=03484c...
[0.948] [PARSE ERROR] Unknown OSC escape code: 3008;start=2edd1a28-c1ad-43f3-b986-53b3c2127e6e;machineid=03484c...
[0.948] [PARSE ERROR] Unknown OSC escape code: 3008;end=2edd1a28-c1ad-43f3-b986-53b3c2127e6e;exit=success
[0.961] [PARSE ERROR] Unknown OSC escape code: 3008;start=f527fdb4-87bf-44b2-9b82-ea41e43a55d0;machineid=03484c...
[1.093] [PARSE ERROR] Unknown OSC escape code: 3008;start=cf178dc9-e3af-484e-906d-2af5b0b18f99;machineid=03484c...
[1.093] [PARSE ERROR] Unknown OSC escape code: 3008;end=cf178dc9-e3af-484e-906d-2af5b0b18f99;exit=success
[1.103] [PARSE ERROR] Unknown OSC escape code: 3008;start=f527fdb4-87bf-44b2-9b82-ea41e43a55d0;machineid=03484c...
[1.256] [PARSE ERROR] Unknown OSC escape code: 3008;start=1b3adeb5-9d9a-447f-82e6-5667ee07d0fa;machineid=03484c...
[1.256] [PARSE ERROR] Unknown OSC escape code: 3008;end=1b3adeb5-9d9a-447f-82e6-5667ee07d0fa;exit=success
[1.268] [PARSE ERROR] Unknown OSC escape code: 3008;start=f527fdb4-87bf-44b2-9b82-ea41e43a55d0;machineid=03484c...
[1.448] [PARSE ERROR] Unknown OSC escape code: 3008;start=589d54ee-d3e0-47f4-8d8c-270ec1322325;machineid=03484c...
[1.448] [PARSE ERROR] Unknown OSC escape code: 3008;end=589d54ee-d3e0-47f4-8d8c-270ec1322325;exit=success
[1.460] [PARSE ERROR] Unknown OSC escape code: 3008;start=f527fdb4-87bf-44b2-9b82-ea41e43a55d0;machineid=03484c...
[1.576] [PARSE ERROR] Unknown OSC escape code: 3008;start=37db3f2d-551b-4e09-91b3-7816c928d061;machineid=03484c...
[1.576] [PARSE ERROR] Unknown OSC escape code: 3008;end=37db3f2d-551b-4e09-91b3-7816c928d061;exit=success
[1.576] [PARSE ERROR] Unknown OSC escape code: 3008;start=f527fdb4-87bf-44b2-9b82-ea41e43a55d0;machineid=03484c...
[1.732] [PARSE ERROR] Unknown OSC escape code: 3008;start=7417751b-482b-4f61-bd24-903a244b5d6c;machineid=03484c...
[1.732] [PARSE ERROR] Unknown OSC escape code: 3008;end=7417751b-482b-4f61-bd24-903a244b5d6c;exit=success
[1.743] [PARSE ERROR] Unknown OSC escape code: 3008;start=f527fdb4-87bf-44b2-9b82-ea41e43a55d0;machineid=03484c...
[1.925] [PARSE ERROR] Unknown OSC escape code: 3008;start=f3584d15-9762-4628-8cc9-06311b7ea90b;machineid=03484c...
[1.925] [PARSE ERROR] Unknown OSC escape code: 3008;end=f3584d15-9762-4628-8cc9-06311b7ea90b;exit=success
[1.939] [PARSE ERROR] Unknown OSC escape code: 3008;start=f527fdb4-87bf-44b2-9b82-ea41e43a55d0;machineid=03484c...
[2.093] [PARSE ERROR] Unknown OSC escape code: 3008;start=c930cac5-9740-45a9-8050-995f99ba3296;machineid=03484c...
[2.093] [PARSE ERROR] Unknown OSC escape code: 3008;end=c930cac5-9740-45a9-8050-995f99ba3296;exit=success
[2.107] [PARSE ERROR] Unknown OSC escape code: 3008;start=f527fdb4-87bf-44b2-9b82-ea41e43a55d0;machineid=03484c...
[2.111] [PARSE ERROR] Unknown OSC escape code: 3008;start=2693db97-b848-43a5-a3ac-ead9cb46926a;machineid=03484c...
[2.114] [PARSE ERROR] Unknown OSC escape code: 3008;end=2693db97-b848-43a5-a3ac-ead9cb46926a;exit=success
[2.114] [PARSE ERROR] Unknown OSC escape code: 3008;start=f527fdb4-87bf-44b2-9b82-ea41e43a55d0;machineid=03484c...
[2.124] [PARSE ERROR] Unknown OSC escape code: 3008;start=05d16aa9-7304-41c4-a358-d7655ceeed40;machineid=03484c...
[2.124] [PARSE ERROR] Unknown OSC escape code: 3008;end=05d16aa9-7304-41c4-a358-d7655ceeed40;exit=success
[2.128] [PARSE ERROR] Unknown OSC escape code: 3008;start=f527fdb4-87bf-44b2-9b82-ea41e43a55d0;machineid=03484c...
[2.156] [PARSE ERROR] Unknown OSC escape code: 3008;start=eaf158a5-8edb-4f02-9671-259572060422;machineid=03484c...
[2.156] [PARSE ERROR] Unknown OSC escape code: 3008;end=eaf158a5-8edb-4f02-9671-259572060422;exit=success
[2.156] [PARSE ERROR] Unknown OSC escape code: 3008;start=f527fdb4-87bf-44b2-9b82-ea41e43a55d0;machineid=03484c...
[2.160] [PARSE ERROR] Unknown OSC escape code: 3008;start=f9217b75-b802-47c8-873a-31a5bc5afb19;machineid=03484c...
[2.160] [PARSE ERROR] Unknown OSC escape code: 3008;end=f9217b75-b802-47c8-873a-31a5bc5afb19;exit=success
[2.171] [PARSE ERROR] Unknown OSC escape code: 3008;start=f527fdb4-87bf-44b2-9b82-ea41e43a55d0;machineid=03484c...
[2.176] [PARSE ERROR] Unknown OSC escape code: 3008;start=612c1402-6ee0-4590-9bca-0673271ab70a;machineid=03484c...
[2.176] [PARSE ERROR] Unknown OSC escape code: 3008;end=612c1402-6ee0-4590-9bca-0673271ab70a;exit=success
[2.186] [PARSE ERROR] Unknown OSC escape code: 3008;start=f527fdb4-87bf-44b2-9b82-ea41e43a55d0;machineid=03484c...
[2.206] [PARSE ERROR] Unknown OSC escape code: 3008;start=c4ad6356-722b-439c-8243-227dac9765b4;machineid=03484c...
[2.206] [PARSE ERROR] Unknown OSC escape code: 3008;end=c4ad6356-722b-439c-8243-227dac9765b4;exit=success
[2.206] [PARSE ERROR] Unknown OSC escape code: 3008;start=f527fdb4-87bf-44b2-9b82-ea41e43a55d0;machineid=03484c...
[2.223] [PARSE ERROR] Unknown OSC escape code: 3008;start=180144fa-b48d-49a1-8741-798aebbb546a;machineid=03484c...
[2.223] [PARSE ERROR] Unknown OSC escape code: 3008;end=180144fa-b48d-49a1-8741-798aebbb546a;exit=success
[2.223] [PARSE ERROR] Unknown OSC escape code: 3008;start=f527fdb4-87bf-44b2-9b82-ea41e43a55d0;machineid=03484c...
[2.239] [PARSE ERROR] Unknown OSC escape code: 3008;start=25013c55-f5dc-470a-8042-39661150e945;machineid=03484c...
[2.239] [PARSE ERROR] Unknown OSC escape code: 3008;end=25013c55-f5dc-470a-8042-39661150e945;exit=success
[2.239] [PARSE ERROR] Unknown OSC escape code: 3008;start=f527fdb4-87bf-44b2-9b82-ea41e43a55d0;machineid=03484c...
[2.245] [PARSE ERROR] Unknown OSC escape code: 3008;start=2761ec55-6273-4e43-91f2-4e8008e56d47;machineid=03484c...
[2.245] [PARSE ERROR] Unknown OSC escape code: 3008;end=2761ec55-6273-4e43-91f2-4e8008e56d47;exit=success
[2.255] [PARSE ERROR] Unknown OSC escape code: 3008;start=f527fdb4-87bf-44b2-9b82-ea41e43a55d0;machineid=03484c...
[2.260] [PARSE ERROR] Unknown OSC escape code: 3008;start=e44074ae-bee6-4346-a55c-31283ba77979;machineid=03484c...
[2.260] [PARSE ERROR] Unknown OSC escape code: 3008;end=e44074ae-bee6-4346-a55c-31283ba77979;exit=success
[2.269] [PARSE ERROR] Unknown OSC escape code: 3008;start=f527fdb4-87bf-44b2-9b82-ea41e43a55d0;machineid=03484c...
[2.275] [PARSE ERROR] Unknown OSC escape code: 3008;start=5563825c-8942-4a22-b8fe-d35ce427b473;machineid=03484c...
[2.275] [PARSE ERROR] Unknown OSC escape code: 3008;end=5563825c-8942-4a22-b8fe-d35ce427b473;exit=success
[2.284] [PARSE ERROR] Unknown OSC escape code: 3008;start=f527fdb4-87bf-44b2-9b82-ea41e43a55d0;machineid=03484c...
[2.846] [glfw error 65544]: Notify: Failed to create notification error: [org.freedesktop.DBus.Error.ServiceUnknown] The name org.freedesktop.Notifications was not provided by any .service files
[2.936] [PARSE ERROR] Unknown OSC escape code: 3008;start=d54d6a31-2900-4bdf-80fc-48f2240f789b;machineid=03484c...
[2.936] [PARSE ERROR] Unknown OSC escape code: 3008;end=d54d6a31-2900-4bdf-80fc-48f2240f789b;exit=success
[2.936] [PARSE ERROR] Unknown OSC escape code: 3008;start=f527fdb4-87bf-44b2-9b82-ea41e43a55d0;machineid=03484c...
[3.037] Could not move child process into a systemd scope: [Errno 113] Failed to call StartTransientUnit: org.freedesktop.DBus.Error.ServiceUnknown: The name org.freedesktop.systemd1 was not provided by any .service files
[3.225] [PARSE ERROR] Unknown OSC escape code: 3008;start=7de248fa-768c-4e38-aa24-cc8a2b048df9;machineid=03484c...
[3.225] [PARSE ERROR] Unknown OSC escape code: 3008;end=7de248fa-768c-4e38-aa24-cc8a2b048df9;exit=success
[3.229] [PARSE ERROR] Unknown OSC escape code: 3008;start=f527fdb4-87bf-44b2-9b82-ea41e43a55d0;machineid=03484c...
[3.606] Could not move child process into a systemd scope: [Errno 113] Failed to call StartTransientUnit: org.freedesktop.DBus.Error.ServiceUnknown: The name org.freedesktop.systemd1 was not provided by any .service files
[4.373] Could not move child process into a systemd scope: [Errno 113] Failed to call StartTransientUnit: org.freedesktop.DBus.Error.ServiceUnknown: The name org.freedesktop.systemd1 was not provided by any .service files
[5.201] [PARSE ERROR] Unknown OSC escape code: 3008;start=0c525ea1-f281-4ac9-b877-caefc357ace8;machineid=03484c...
[5.201] [PARSE ERROR] Unknown OSC escape code: 3008;end=0c525ea1-f281-4ac9-b877-caefc357ace8;exit=success
[5.201] [PARSE ERROR] Unknown OSC escape code: 3008;start=f527fdb4-87bf-44b2-9b82-ea41e43a55d0;machineid=03484c...
[5.371] [PARSE ERROR] Unknown OSC escape code: 3008;start=11df35b7-9518-4f17-85c0-f3f72078a584;machineid=03484c...
[5.372] [PARSE ERROR] Unknown OSC escape code: 3008;end=11df35b7-9518-4f17-85c0-f3f72078a584;exit=success
[5.381] [PARSE ERROR] Unknown OSC escape code: 3008;start=f527fdb4-87bf-44b2-9b82-ea41e43a55d0;machineid=03484c...
[5.738] [PARSE ERROR] Unknown OSC escape code: 3008;start=9d4b5cf2-60f2-4823-8bc1-8c2209103114;machineid=03484c...
[5.738] [PARSE ERROR] Unknown OSC escape code: 3008;end=9d4b5cf2-60f2-4823-8bc1-8c2209103114;exit=success
[5.747] [PARSE ERROR] Unknown OSC escape code: 3008;start=f527fdb4-87bf-44b2-9b82-ea41e43a55d0;machineid=03484c...
[5.992] [PARSE ERROR] Unknown OSC escape code: 3008;start=5bb5d1d1-e053-4571-a16d-414361c0fa31;machineid=03484c...
[5.992] [PARSE ERROR] Unknown OSC escape code: 3008;end=5bb5d1d1-e053-4571-a16d-414361c0fa31;exit=success
[6.002] [PARSE ERROR] Unknown OSC escape code: 3008;start=f527fdb4-87bf-44b2-9b82-ea41e43a55d0;machineid=03484c...
