[0.290] The output buffer does not support sRGB color encoding, colors will be incorrect.
[0.291] Failed to enable transparency. This happens when your desktop environment does not support compositing.
[0.351] [PARSE ERROR] Unknown OSC escape code: 3008;start=b74df00d-107a-44d3-b7b5-9597996e2390;machineid=03484c...
[0.455] [PARSE ERROR] Unknown OSC escape code: 3008;start=88612b6c-7a6b-48cd-8553-7afeeacede08;machineid=03484c...
[0.455] [PARSE ERROR] Unknown OSC escape code: 3008;end=88612b6c-7a6b-48cd-8553-7afeeacede08;exit=success
[0.464] [PARSE ERROR] Unknown OSC escape code: 3008;start=b74df00d-107a-44d3-b7b5-9597996e2390;machineid=03484c...
[0.629] [PARSE ERROR] Unknown OSC escape code: 3008;start=08345659-a0d6-47a3-8f11-b1b0a6953433;machineid=03484c...
[0.629] [PARSE ERROR] Unknown OSC escape code: 3008;end=08345659-a0d6-47a3-8f11-b1b0a6953433;exit=success
[0.643] [PARSE ERROR] Unknown OSC escape code: 3008;start=b74df00d-107a-44d3-b7b5-9597996e2390;machineid=03484c...
[0.816] [PARSE ERROR] Unknown OSC escape code: 3008;start=974c2889-e330-429e-b7fc-4bc6eae39cac;machineid=03484c...
[0.816] [PARSE ERROR] Unknown OSC escape code: 3008;end=974c2889-e330-429e-b7fc-4bc6eae39cac;exit=success
[0.829] [PARSE ERROR] Unknown OSC escape code: 3008;start=b74df00d-107a-44d3-b7b5-9597996e2390;machineid=03484c...
[0.942] [PARSE ERROR] Unknown OSC escape code: 3008;start=1879c1b7-0ed4-44c1-b436-2fa825482e99;machineid=03484c...
[0.942] [PARSE ERROR] Unknown OSC escape code: 3008;end=1879c1b7-0ed4-44c1-b436-2fa825482e99;exit=success
[0.942] [PARSE ERROR] Unknown OSC escape code: 3008;start=b74df00d-107a-44d3-b7b5-9597996e2390;machineid=03484c...
[1.044] [PARSE ERROR] Unknown OSC escape code: 3008;start=20586e4b-0c7f-470a-9cdc-f52098de9d54;machineid=03484c...
[1.044] [PARSE ERROR] Unknown OSC escape code: 3008;end=20586e4b-0c7f-470a-9cdc-f52098de9d54;exit=success
[1.057] [PARSE ERROR] Unknown OSC escape code: 3008;start=b74df00d-107a-44d3-b7b5-9597996e2390;machineid=03484c...
[1.375] [PARSE ERROR] Unknown OSC escape code: 3008;start=93864ea9-0b74-442a-95c5-d7e221573040;machineid=03484c...
[1.375] [PARSE ERROR] Unknown OSC escape code: 3008;end=93864ea9-0b74-442a-95c5-d7e221573040;exit=success
[1.383] [PARSE ERROR] Unknown OSC escape code: 3008;start=b74df00d-107a-44d3-b7b5-9597996e2390;machineid=03484c...
[1.459] [PARSE ERROR] Unknown OSC escape code: 3008;start=f645d719-abcb-48b6-8781-8e338a453d0f;machineid=03484c...
[1.459] [PARSE ERROR] Unknown OSC escape code: 3008;end=f645d719-abcb-48b6-8781-8e338a453d0f;exit=success
[1.467] [PARSE ERROR] Unknown OSC escape code: 3008;start=b74df00d-107a-44d3-b7b5-9597996e2390;machineid=03484c...
[1.583] [PARSE ERROR] Unknown OSC escape code: 3008;start=542ed1c5-b1e8-447b-8940-00640f11f6d7;machineid=03484c...
[1.583] [PARSE ERROR] Unknown OSC escape code: 3008;end=542ed1c5-b1e8-447b-8940-00640f11f6d7;exit=success
[1.583] [PARSE ERROR] Unknown OSC escape code: 3008;start=b74df00d-107a-44d3-b7b5-9597996e2390;machineid=03484c...
[1.870] [PARSE ERROR] Unknown OSC escape code: 3008;start=dc86438c-e5e1-44bf-af85-a6977c3faa44;machineid=03484c...
[1.870] [PARSE ERROR] Unknown OSC escape code: 3008;end=dc86438c-e5e1-44bf-af85-a6977c3faa44;exit=success
[1.887] [PARSE ERROR] Unknown OSC escape code: 3008;start=b74df00d-107a-44d3-b7b5-9597996e2390;machineid=03484c...
[2.070] [PARSE ERROR] Unknown OSC escape code: 3008;start=3e7f53be-0cde-4a6b-a9fb-7ec5a28ba59b;machineid=03484c...
[2.070] [PARSE ERROR] Unknown OSC escape code: 3008;end=3e7f53be-0cde-4a6b-a9fb-7ec5a28ba59b;exit=success
[2.086] [PARSE ERROR] Unknown OSC escape code: 3008;start=b74df00d-107a-44d3-b7b5-9597996e2390;machineid=03484c...
[2.098] [PARSE ERROR] Unknown OSC escape code: 3008;start=a11fad15-4b33-4707-82b6-08b1679cc695;machineid=03484c...
[2.098] [PARSE ERROR] Unknown OSC escape code: 3008;end=a11fad15-4b33-4707-82b6-08b1679cc695;exit=success
[2.098] [PARSE ERROR] Unknown OSC escape code: 3008;start=b74df00d-107a-44d3-b7b5-9597996e2390;machineid=03484c...
[2.109] [PARSE ERROR] Unknown OSC escape code: 3008;start=861e2ebe-af12-413b-a36c-c9dd9965289b;machineid=03484c...
[2.109] [PARSE ERROR] Unknown OSC escape code: 3008;end=861e2ebe-af12-413b-a36c-c9dd9965289b;exit=success
[2.109] [PARSE ERROR] Unknown OSC escape code: 3008;start=b74df00d-107a-44d3-b7b5-9597996e2390;machineid=03484c...
[2.118] [PARSE ERROR] Unknown OSC escape code: 3008;start=054d774a-4807-42e8-bbba-c922a3b36bf0;machineid=03484c...
[2.118] [PARSE ERROR] Unknown OSC escape code: 3008;end=054d774a-4807-42e8-bbba-c922a3b36bf0;exit=success
[2.118] [PARSE ERROR] Unknown OSC escape code: 3008;start=b74df00d-107a-44d3-b7b5-9597996e2390;machineid=03484c...
[2.132] [PARSE ERROR] Unknown OSC escape code: 3008;start=3f3b7eff-bbb3-4536-9df9-8dce1963e43a;machineid=03484c...
[2.132] [PARSE ERROR] Unknown OSC escape code: 3008;end=3f3b7eff-bbb3-4536-9df9-8dce1963e43a;exit=success
[2.147] [PARSE ERROR] Unknown OSC escape code: 3008;start=b74df00d-107a-44d3-b7b5-9597996e2390;machineid=03484c...
[2.162] [PARSE ERROR] Unknown OSC escape code: 3008;start=f6d0eac6-e7a7-433b-a72f-8c9cc8125a06;machineid=03484c...
[2.162] [PARSE ERROR] Unknown OSC escape code: 3008;end=f6d0eac6-e7a7-433b-a72f-8c9cc8125a06;exit=success
[2.162] [PARSE ERROR] Unknown OSC escape code: 3008;start=b74df00d-107a-44d3-b7b5-9597996e2390;machineid=03484c...
[2.162] [PARSE ERROR] Unknown OSC escape code: 3008;start=3f9e2b9c-3603-4024-ac95-c240b1c32497;machineid=03484c...
[2.162] [PARSE ERROR] Unknown OSC escape code: 3008;end=3f9e2b9c-3603-4024-ac95-c240b1c32497;exit=success
[2.162] [PARSE ERROR] Unknown OSC escape code: 3008;start=b74df00d-107a-44d3-b7b5-9597996e2390;machineid=03484c...
[2.172] [PARSE ERROR] Unknown OSC escape code: 3008;start=d73eff5f-77d8-443e-aa28-45d9e5f1c4c9;machineid=03484c...
[2.172] [PARSE ERROR] Unknown OSC escape code: 3008;end=d73eff5f-77d8-443e-aa28-45d9e5f1c4c9;exit=success
[2.172] [PARSE ERROR] Unknown OSC escape code: 3008;start=b74df00d-107a-44d3-b7b5-9597996e2390;machineid=03484c...
[2.187] [PARSE ERROR] Unknown OSC escape code: 3008;start=09e495a0-cc79-4b3e-ad50-4a318717318d;machineid=03484c...
[2.187] [PARSE ERROR] Unknown OSC escape code: 3008;end=09e495a0-cc79-4b3e-ad50-4a318717318d;exit=success
[2.203] [PARSE ERROR] Unknown OSC escape code: 3008;start=b74df00d-107a-44d3-b7b5-9597996e2390;machineid=03484c...
[2.215] [PARSE ERROR] Unknown OSC escape code: 3008;start=a952a92f-63a0-4da8-9b5a-2a6779a464ac;machineid=03484c...
[2.215] [PARSE ERROR] Unknown OSC escape code: 3008;end=a952a92f-63a0-4da8-9b5a-2a6779a464ac;exit=success
[2.215] [PARSE ERROR] Unknown OSC escape code: 3008;start=b74df00d-107a-44d3-b7b5-9597996e2390;machineid=03484c...
[2.225] [PARSE ERROR] Unknown OSC escape code: 3008;start=442fa84a-826c-4991-81cf-b8dbd3927127;machineid=03484c...
[2.225] [PARSE ERROR] Unknown OSC escape code: 3008;end=442fa84a-826c-4991-81cf-b8dbd3927127;exit=success
[2.225] [PARSE ERROR] Unknown OSC escape code: 3008;start=b74df00d-107a-44d3-b7b5-9597996e2390;machineid=03484c...
[2.235] [PARSE ERROR] Unknown OSC escape code: 3008;start=a99f9075-2f10-4950-9ef9-00070603d398;machineid=03484c...
[2.235] [PARSE ERROR] Unknown OSC escape code: 3008;end=a99f9075-2f10-4950-9ef9-00070603d398;exit=success
[2.235] [PARSE ERROR] Unknown OSC escape code: 3008;start=b74df00d-107a-44d3-b7b5-9597996e2390;machineid=03484c...
[2.826] [PARSE ERROR] Unknown OSC escape code: 3008;start=3273b198-55ad-4a2e-bcd8-0c9d03687900;machineid=03484c...
[2.826] [PARSE ERROR] Unknown OSC escape code: 3008;end=3273b198-55ad-4a2e-bcd8-0c9d03687900;exit=success
[2.836] [PARSE ERROR] Unknown OSC escape code: 3008;start=b74df00d-107a-44d3-b7b5-9597996e2390;machineid=03484c...
[3.032] [PARSE ERROR] Unknown OSC escape code: 3008;start=ec209873-5ec5-4cd8-a6a0-1d8d80e7ff71;machineid=03484c...
[3.032] [PARSE ERROR] Unknown OSC escape code: 3008;end=ec209873-5ec5-4cd8-a6a0-1d8d80e7ff71;exit=success
[3.046] [PARSE ERROR] Unknown OSC escape code: 3008;start=b74df00d-107a-44d3-b7b5-9597996e2390;machineid=03484c...
[4.393] [PARSE ERROR] Unknown OSC escape code: 3008;start=01b3d204-bb4e-44f6-b59d-90409af7e4a5;machineid=03484c...
[4.393] [PARSE ERROR] Unknown OSC escape code: 3008;end=01b3d204-bb4e-44f6-b59d-90409af7e4a5;exit=success
[4.393] [PARSE ERROR] Unknown OSC escape code: 3008;start=b74df00d-107a-44d3-b7b5-9597996e2390;machineid=03484c...
[4.561] [PARSE ERROR] Unknown OSC escape code: 3008;start=39cbe831-82ca-4f3f-916a-af4daf2284d4;machineid=03484c...
[4.561] [PARSE ERROR] Unknown OSC escape code: 3008;end=39cbe831-82ca-4f3f-916a-af4daf2284d4;exit=success
[4.575] [PARSE ERROR] Unknown OSC escape code: 3008;start=b74df00d-107a-44d3-b7b5-9597996e2390;machineid=03484c...
[4.927] [PARSE ERROR] Unknown OSC escape code: 3008;start=626dd275-fd3d-41ff-84f7-d618cabbd80f;machineid=03484c...
[4.927] [PARSE ERROR] Unknown OSC escape code: 3008;end=626dd275-fd3d-41ff-84f7-d618cabbd80f;exit=success
[4.943] [PARSE ERROR] Unknown OSC escape code: 3008;start=b74df00d-107a-44d3-b7b5-9597996e2390;machineid=03484c...
[5.277] [PARSE ERROR] Unknown OSC escape code: 3008;start=3b7f7416-0baf-44f3-8ef2-87dc4e7968a0;machineid=03484c...
[5.277] [PARSE ERROR] Unknown OSC escape code: 3008;end=3b7f7416-0baf-44f3-8ef2-87dc4e7968a0;exit=success
[5.277] [PARSE ERROR] Unknown OSC escape code: 3008;start=b74df00d-107a-44d3-b7b5-9597996e2390;machineid=03484c...
