[0.285] The output buffer does not support sRGB color encoding, colors will be incorrect.
[0.314] Failed to enable transparency. This happens when your desktop environment does not support compositing.
[0.366] [PARSE ERROR] Unknown OSC escape code: 3008;start=34a530da-4b7c-44cd-b872-c41a6be91577;machineid=03484c...
[0.546] [PARSE ERROR] Unknown OSC escape code: 3008;start=91a808d3-e218-40e9-9314-8db7cf7f8c2f;machineid=03484c...
[0.546] [PARSE ERROR] Unknown OSC escape code: 3008;end=91a808d3-e218-40e9-9314-8db7cf7f8c2f;exit=success
[0.553] [PARSE ERROR] Unknown OSC escape code: 3008;start=34a530da-4b7c-44cd-b872-c41a6be91577;machineid=03484c...
[0.740] [PARSE ERROR] Unknown OSC escape code: 3008;start=3d5d7dc4-43dc-4ce5-9134-0f713329e797;machineid=03484c...
[0.740] [PARSE ERROR] Unknown OSC escape code: 3008;end=3d5d7dc4-43dc-4ce5-9134-0f713329e797;exit=success
[0.747] [PARSE ERROR] Unknown OSC escape code: 3008;start=34a530da-4b7c-44cd-b872-c41a6be91577;machineid=03484c...
[0.924] [PARSE ERROR] Unknown OSC escape code: 3008;start=b1744849-a76b-4c7f-99c3-c8f1cc5c3e24;machineid=03484c...
[0.924] [PARSE ERROR] Unknown OSC escape code: 3008;end=b1744849-a76b-4c7f-99c3-c8f1cc5c3e24;exit=success
[0.931] [PARSE ERROR] Unknown OSC escape code: 3008;start=34a530da-4b7c-44cd-b872-c41a6be91577;machineid=03484c...
[1.003] [PARSE ERROR] Unknown OSC escape code: 3008;start=516aa189-b65a-445e-a388-a51365c4f440;machineid=03484c...
[1.003] [PARSE ERROR] Unknown OSC escape code: 3008;end=516aa189-b65a-445e-a388-a51365c4f440;exit=success
[1.010] [PARSE ERROR] Unknown OSC escape code: 3008;start=34a530da-4b7c-44cd-b872-c41a6be91577;machineid=03484c...
[1.111] [PARSE ERROR] Unknown OSC escape code: 3008;start=751dde9c-637b-47c4-803e-d8973d1f7c59;machineid=03484c...
[1.111] [PARSE ERROR] Unknown OSC escape code: 3008;end=751dde9c-637b-47c4-803e-d8973d1f7c59;exit=success
[1.111] [PARSE ERROR] Unknown OSC escape code: 3008;start=34a530da-4b7c-44cd-b872-c41a6be91577;machineid=03484c...
[1.204] [PARSE ERROR] Unknown OSC escape code: 3008;start=0289c9d3-d841-419e-8e6b-1a28a148ba8e;machineid=03484c...
[1.204] [PARSE ERROR] Unknown OSC escape code: 3008;end=0289c9d3-d841-419e-8e6b-1a28a148ba8e;exit=success
[1.211] [PARSE ERROR] Unknown OSC escape code: 3008;start=34a530da-4b7c-44cd-b872-c41a6be91577;machineid=03484c...
[1.299] [PARSE ERROR] Unknown OSC escape code: 3008;start=44e80af0-fd15-4f80-b954-94a21631127f;machineid=03484c...
[1.299] [PARSE ERROR] Unknown OSC escape code: 3008;end=44e80af0-fd15-4f80-b954-94a21631127f;exit=success
[1.299] [PARSE ERROR] Unknown OSC escape code: 3008;start=34a530da-4b7c-44cd-b872-c41a6be91577;machineid=03484c...
[1.382] [PARSE ERROR] Unknown OSC escape code: 3008;start=12772414-1819-4ae2-bd6d-2fc197604bae;machineid=03484c...
[1.382] [PARSE ERROR] Unknown OSC escape code: 3008;end=12772414-1819-4ae2-bd6d-2fc197604bae;exit=success
[1.389] [PARSE ERROR] Unknown OSC escape code: 3008;start=34a530da-4b7c-44cd-b872-c41a6be91577;machineid=03484c...
[1.482] [PARSE ERROR] Unknown OSC escape code: 3008;start=ce25dd01-8842-4b3d-8d2c-84c0e79f599b;machineid=03484c...
[1.482] [PARSE ERROR] Unknown OSC escape code: 3008;end=ce25dd01-8842-4b3d-8d2c-84c0e79f599b;exit=success
[1.489] [PARSE ERROR] Unknown OSC escape code: 3008;start=34a530da-4b7c-44cd-b872-c41a6be91577;machineid=03484c...
[1.638] [PARSE ERROR] Unknown OSC escape code: 3008;start=bfa9b571-53aa-4ddf-85db-a25dd1f198e1;machineid=03484c...
[1.638] [PARSE ERROR] Unknown OSC escape code: 3008;end=bfa9b571-53aa-4ddf-85db-a25dd1f198e1;exit=success
[1.645] [PARSE ERROR] Unknown OSC escape code: 3008;start=34a530da-4b7c-44cd-b872-c41a6be91577;machineid=03484c...
[1.655] [PARSE ERROR] Unknown OSC escape code: 3008;start=cf4f2627-c74d-4782-808f-29595dc97e03;machineid=03484c...
[1.656] [PARSE ERROR] Unknown OSC escape code: 3008;end=cf4f2627-c74d-4782-808f-29595dc97e03;exit=success
[1.663] [PARSE ERROR] Unknown OSC escape code: 3008;start=34a530da-4b7c-44cd-b872-c41a6be91577;machineid=03484c...
[1.671] [PARSE ERROR] Unknown OSC escape code: 3008;start=5ac54722-3bce-4610-8a27-5744511e1822;machineid=03484c...
[1.671] [PARSE ERROR] Unknown OSC escape code: 3008;end=5ac54722-3bce-4610-8a27-5744511e1822;exit=success
[1.671] [PARSE ERROR] Unknown OSC escape code: 3008;start=34a530da-4b7c-44cd-b872-c41a6be91577;machineid=03484c...
[1.682] [PARSE ERROR] Unknown OSC escape code: 3008;start=db591588-9aa2-4b64-891d-7bd97e0f5bc2;machineid=03484c...
[1.682] [PARSE ERROR] Unknown OSC escape code: 3008;end=db591588-9aa2-4b64-891d-7bd97e0f5bc2;exit=success
[1.689] [PARSE ERROR] Unknown OSC escape code: 3008;start=34a530da-4b7c-44cd-b872-c41a6be91577;machineid=03484c...
[1.697] [PARSE ERROR] Unknown OSC escape code: 3008;start=c62cd5ba-05ad-42cb-9eae-2bea72dc91f1;machineid=03484c...
[1.697] [PARSE ERROR] Unknown OSC escape code: 3008;end=c62cd5ba-05ad-42cb-9eae-2bea72dc91f1;exit=success
[1.697] [PARSE ERROR] Unknown OSC escape code: 3008;start=34a530da-4b7c-44cd-b872-c41a6be91577;machineid=03484c...
[1.708] [PARSE ERROR] Unknown OSC escape code: 3008;start=cd42fddc-e6fb-47f3-81e0-87806e0585a8;machineid=03484c...
[1.708] [PARSE ERROR] Unknown OSC escape code: 3008;end=cd42fddc-e6fb-47f3-81e0-87806e0585a8;exit=success
[1.715] [PARSE ERROR] Unknown OSC escape code: 3008;start=34a530da-4b7c-44cd-b872-c41a6be91577;machineid=03484c...
[1.727] [PARSE ERROR] Unknown OSC escape code: 3008;start=40f0381e-a302-471d-bcaa-c48d0bb41321;machineid=03484c...
[1.727] [PARSE ERROR] Unknown OSC escape code: 3008;end=40f0381e-a302-471d-bcaa-c48d0bb41321;exit=success
[1.734] [PARSE ERROR] Unknown OSC escape code: 3008;start=34a530da-4b7c-44cd-b872-c41a6be91577;machineid=03484c...
[1.742] [PARSE ERROR] Unknown OSC escape code: 3008;start=15eb7f1c-3c22-4a0d-918b-9c2a02ce3476;machineid=03484c...
[1.742] [PARSE ERROR] Unknown OSC escape code: 3008;end=15eb7f1c-3c22-4a0d-918b-9c2a02ce3476;exit=success
[1.742] [PARSE ERROR] Unknown OSC escape code: 3008;start=34a530da-4b7c-44cd-b872-c41a6be91577;machineid=03484c...
[1.752] [PARSE ERROR] Unknown OSC escape code: 3008;start=b1d63a55-ba61-42d9-8826-73efdeaf1f06;machineid=03484c...
[1.752] [PARSE ERROR] Unknown OSC escape code: 3008;end=b1d63a55-ba61-42d9-8826-73efdeaf1f06;exit=success
[1.760] [PARSE ERROR] Unknown OSC escape code: 3008;start=34a530da-4b7c-44cd-b872-c41a6be91577;machineid=03484c...
[1.768] [PARSE ERROR] Unknown OSC escape code: 3008;start=ed1a192d-f92a-413e-b62c-e756ac5e6511;machineid=03484c...
[1.768] [PARSE ERROR] Unknown OSC escape code: 3008;end=ed1a192d-f92a-413e-b62c-e756ac5e6511;exit=success
[1.768] [PARSE ERROR] Unknown OSC escape code: 3008;start=34a530da-4b7c-44cd-b872-c41a6be91577;machineid=03484c...
[1.779] [PARSE ERROR] Unknown OSC escape code: 3008;start=6eb73a8c-f3a5-4135-a759-bb30d01824cb;machineid=03484c...
[1.779] [PARSE ERROR] Unknown OSC escape code: 3008;end=6eb73a8c-f3a5-4135-a759-bb30d01824cb;exit=success
[1.785] [PARSE ERROR] Unknown OSC escape code: 3008;start=34a530da-4b7c-44cd-b872-c41a6be91577;machineid=03484c...
[1.793] [PARSE ERROR] Unknown OSC escape code: 3008;start=f718ff97-0795-42cf-ae5b-2c83746598f0;machineid=03484c...
[1.793] [PARSE ERROR] Unknown OSC escape code: 3008;end=f718ff97-0795-42cf-ae5b-2c83746598f0;exit=success
[1.793] [PARSE ERROR] Unknown OSC escape code: 3008;start=34a530da-4b7c-44cd-b872-c41a6be91577;machineid=03484c...
[2.458] [PARSE ERROR] Unknown OSC escape code: 3008;start=6fccf70b-a4bd-4c20-9e14-5f0bfbd41d7d;machineid=03484c...
[2.458] [PARSE ERROR] Unknown OSC escape code: 3008;end=6fccf70b-a4bd-4c20-9e14-5f0bfbd41d7d;exit=success
[2.465] [PARSE ERROR] Unknown OSC escape code: 3008;start=34a530da-4b7c-44cd-b872-c41a6be91577;machineid=03484c...
[2.667] [PARSE ERROR] Unknown OSC escape code: 3008;start=4d466ef5-f25d-4e9a-a603-baadf8e398d6;machineid=03484c...
[2.667] [PARSE ERROR] Unknown OSC escape code: 3008;end=4d466ef5-f25d-4e9a-a603-baadf8e398d6;exit=success
[2.675] [PARSE ERROR] Unknown OSC escape code: 3008;start=34a530da-4b7c-44cd-b872-c41a6be91577;machineid=03484c...
[3.960] [PARSE ERROR] Unknown OSC escape code: 3008;start=7c8fa0ac-df17-4190-be7b-1ca69f080ec3;machineid=03484c...
[3.960] [PARSE ERROR] Unknown OSC escape code: 3008;end=7c8fa0ac-df17-4190-be7b-1ca69f080ec3;exit=success
[3.960] [PARSE ERROR] Unknown OSC escape code: 3008;start=34a530da-4b7c-44cd-b872-c41a6be91577;machineid=03484c...
[4.108] [PARSE ERROR] Unknown OSC escape code: 3008;start=04b9bd60-655d-4762-8222-36bbc370f64c;machineid=03484c...
[4.108] [PARSE ERROR] Unknown OSC escape code: 3008;end=04b9bd60-655d-4762-8222-36bbc370f64c;exit=success
[4.114] [PARSE ERROR] Unknown OSC escape code: 3008;start=34a530da-4b7c-44cd-b872-c41a6be91577;machineid=03484c...
[4.473] [PARSE ERROR] Unknown OSC escape code: 3008;start=308105a0-c33d-409b-8f6f-633d2a02eca5;machineid=03484c...
[4.473] [PARSE ERROR] Unknown OSC escape code: 3008;end=308105a0-c33d-409b-8f6f-633d2a02eca5;exit=success
[4.481] [PARSE ERROR] Unknown OSC escape code: 3008;start=34a530da-4b7c-44cd-b872-c41a6be91577;machineid=03484c...
[4.771] [PARSE ERROR] Unknown OSC escape code: 3008;start=fcbd2f88-b2da-4db8-9d96-87279de6259c;machineid=03484c...
[4.771] [PARSE ERROR] Unknown OSC escape code: 3008;end=fcbd2f88-b2da-4db8-9d96-87279de6259c;exit=success
[4.771] [PARSE ERROR] Unknown OSC escape code: 3008;start=34a530da-4b7c-44cd-b872-c41a6be91577;machineid=03484c...
