[0.081] Could not move child process into a systemd scope: [Errno 113] Failed to call StartTransientUnit: org.freedesktop.DBus.Error.ServiceUnknown: The name org.freedesktop.systemd1 was not provided by any .service files
[0.139] [glfw error 65544]: process_desktop_settings: failed with error: [org.freedesktop.DBus.Error.ServiceUnknown] The name org.freedesktop.portal.Desktop was not provided by any .service files
[0.139] [glfw error 65544]: Notify: Failed to get server capabilities error: [org.freedesktop.DBus.Error.ServiceUnknown] The name org.freedesktop.Notifications was not provided by any .service files
[0.143] [PARSE ERROR] Unknown OSC escape code: 3008;start=496e93a7-127e-4e46-9735-268f5a97f29c;machineid=03484c...
[0.338] [PARSE ERROR] Unknown OSC escape code: 3008;start=69410057-6379-4a12-8f30-95f115608220;machineid=03484c...
[0.338] [PARSE ERROR] Unknown OSC escape code: 3008;end=69410057-6379-4a12-8f30-95f115608220;exit=success
[0.346] [PARSE ERROR] Unknown OSC escape code: 3008;start=496e93a7-127e-4e46-9735-268f5a97f29c;machineid=03484c...
[0.637] [PARSE ERROR] Unknown OSC escape code: 3008;start=8dfd4c32-6c9f-4345-9542-98a9c4a5f6a1;machineid=03484c...
[0.637] [PARSE ERROR] Unknown OSC escape code: 3008;end=8dfd4c32-6c9f-4345-9542-98a9c4a5f6a1;exit=success
[0.653] [PARSE ERROR] Unknown OSC escape code: 3008;start=496e93a7-127e-4e46-9735-268f5a97f29c;machineid=03484c...
[0.919] [PARSE ERROR] Unknown OSC escape code: 3008;start=11f61425-6c8f-4c65-b824-0785a1a89fa9;machineid=03484c...
[0.919] [PARSE ERROR] Unknown OSC escape code: 3008;end=11f61425-6c8f-4c65-b824-0785a1a89fa9;exit=success
[0.935] [PARSE ERROR] Unknown OSC escape code: 3008;start=496e93a7-127e-4e46-9735-268f5a97f29c;machineid=03484c...
[1.114] [PARSE ERROR] Unknown OSC escape code: 3008;start=e7645836-d706-43b5-92b2-dacaf4d70af9;machineid=03484c...
[1.114] [PARSE ERROR] Unknown OSC escape code: 3008;end=e7645836-d706-43b5-92b2-dacaf4d70af9;exit=success
[1.130] [PARSE ERROR] Unknown OSC escape code: 3008;start=496e93a7-127e-4e46-9735-268f5a97f29c;machineid=03484c...
[1.339] [PARSE ERROR] Unknown OSC escape code: 3008;start=8f54dc4c-f04c-4d43-aa4e-c38b92cc68f5;machineid=03484c...
[1.339] [PARSE ERROR] Unknown OSC escape code: 3008;end=8f54dc4c-f04c-4d43-aa4e-c38b92cc68f5;exit=success
[1.356] [PARSE ERROR] Unknown OSC escape code: 3008;start=496e93a7-127e-4e46-9735-268f5a97f29c;machineid=03484c...
[1.761] [PARSE ERROR] Unknown OSC escape code: 3008;start=614026df-e8c1-476d-9984-7fe5f694e0ec;machineid=03484c...
[1.761] [PARSE ERROR] Unknown OSC escape code: 3008;end=614026df-e8c1-476d-9984-7fe5f694e0ec;exit=success
[1.769] [PARSE ERROR] Unknown OSC escape code: 3008;start=496e93a7-127e-4e46-9735-268f5a97f29c;machineid=03484c...
[1.811] [glfw error 65544]: Notify: Failed to create notification error: [org.freedesktop.DBus.Error.ServiceUnknown] The name org.freedesktop.Notifications was not provided by any .service files
[1.837] [PARSE ERROR] Unknown OSC escape code: 3008;start=0560f0a9-07c8-4d5a-9215-456a1be7b85e;machineid=03484c...
[1.837] [PARSE ERROR] Unknown OSC escape code: 3008;end=0560f0a9-07c8-4d5a-9215-456a1be7b85e;exit=success
[1.844] [PARSE ERROR] Unknown OSC escape code: 3008;start=496e93a7-127e-4e46-9735-268f5a97f29c;machineid=03484c...
[2.011] [PARSE ERROR] Unknown OSC escape code: 3008;start=1ccc0aaa-4403-48a0-8293-2ca05f2beaaa;machineid=03484c...
[2.011] [PARSE ERROR] Unknown OSC escape code: 3008;end=1ccc0aaa-4403-48a0-8293-2ca05f2beaaa;exit=success
[2.029] [PARSE ERROR] Unknown OSC escape code: 3008;start=496e93a7-127e-4e46-9735-268f5a97f29c;machineid=03484c...
[2.211] [PARSE ERROR] Unknown OSC escape code: 3008;start=c2b9e8a9-ce86-4a46-bb98-a2674a6bf0c6;machineid=03484c...
[2.211] [PARSE ERROR] Unknown OSC escape code: 3008;end=c2b9e8a9-ce86-4a46-bb98-a2674a6bf0c6;exit=success
[2.222] [PARSE ERROR] Unknown OSC escape code: 3008;start=496e93a7-127e-4e46-9735-268f5a97f29c;machineid=03484c...
[2.431] [PARSE ERROR] Unknown OSC escape code: 3008;start=c83edd8c-55cb-4e2e-bd60-244caa92514b;machineid=03484c...
[2.431] [PARSE ERROR] Unknown OSC escape code: 3008;end=c83edd8c-55cb-4e2e-bd60-244caa92514b;exit=success
[2.446] [PARSE ERROR] Unknown OSC escape code: 3008;start=496e93a7-127e-4e46-9735-268f5a97f29c;machineid=03484c...
[2.451] [PARSE ERROR] Unknown OSC escape code: 3008;start=3fe316b3-efb5-4cca-bcf7-4c50fe045f8e;machineid=03484c...
[2.469] [PARSE ERROR] Unknown OSC escape code: 3008;end=3fe316b3-efb5-4cca-bcf7-4c50fe045f8e;exit=success
[2.469] [PARSE ERROR] Unknown OSC escape code: 3008;start=496e93a7-127e-4e46-9735-268f5a97f29c;machineid=03484c...
[2.473] [PARSE ERROR] Unknown OSC escape code: 3008;start=4feaa1ed-ffa7-4fff-8877-3fcfa00636fc;machineid=03484c...
[2.473] [PARSE ERROR] Unknown OSC escape code: 3008;end=4feaa1ed-ffa7-4fff-8877-3fcfa00636fc;exit=success
[2.490] [PARSE ERROR] Unknown OSC escape code: 3008;start=496e93a7-127e-4e46-9735-268f5a97f29c;machineid=03484c...
[2.494] [PARSE ERROR] Unknown OSC escape code: 3008;start=d7d25822-87ea-4517-a1f9-4161e688ac79;machineid=03484c...
[2.494] [PARSE ERROR] Unknown OSC escape code: 3008;end=d7d25822-87ea-4517-a1f9-4161e688ac79;exit=success
[2.511] [PARSE ERROR] Unknown OSC escape code: 3008;start=496e93a7-127e-4e46-9735-268f5a97f29c;machineid=03484c...
[2.515] [PARSE ERROR] Unknown OSC escape code: 3008;start=07a21f06-a8cb-4da4-a3b4-578714369001;machineid=03484c...
[2.515] [PARSE ERROR] Unknown OSC escape code: 3008;end=07a21f06-a8cb-4da4-a3b4-578714369001;exit=success
[2.538] [PARSE ERROR] Unknown OSC escape code: 3008;start=496e93a7-127e-4e46-9735-268f5a97f29c;machineid=03484c...
[2.542] [PARSE ERROR] Unknown OSC escape code: 3008;start=4d319dc6-b8e5-4f6c-a4d4-a8cd0d94f75f;machineid=03484c...
[2.542] [PARSE ERROR] Unknown OSC escape code: 3008;end=4d319dc6-b8e5-4f6c-a4d4-a8cd0d94f75f;exit=success
[2.560] [PARSE ERROR] Unknown OSC escape code: 3008;start=496e93a7-127e-4e46-9735-268f5a97f29c;machineid=03484c...
[2.561] [PARSE ERROR] Unknown OSC escape code: 3008;start=85874a90-e728-4e73-ae7d-d2aadc4a6f4a;machineid=03484c...
[2.561] [PARSE ERROR] Unknown OSC escape code: 3008;end=85874a90-e728-4e73-ae7d-d2aadc4a6f4a;exit=success
[2.561] [PARSE ERROR] Unknown OSC escape code: 3008;start=496e93a7-127e-4e46-9735-268f5a97f29c;machineid=03484c...
[2.564] [PARSE ERROR] Unknown OSC escape code: 3008;start=88293f3c-ea98-4249-be95-f4e9890d4deb;machineid=03484c...
[2.564] [PARSE ERROR] Unknown OSC escape code: 3008;end=88293f3c-ea98-4249-be95-f4e9890d4deb;exit=success
[2.582] [PARSE ERROR] Unknown OSC escape code: 3008;start=496e93a7-127e-4e46-9735-268f5a97f29c;machineid=03484c...
[2.586] [PARSE ERROR] Unknown OSC escape code: 3008;start=982620dd-eec2-4c7b-8307-1da728571d2e;machineid=03484c...
[2.586] [PARSE ERROR] Unknown OSC escape code: 3008;end=982620dd-eec2-4c7b-8307-1da728571d2e;exit=success
[2.603] [PARSE ERROR] Unknown OSC escape code: 3008;start=496e93a7-127e-4e46-9735-268f5a97f29c;machineid=03484c...
[2.604] [PARSE ERROR] Unknown OSC escape code: 3008;start=33e69912-9a46-4197-b3d9-8bba5dc8471b;machineid=03484c...
[2.604] [PARSE ERROR] Unknown OSC escape code: 3008;end=33e69912-9a46-4197-b3d9-8bba5dc8471b;exit=success
[2.604] [PARSE ERROR] Unknown OSC escape code: 3008;start=496e93a7-127e-4e46-9735-268f5a97f29c;machineid=03484c...
[2.608] [PARSE ERROR] Unknown OSC escape code: 3008;start=417de642-d5f0-44b4-9507-fc0f62c92af7;machineid=03484c...
[2.608] [PARSE ERROR] Unknown OSC escape code: 3008;end=417de642-d5f0-44b4-9507-fc0f62c92af7;exit=success
[2.625] [PARSE ERROR] Unknown OSC escape code: 3008;start=496e93a7-127e-4e46-9735-268f5a97f29c;machineid=03484c...
[2.629] [PARSE ERROR] Unknown OSC escape code: 3008;start=b957d28d-c5c0-4f86-93e0-872c20234916;machineid=03484c...
[2.629] [PARSE ERROR] Unknown OSC escape code: 3008;end=b957d28d-c5c0-4f86-93e0-872c20234916;exit=success
[2.644] [PARSE ERROR] Unknown OSC escape code: 3008;start=496e93a7-127e-4e46-9735-268f5a97f29c;machineid=03484c...
[3.238] [PARSE ERROR] Unknown OSC escape code: 3008;start=3096910c-fe8e-4621-bc4b-647dd43b09b1;machineid=03484c...
[3.238] [PARSE ERROR] Unknown OSC escape code: 3008;end=3096910c-fe8e-4621-bc4b-647dd43b09b1;exit=success
[3.245] [PARSE ERROR] Unknown OSC escape code: 3008;start=496e93a7-127e-4e46-9735-268f5a97f29c;machineid=03484c...
[3.309] Could not move child process into a systemd scope: [Errno 113] Failed to call StartTransientUnit: org.freedesktop.DBus.Error.ServiceUnknown: The name org.freedesktop.systemd1 was not provided by any .service files
[3.548] [PARSE ERROR] Unknown OSC escape code: 3008;start=6fac2a2c-db97-4483-a8e9-1c28c8b1259f;machineid=03484c...
[3.548] [PARSE ERROR] Unknown OSC escape code: 3008;end=6fac2a2c-db97-4483-a8e9-1c28c8b1259f;exit=success
[3.552] [PARSE ERROR] Unknown OSC escape code: 3008;start=496e93a7-127e-4e46-9735-268f5a97f29c;machineid=03484c...
[3.967] Could not move child process into a systemd scope: [Errno 113] Failed to call StartTransientUnit: org.freedesktop.DBus.Error.ServiceUnknown: The name org.freedesktop.systemd1 was not provided by any .service files
[5.042] Could not move child process into a systemd scope: [Errno 113] Failed to call StartTransientUnit: org.freedesktop.DBus.Error.ServiceUnknown: The name org.freedesktop.systemd1 was not provided by any .service files
[5.773] [PARSE ERROR] Unknown OSC escape code: 3008;start=7e90a735-3d1f-4559-aea5-ed41ea29b10d;machineid=03484c...
[5.773] [PARSE ERROR] Unknown OSC escape code: 3008;end=7e90a735-3d1f-4559-aea5-ed41ea29b10d;exit=success
[5.778] [PARSE ERROR] Unknown OSC escape code: 3008;start=496e93a7-127e-4e46-9735-268f5a97f29c;machineid=03484c...
[5.975] [PARSE ERROR] Unknown OSC escape code: 3008;start=7228a60b-913c-413e-8ea7-4778e341cc5c;machineid=03484c...
[5.975] [PARSE ERROR] Unknown OSC escape code: 3008;end=7228a60b-913c-413e-8ea7-4778e341cc5c;exit=success
[5.991] [PARSE ERROR] Unknown OSC escape code: 3008;start=496e93a7-127e-4e46-9735-268f5a97f29c;machineid=03484c...
[6.342] [PARSE ERROR] Unknown OSC escape code: 3008;start=28a0b379-7bc1-4f64-b6fb-2ff80b1934be;machineid=03484c...
[6.342] [PARSE ERROR] Unknown OSC escape code: 3008;end=28a0b379-7bc1-4f64-b6fb-2ff80b1934be;exit=success
[6.359] [PARSE ERROR] Unknown OSC escape code: 3008;start=496e93a7-127e-4e46-9735-268f5a97f29c;machineid=03484c...
[6.669] [PARSE ERROR] Unknown OSC escape code: 3008;start=9bf7defe-e0ba-4bb9-aa8c-e71253913858;machineid=03484c...
[6.669] [PARSE ERROR] Unknown OSC escape code: 3008;end=9bf7defe-e0ba-4bb9-aa8c-e71253913858;exit=success
[6.686] [PARSE ERROR] Unknown OSC escape code: 3008;start=496e93a7-127e-4e46-9735-268f5a97f29c;machineid=03484c...
