[0.082] Could not move child process into a systemd scope: [Errno 113] Failed to call StartTransientUnit: org.freedesktop.DBus.Error.ServiceUnknown: The name org.freedesktop.systemd1 was not provided by any .service files
[0.139] [glfw error 65544]: process_desktop_settings: failed with error: [org.freedesktop.DBus.Error.ServiceUnknown] The name org.freedesktop.portal.Desktop was not provided by any .service files
[0.139] [glfw error 65544]: Notify: Failed to get server capabilities error: [org.freedesktop.DBus.Error.ServiceUnknown] The name org.freedesktop.Notifications was not provided by any .service files
[0.142] [PARSE ERROR] Unknown OSC escape code: 3008;start=cfd54202-c56d-45a1-95d7-0048adb289fe;machineid=03484c...
[0.346] [PARSE ERROR] Unknown OSC escape code: 3008;start=72a69201-1329-4044-8427-29ea25436ed5;machineid=03484c...
[0.346] [PARSE ERROR] Unknown OSC escape code: 3008;end=72a69201-1329-4044-8427-29ea25436ed5;exit=success
[0.354] [PARSE ERROR] Unknown OSC escape code: 3008;start=cfd54202-c56d-45a1-95d7-0048adb289fe;machineid=03484c...
[0.654] [PARSE ERROR] Unknown OSC escape code: 3008;start=09caf895-4bff-4f86-81ea-e9accd54c053;machineid=03484c...
[0.654] [PARSE ERROR] Unknown OSC escape code: 3008;end=09caf895-4bff-4f86-81ea-e9accd54c053;exit=success
[0.669] [PARSE ERROR] Unknown OSC escape code: 3008;start=cfd54202-c56d-45a1-95d7-0048adb289fe;machineid=03484c...
[0.965] [PARSE ERROR] Unknown OSC escape code: 3008;start=ccedbf01-13af-4edc-ad2c-fb355ee0e6f4;machineid=03484c...
[0.965] [PARSE ERROR] Unknown OSC escape code: 3008;end=ccedbf01-13af-4edc-ad2c-fb355ee0e6f4;exit=success
[0.985] [PARSE ERROR] Unknown OSC escape code: 3008;start=cfd54202-c56d-45a1-95d7-0048adb289fe;machineid=03484c...
[1.143] [PARSE ERROR] Unknown OSC escape code: 3008;start=a00042ec-87e8-4928-8972-53ca3c6b5d63;machineid=03484c...
[1.143] [PARSE ERROR] Unknown OSC escape code: 3008;end=a00042ec-87e8-4928-8972-53ca3c6b5d63;exit=success
[1.159] [PARSE ERROR] Unknown OSC escape code: 3008;start=cfd54202-c56d-45a1-95d7-0048adb289fe;machineid=03484c...
[1.363] [PARSE ERROR] Unknown OSC escape code: 3008;start=1fbc4147-4f18-41b6-96b3-977eb9b0c251;machineid=03484c...
[1.363] [PARSE ERROR] Unknown OSC escape code: 3008;end=1fbc4147-4f18-41b6-96b3-977eb9b0c251;exit=success
[1.379] [PARSE ERROR] Unknown OSC escape code: 3008;start=cfd54202-c56d-45a1-95d7-0048adb289fe;machineid=03484c...
[1.588] [glfw error 65544]: Notify: Failed to create notification error: [org.freedesktop.DBus.Error.ServiceUnknown] The name org.freedesktop.Notifications was not provided by any .service files
[1.776] [PARSE ERROR] Unknown OSC escape code: 3008;start=26bcd21b-e69e-4e3c-942d-554356d17e67;machineid=03484c...
[1.776] [PARSE ERROR] Unknown OSC escape code: 3008;end=26bcd21b-e69e-4e3c-942d-554356d17e67;exit=success
[1.776] [PARSE ERROR] Unknown OSC escape code: 3008;start=cfd54202-c56d-45a1-95d7-0048adb289fe;machineid=03484c...
[1.845] [PARSE ERROR] Unknown OSC escape code: 3008;start=64593c71-2826-476a-a302-670cd58ab67e;machineid=03484c...
[1.845] [PARSE ERROR] Unknown OSC escape code: 3008;end=64593c71-2826-476a-a302-670cd58ab67e;exit=success
[1.853] [PARSE ERROR] Unknown OSC escape code: 3008;start=cfd54202-c56d-45a1-95d7-0048adb289fe;machineid=03484c...
[2.024] [PARSE ERROR] Unknown OSC escape code: 3008;start=acb37df5-5760-4436-b983-2e7be3680e13;machineid=03484c...
[2.024] [PARSE ERROR] Unknown OSC escape code: 3008;end=acb37df5-5760-4436-b983-2e7be3680e13;exit=success
[2.041] [PARSE ERROR] Unknown OSC escape code: 3008;start=cfd54202-c56d-45a1-95d7-0048adb289fe;machineid=03484c...
[2.195] [PARSE ERROR] Unknown OSC escape code: 3008;start=b034fbef-e200-4aa8-8d97-682bec304797;machineid=03484c...
[2.195] [PARSE ERROR] Unknown OSC escape code: 3008;end=b034fbef-e200-4aa8-8d97-682bec304797;exit=success
[2.202] [PARSE ERROR] Unknown OSC escape code: 3008;start=cfd54202-c56d-45a1-95d7-0048adb289fe;machineid=03484c...
[2.406] [PARSE ERROR] Unknown OSC escape code: 3008;start=303c4491-ef99-4a30-8b6a-d221cde25294;machineid=03484c...
[2.406] [PARSE ERROR] Unknown OSC escape code: 3008;end=303c4491-ef99-4a30-8b6a-d221cde25294;exit=success
[2.422] [PARSE ERROR] Unknown OSC escape code: 3008;start=cfd54202-c56d-45a1-95d7-0048adb289fe;machineid=03484c...
[2.427] [PARSE ERROR] Unknown OSC escape code: 3008;start=df5f8f37-f2fc-44d9-9596-ab00846f857d;machineid=03484c...
[2.427] [PARSE ERROR] Unknown OSC escape code: 3008;end=df5f8f37-f2fc-44d9-9596-ab00846f857d;exit=success
[2.444] [PARSE ERROR] Unknown OSC escape code: 3008;start=cfd54202-c56d-45a1-95d7-0048adb289fe;machineid=03484c...
[2.449] [PARSE ERROR] Unknown OSC escape code: 3008;start=f3c28e7a-1c18-4ed3-96f1-f30fba8c38a8;machineid=03484c...
[2.449] [PARSE ERROR] Unknown OSC escape code: 3008;end=f3c28e7a-1c18-4ed3-96f1-f30fba8c38a8;exit=success
[2.467] [PARSE ERROR] Unknown OSC escape code: 3008;start=cfd54202-c56d-45a1-95d7-0048adb289fe;machineid=03484c...
[2.472] [PARSE ERROR] Unknown OSC escape code: 3008;start=a0a3c7a6-aa7d-46ea-8952-6b6f1e4dd1ff;machineid=03484c...
[2.472] [PARSE ERROR] Unknown OSC escape code: 3008;end=a0a3c7a6-aa7d-46ea-8952-6b6f1e4dd1ff;exit=success
[2.488] [PARSE ERROR] Unknown OSC escape code: 3008;start=cfd54202-c56d-45a1-95d7-0048adb289fe;machineid=03484c...
[2.488] [PARSE ERROR] Unknown OSC escape code: 3008;start=3c6a6dff-5a9d-4e30-a3e9-dea2deb2ce2f;machineid=03484c...
[2.488] [PARSE ERROR] Unknown OSC escape code: 3008;end=3c6a6dff-5a9d-4e30-a3e9-dea2deb2ce2f;exit=success
[2.488] [PARSE ERROR] Unknown OSC escape code: 3008;start=cfd54202-c56d-45a1-95d7-0048adb289fe;machineid=03484c...
[2.492] [PARSE ERROR] Unknown OSC escape code: 3008;start=33230b65-fd84-4515-b0de-efb397e76641;machineid=03484c...
[2.492] [PARSE ERROR] Unknown OSC escape code: 3008;end=33230b65-fd84-4515-b0de-efb397e76641;exit=success
[2.508] [PARSE ERROR] Unknown OSC escape code: 3008;start=cfd54202-c56d-45a1-95d7-0048adb289fe;machineid=03484c...
[2.512] [PARSE ERROR] Unknown OSC escape code: 3008;start=5777f78b-c27c-4e6c-b540-b0c1386bba31;machineid=03484c...
[2.512] [PARSE ERROR] Unknown OSC escape code: 3008;end=5777f78b-c27c-4e6c-b540-b0c1386bba31;exit=success
[2.528] [PARSE ERROR] Unknown OSC escape code: 3008;start=cfd54202-c56d-45a1-95d7-0048adb289fe;machineid=03484c...
[2.532] [PARSE ERROR] Unknown OSC escape code: 3008;start=434da979-22a4-4f8b-a5ef-0743c530091d;machineid=03484c...
[2.532] [PARSE ERROR] Unknown OSC escape code: 3008;end=434da979-22a4-4f8b-a5ef-0743c530091d;exit=success
[2.548] [PARSE ERROR] Unknown OSC escape code: 3008;start=cfd54202-c56d-45a1-95d7-0048adb289fe;machineid=03484c...
[2.552] [PARSE ERROR] Unknown OSC escape code: 3008;start=84585116-fb13-4061-8a18-fedd0136820d;machineid=03484c...
[2.552] [PARSE ERROR] Unknown OSC escape code: 3008;end=84585116-fb13-4061-8a18-fedd0136820d;exit=success
[2.568] [PARSE ERROR] Unknown OSC escape code: 3008;start=cfd54202-c56d-45a1-95d7-0048adb289fe;machineid=03484c...
[2.572] [PARSE ERROR] Unknown OSC escape code: 3008;start=1606643c-ca50-4390-8309-c30bf8948d57;machineid=03484c...
[2.572] [PARSE ERROR] Unknown OSC escape code: 3008;end=1606643c-ca50-4390-8309-c30bf8948d57;exit=success
[2.590] [PARSE ERROR] Unknown OSC escape code: 3008;start=cfd54202-c56d-45a1-95d7-0048adb289fe;machineid=03484c...
[2.590] [PARSE ERROR] Unknown OSC escape code: 3008;start=166bd245-c29f-4ec4-9802-6b0e90417911;machineid=03484c...
[2.590] [PARSE ERROR] Unknown OSC escape code: 3008;end=166bd245-c29f-4ec4-9802-6b0e90417911;exit=success
[2.590] [PARSE ERROR] Unknown OSC escape code: 3008;start=cfd54202-c56d-45a1-95d7-0048adb289fe;machineid=03484c...
[2.594] [PARSE ERROR] Unknown OSC escape code: 3008;start=81c0fb40-2593-4fb5-8cb8-6c689deb25a7;machineid=03484c...
[2.594] [PARSE ERROR] Unknown OSC escape code: 3008;end=81c0fb40-2593-4fb5-8cb8-6c689deb25a7;exit=success
[2.609] [PARSE ERROR] Unknown OSC escape code: 3008;start=cfd54202-c56d-45a1-95d7-0048adb289fe;machineid=03484c...
[3.218] [PARSE ERROR] Unknown OSC escape code: 3008;start=33813197-67d0-474a-a107-684cdaf317ed;machineid=03484c...
[3.218] [PARSE ERROR] Unknown OSC escape code: 3008;end=33813197-67d0-474a-a107-684cdaf317ed;exit=success
[3.218] [PARSE ERROR] Unknown OSC escape code: 3008;start=cfd54202-c56d-45a1-95d7-0048adb289fe;machineid=03484c...
[3.314] Could not move child process into a systemd scope: [Errno 113] Failed to call StartTransientUnit: org.freedesktop.DBus.Error.ServiceUnknown: The name org.freedesktop.systemd1 was not provided by any .service files
[3.568] [PARSE ERROR] Unknown OSC escape code: 3008;start=e15efd25-0f19-4b92-9435-35deefb5ada5;machineid=03484c...
[3.568] [PARSE ERROR] Unknown OSC escape code: 3008;end=e15efd25-0f19-4b92-9435-35deefb5ada5;exit=success
[3.572] [PARSE ERROR] Unknown OSC escape code: 3008;start=cfd54202-c56d-45a1-95d7-0048adb289fe;machineid=03484c...
[3.998] Could not move child process into a systemd scope: [Errno 113] Failed to call StartTransientUnit: org.freedesktop.DBus.Error.ServiceUnknown: The name org.freedesktop.systemd1 was not provided by any .service files
[5.031] Could not move child process into a systemd scope: [Errno 113] Failed to call StartTransientUnit: org.freedesktop.DBus.Error.ServiceUnknown: The name org.freedesktop.systemd1 was not provided by any .service files
[5.733] [PARSE ERROR] Unknown OSC escape code: 3008;start=ad7dbfc5-e3b7-4716-86b1-2a22172f6a85;machineid=03484c...
[5.733] [PARSE ERROR] Unknown OSC escape code: 3008;end=ad7dbfc5-e3b7-4716-86b1-2a22172f6a85;exit=success
[5.738] [PARSE ERROR] Unknown OSC escape code: 3008;start=cfd54202-c56d-45a1-95d7-0048adb289fe;machineid=03484c...
[5.943] [PARSE ERROR] Unknown OSC escape code: 3008;start=3037f850-97ee-467f-be8f-6328b0c2d91f;machineid=03484c...
[5.943] [PARSE ERROR] Unknown OSC escape code: 3008;end=3037f850-97ee-467f-be8f-6328b0c2d91f;exit=success
[5.960] [PARSE ERROR] Unknown OSC escape code: 3008;start=cfd54202-c56d-45a1-95d7-0048adb289fe;machineid=03484c...
[6.296] [PARSE ERROR] Unknown OSC escape code: 3008;start=566045d3-1e95-4076-a309-fcc57c69f5f5;machineid=03484c...
[6.296] [PARSE ERROR] Unknown OSC escape code: 3008;end=566045d3-1e95-4076-a309-fcc57c69f5f5;exit=success
[6.313] [PARSE ERROR] Unknown OSC escape code: 3008;start=cfd54202-c56d-45a1-95d7-0048adb289fe;machineid=03484c...
[6.635] [PARSE ERROR] Unknown OSC escape code: 3008;start=56eff474-3148-4f85-bb0e-bde0dfe9e428;machineid=03484c...
[6.635] [PARSE ERROR] Unknown OSC escape code: 3008;end=56eff474-3148-4f85-bb0e-bde0dfe9e428;exit=success
[6.652] [PARSE ERROR] Unknown OSC escape code: 3008;start=cfd54202-c56d-45a1-95d7-0048adb289fe;machineid=03484c...
