[0.094] Could not move child process into a systemd scope: [Errno 113] Failed to call StartTransientUnit: org.freedesktop.DBus.Error.ServiceUnknown: The name org.freedesktop.systemd1 was not provided by any .service files
[0.175] [glfw error 65544]: process_desktop_settings: failed with error: [org.freedesktop.DBus.Error.ServiceUnknown] The name org.freedesktop.portal.Desktop was not provided by any .service files
[0.175] [glfw error 65544]: Notify: Failed to get server capabilities error: [org.freedesktop.DBus.Error.ServiceUnknown] The name org.freedesktop.Notifications was not provided by any .service files
[0.175] [PARSE ERROR] Unknown OSC escape code: 3008;start=d6396c8c-3bfe-4faf-8666-74040d78b83a;machineid=03484c...
[0.400] [PARSE ERROR] Unknown OSC escape code: 3008;start=6a58bfcb-e35d-43c5-8451-332a60ea4abf;machineid=03484c...
[0.411] [PARSE ERROR] Unknown OSC escape code: 3008;end=6a58bfcb-e35d-43c5-8451-332a60ea4abf;exit=success
[0.411] [PARSE ERROR] Unknown OSC escape code: 3008;start=d6396c8c-3bfe-4faf-8666-74040d78b83a;machineid=03484c...
[0.730] [PARSE ERROR] Unknown OSC escape code: 3008;start=c8ed1f60-37a8-4d2f-afd4-fc873208dfbc;machineid=03484c...
[0.730] [PARSE ERROR] Unknown OSC escape code: 3008;end=c8ed1f60-37a8-4d2f-afd4-fc873208dfbc;exit=success
[0.750] [PARSE ERROR] Unknown OSC escape code: 3008;start=d6396c8c-3bfe-4faf-8666-74040d78b83a;machineid=03484c...
[1.040] [PARSE ERROR] Unknown OSC escape code: 3008;start=f03b9178-2b90-4941-b731-75c971dd8ab4;machineid=03484c...
[1.040] [PARSE ERROR] Unknown OSC escape code: 3008;end=f03b9178-2b90-4941-b731-75c971dd8ab4;exit=success
[1.057] [PARSE ERROR] Unknown OSC escape code: 3008;start=d6396c8c-3bfe-4faf-8666-74040d78b83a;machineid=03484c...
[1.285] [PARSE ERROR] Unknown OSC escape code: 3008;start=70aff628-7a1a-4a71-9ecf-18279ab2eb64;machineid=03484c...
[1.285] [PARSE ERROR] Unknown OSC escape code: 3008;end=70aff628-7a1a-4a71-9ecf-18279ab2eb64;exit=success
[1.303] [PARSE ERROR] Unknown OSC escape code: 3008;start=d6396c8c-3bfe-4faf-8666-74040d78b83a;machineid=03484c...
[1.554] [PARSE ERROR] Unknown OSC escape code: 3008;start=44661412-1c7f-4f98-89f9-cc29d35fd46a;machineid=03484c...
[1.554] [PARSE ERROR] Unknown OSC escape code: 3008;end=44661412-1c7f-4f98-89f9-cc29d35fd46a;exit=success
[1.554] [PARSE ERROR] Unknown OSC escape code: 3008;start=d6396c8c-3bfe-4faf-8666-74040d78b83a;machineid=03484c...
[2.242] [PARSE ERROR] Unknown OSC escape code: 3008;start=c3841fc8-6411-43e5-a99d-7e3f751eff78;machineid=03484c...
[2.242] [PARSE ERROR] Unknown OSC escape code: 3008;end=c3841fc8-6411-43e5-a99d-7e3f751eff78;exit=success
[2.252] [PARSE ERROR] Unknown OSC escape code: 3008;start=d6396c8c-3bfe-4faf-8666-74040d78b83a;machineid=03484c...
[2.364] [PARSE ERROR] Unknown OSC escape code: 3008;start=81e08a14-a173-474b-b0c5-95cb7eb986f7;machineid=03484c...
[2.364] [PARSE ERROR] Unknown OSC escape code: 3008;end=81e08a14-a173-474b-b0c5-95cb7eb986f7;exit=success
[2.364] [PARSE ERROR] Unknown OSC escape code: 3008;start=d6396c8c-3bfe-4faf-8666-74040d78b83a;machineid=03484c...
[2.588] [PARSE ERROR] Unknown OSC escape code: 3008;start=ff362cc7-e90a-448e-b922-cd205477f6f5;machineid=03484c...
[2.588] [PARSE ERROR] Unknown OSC escape code: 3008;end=ff362cc7-e90a-448e-b922-cd205477f6f5;exit=success
[2.588] [PARSE ERROR] Unknown OSC escape code: 3008;start=d6396c8c-3bfe-4faf-8666-74040d78b83a;machineid=03484c...
[3.242] [glfw error 65544]: Notify: Failed to create notification error: [org.freedesktop.DBus.Error.ServiceUnknown] The name org.freedesktop.Notifications was not provided by any .service files
[3.255] [PARSE ERROR] Unknown OSC escape code: 3008;start=3b4b89b7-3963-4986-9734-ff4a5de94a60;machineid=03484c...
[3.255] [PARSE ERROR] Unknown OSC escape code: 3008;end=3b4b89b7-3963-4986-9734-ff4a5de94a60;exit=success
[3.255] [PARSE ERROR] Unknown OSC escape code: 3008;start=d6396c8c-3bfe-4faf-8666-74040d78b83a;machineid=03484c...
[3.495] [PARSE ERROR] Unknown OSC escape code: 3008;start=0cf172d4-f2fc-45e7-8274-6d39b052883d;machineid=03484c...
[3.495] [PARSE ERROR] Unknown OSC escape code: 3008;end=0cf172d4-f2fc-45e7-8274-6d39b052883d;exit=success
[3.495] [PARSE ERROR] Unknown OSC escape code: 3008;start=d6396c8c-3bfe-4faf-8666-74040d78b83a;machineid=03484c...
[3.499] [PARSE ERROR] Unknown OSC escape code: 3008;start=45ee1922-f529-45c0-b368-30ce8422b1f6;machineid=03484c...
[3.499] [PARSE ERROR] Unknown OSC escape code: 3008;end=45ee1922-f529-45c0-b368-30ce8422b1f6;exit=success
[3.504] [PARSE ERROR] Unknown OSC escape code: 3008;start=d6396c8c-3bfe-4faf-8666-74040d78b83a;machineid=03484c...
[3.514] [PARSE ERROR] Unknown OSC escape code: 3008;start=b013b5b9-5ea8-40d2-aa73-b01bf84ea31d;machineid=03484c...
[3.514] [PARSE ERROR] Unknown OSC escape code: 3008;end=b013b5b9-5ea8-40d2-aa73-b01bf84ea31d;exit=success
[3.514] [PARSE ERROR] Unknown OSC escape code: 3008;start=d6396c8c-3bfe-4faf-8666-74040d78b83a;machineid=03484c...
[3.554] [PARSE ERROR] Unknown OSC escape code: 3008;start=adac1606-a98a-4490-9c26-4e89ebdeecad;machineid=03484c...
[3.554] [PARSE ERROR] Unknown OSC escape code: 3008;end=adac1606-a98a-4490-9c26-4e89ebdeecad;exit=success
[3.554] [PARSE ERROR] Unknown OSC escape code: 3008;start=d6396c8c-3bfe-4faf-8666-74040d78b83a;machineid=03484c...
[3.559] [PARSE ERROR] Unknown OSC escape code: 3008;start=dcff8af0-439b-48ac-aa83-1858644a09e8;machineid=03484c...
[3.559] [PARSE ERROR] Unknown OSC escape code: 3008;end=dcff8af0-439b-48ac-aa83-1858644a09e8;exit=success
[3.564] [PARSE ERROR] Unknown OSC escape code: 3008;start=d6396c8c-3bfe-4faf-8666-74040d78b83a;machineid=03484c...
[3.569] [PARSE ERROR] Unknown OSC escape code: 3008;start=7c17eb57-17f3-4a43-ab58-ee6bc806a33e;machineid=03484c...
[3.569] [PARSE ERROR] Unknown OSC escape code: 3008;end=7c17eb57-17f3-4a43-ab58-ee6bc806a33e;exit=success
[3.569] [PARSE ERROR] Unknown OSC escape code: 3008;start=d6396c8c-3bfe-4faf-8666-74040d78b83a;machineid=03484c...
[3.598] [PARSE ERROR] Unknown OSC escape code: 3008;start=86008c5c-60c8-4fc2-837e-228a54ea1925;machineid=03484c...
[3.598] [PARSE ERROR] Unknown OSC escape code: 3008;end=86008c5c-60c8-4fc2-837e-228a54ea1925;exit=success
[3.598] [PARSE ERROR] Unknown OSC escape code: 3008;start=d6396c8c-3bfe-4faf-8666-74040d78b83a;machineid=03484c...
[3.620] [PARSE ERROR] Unknown OSC escape code: 3008;start=3ed165a1-a2cc-44ac-b31e-4cb274273f45;machineid=03484c...
[3.620] [PARSE ERROR] Unknown OSC escape code: 3008;end=3ed165a1-a2cc-44ac-b31e-4cb274273f45;exit=success
[3.620] [PARSE ERROR] Unknown OSC escape code: 3008;start=d6396c8c-3bfe-4faf-8666-74040d78b83a;machineid=03484c...
[3.642] [PARSE ERROR] Unknown OSC escape code: 3008;start=ebbc5c46-28be-4407-8436-43be52c0bf70;machineid=03484c...
[3.642] [PARSE ERROR] Unknown OSC escape code: 3008;end=ebbc5c46-28be-4407-8436-43be52c0bf70;exit=success
[3.642] [PARSE ERROR] Unknown OSC escape code: 3008;start=d6396c8c-3bfe-4faf-8666-74040d78b83a;machineid=03484c...
[3.668] [PARSE ERROR] Unknown OSC escape code: 3008;start=d7b242cd-c16b-4a95-b40d-0166df689ba0;machineid=03484c...
[3.668] [PARSE ERROR] Unknown OSC escape code: 3008;end=d7b242cd-c16b-4a95-b40d-0166df689ba0;exit=success
[3.668] [PARSE ERROR] Unknown OSC escape code: 3008;start=d6396c8c-3bfe-4faf-8666-74040d78b83a;machineid=03484c...
[3.672] [PARSE ERROR] Unknown OSC escape code: 3008;start=65bab8d8-ce81-4798-8fc1-5ee6206aee60;machineid=03484c...
[3.672] [PARSE ERROR] Unknown OSC escape code: 3008;end=65bab8d8-ce81-4798-8fc1-5ee6206aee60;exit=success
[3.676] [PARSE ERROR] Unknown OSC escape code: 3008;start=d6396c8c-3bfe-4faf-8666-74040d78b83a;machineid=03484c...
[3.684] [PARSE ERROR] Unknown OSC escape code: 3008;start=159e4517-8fe2-429d-8745-8f4783134f0d;machineid=03484c...
[3.688] [PARSE ERROR] Unknown OSC escape code: 3008;end=159e4517-8fe2-429d-8745-8f4783134f0d;exit=success
[3.688] [PARSE ERROR] Unknown OSC escape code: 3008;start=d6396c8c-3bfe-4faf-8666-74040d78b83a;machineid=03484c...
[4.349] [PARSE ERROR] Unknown OSC escape code: 3008;start=f5df5c57-0b39-4a48-b1d7-7323bdce5b90;machineid=03484c...
[4.349] [PARSE ERROR] Unknown OSC escape code: 3008;end=f5df5c57-0b39-4a48-b1d7-7323bdce5b90;exit=success
[4.349] [PARSE ERROR] Unknown OSC escape code: 3008;start=d6396c8c-3bfe-4faf-8666-74040d78b83a;machineid=03484c...
[4.469] Could not move child process into a systemd scope: [Errno 113] Failed to call StartTransientUnit: org.freedesktop.DBus.Error.ServiceUnknown: The name org.freedesktop.systemd1 was not provided by any .service files
[4.714] [PARSE ERROR] Unknown OSC escape code: 3008;start=b21e4d24-1c3f-4e58-b154-503a9a5e15a6;machineid=03484c...
[4.714] [PARSE ERROR] Unknown OSC escape code: 3008;end=b21e4d24-1c3f-4e58-b154-503a9a5e15a6;exit=success
[4.719] [PARSE ERROR] Unknown OSC escape code: 3008;start=d6396c8c-3bfe-4faf-8666-74040d78b83a;machineid=03484c...
[5.134] Could not move child process into a systemd scope: [Errno 113] Failed to call StartTransientUnit: org.freedesktop.DBus.Error.ServiceUnknown: The name org.freedesktop.systemd1 was not provided by any .service files
[6.234] Could not move child process into a systemd scope: [Errno 113] Failed to call StartTransientUnit: org.freedesktop.DBus.Error.ServiceUnknown: The name org.freedesktop.systemd1 was not provided by any .service files
[7.073] [PARSE ERROR] Unknown OSC escape code: 3008;start=57f421b4-a121-4592-80c8-baf16c4ca61e;machineid=03484c...
[7.073] [PARSE ERROR] Unknown OSC escape code: 3008;end=57f421b4-a121-4592-80c8-baf16c4ca61e;exit=success
[7.073] [PARSE ERROR] Unknown OSC escape code: 3008;start=d6396c8c-3bfe-4faf-8666-74040d78b83a;machineid=03484c...
[7.315] [PARSE ERROR] Unknown OSC escape code: 3008;start=fb111828-8d69-46e4-8430-a97a4980127a;machineid=03484c...
[7.315] [PARSE ERROR] Unknown OSC escape code: 3008;end=fb111828-8d69-46e4-8430-a97a4980127a;exit=success
[7.315] [PARSE ERROR] Unknown OSC escape code: 3008;start=d6396c8c-3bfe-4faf-8666-74040d78b83a;machineid=03484c...
[7.656] [PARSE ERROR] Unknown OSC escape code: 3008;start=0d079ba3-838b-45f5-b602-9ad3637c7fc5;machineid=03484c...
[7.656] [PARSE ERROR] Unknown OSC escape code: 3008;end=0d079ba3-838b-45f5-b602-9ad3637c7fc5;exit=success
[7.673] [PARSE ERROR] Unknown OSC escape code: 3008;start=d6396c8c-3bfe-4faf-8666-74040d78b83a;machineid=03484c...
[8.081] [PARSE ERROR] Unknown OSC escape code: 3008;start=3bf972b9-e736-489f-8e63-e39e91b41777;machineid=03484c...
[8.081] [PARSE ERROR] Unknown OSC escape code: 3008;end=3bf972b9-e736-489f-8e63-e39e91b41777;exit=success
[8.100] [PARSE ERROR] Unknown OSC escape code: 3008;start=d6396c8c-3bfe-4faf-8666-74040d78b83a;machineid=03484c...
