[0.302] The output buffer does not support sRGB color encoding, colors will be incorrect.
[0.335] Failed to enable transparency. This happens when your desktop environment does not support compositing.
[0.394] [PARSE ERROR] Unknown OSC escape code: 3008;start=28b37362-ab60-4c36-a95b-ff4122748747;machineid=03484c...
[0.606] [PARSE ERROR] Unknown OSC escape code: 3008;start=af2dbb4a-665c-4ce7-8508-7d9b34db5018;machineid=03484c...
[0.606] [PARSE ERROR] Unknown OSC escape code: 3008;end=af2dbb4a-665c-4ce7-8508-7d9b34db5018;exit=success
[0.613] [PARSE ERROR] Unknown OSC escape code: 3008;start=28b37362-ab60-4c36-a95b-ff4122748747;machineid=03484c...
[0.810] [PARSE ERROR] Unknown OSC escape code: 3008;start=3db467fa-5ffc-429a-b886-fa8576ddb4f0;machineid=03484c...
[0.810] [PARSE ERROR] Unknown OSC escape code: 3008;end=3db467fa-5ffc-429a-b886-fa8576ddb4f0;exit=success
[0.817] [PARSE ERROR] Unknown OSC escape code: 3008;start=28b37362-ab60-4c36-a95b-ff4122748747;machineid=03484c...
[1.014] [PARSE ERROR] Unknown OSC escape code: 3008;start=f83fb73f-20ab-47ff-b6a3-458442ddddac;machineid=03484c...
[1.014] [PARSE ERROR] Unknown OSC escape code: 3008;end=f83fb73f-20ab-47ff-b6a3-458442ddddac;exit=success
[1.014] [PARSE ERROR] Unknown OSC escape code: 3008;start=28b37362-ab60-4c36-a95b-ff4122748747;machineid=03484c...
[1.131] [PARSE ERROR] Unknown OSC escape code: 3008;start=a920271e-ac6b-4c6a-a2c2-e426523c9093;machineid=03484c...
[1.131] [PARSE ERROR] Unknown OSC escape code: 3008;end=a920271e-ac6b-4c6a-a2c2-e426523c9093;exit=success
[1.139] [PARSE ERROR] Unknown OSC escape code: 3008;start=28b37362-ab60-4c36-a95b-ff4122748747;machineid=03484c...
[1.257] [PARSE ERROR] Unknown OSC escape code: 3008;start=feaa75a9-815b-48d4-ac3b-339faccac6e2;machineid=03484c...
[1.257] [PARSE ERROR] Unknown OSC escape code: 3008;end=feaa75a9-815b-48d4-ac3b-339faccac6e2;exit=success
[1.264] [PARSE ERROR] Unknown OSC escape code: 3008;start=28b37362-ab60-4c36-a95b-ff4122748747;machineid=03484c...
[1.379] [PARSE ERROR] Unknown OSC escape code: 3008;start=b52280d6-d1f6-4f58-b8ee-3d108b3b150c;machineid=03484c...
[1.379] [PARSE ERROR] Unknown OSC escape code: 3008;end=b52280d6-d1f6-4f58-b8ee-3d108b3b150c;exit=success
[1.387] [PARSE ERROR] Unknown OSC escape code: 3008;start=28b37362-ab60-4c36-a95b-ff4122748747;machineid=03484c...
[1.497] [PARSE ERROR] Unknown OSC escape code: 3008;start=0b4348b9-921f-46a3-af1a-e50614ce6515;machineid=03484c...
[1.497] [PARSE ERROR] Unknown OSC escape code: 3008;end=0b4348b9-921f-46a3-af1a-e50614ce6515;exit=success
[1.504] [PARSE ERROR] Unknown OSC escape code: 3008;start=28b37362-ab60-4c36-a95b-ff4122748747;machineid=03484c...
[1.619] [PARSE ERROR] Unknown OSC escape code: 3008;start=e256eade-6250-42c7-9a4d-8ab7f61466b9;machineid=03484c...
[1.619] [PARSE ERROR] Unknown OSC escape code: 3008;end=e256eade-6250-42c7-9a4d-8ab7f61466b9;exit=success
[1.619] [PARSE ERROR] Unknown OSC escape code: 3008;start=28b37362-ab60-4c36-a95b-ff4122748747;machineid=03484c...
[1.734] [PARSE ERROR] Unknown OSC escape code: 3008;start=aeba426a-2fca-4183-9e3d-6e28387d8ed9;machineid=03484c...
[1.734] [PARSE ERROR] Unknown OSC escape code: 3008;end=aeba426a-2fca-4183-9e3d-6e28387d8ed9;exit=success
[1.740] [PARSE ERROR] Unknown OSC escape code: 3008;start=28b37362-ab60-4c36-a95b-ff4122748747;machineid=03484c...
[1.898] [PARSE ERROR] Unknown OSC escape code: 3008;start=3e12f442-d5ee-43e2-ad02-27f223a81d58;machineid=03484c...
[1.898] [PARSE ERROR] Unknown OSC escape code: 3008;end=3e12f442-d5ee-43e2-ad02-27f223a81d58;exit=success
[1.905] [PARSE ERROR] Unknown OSC escape code: 3008;start=28b37362-ab60-4c36-a95b-ff4122748747;machineid=03484c...
[1.915] [PARSE ERROR] Unknown OSC escape code: 3008;start=15012c78-af2d-4e98-87ff-c36893cb65fe;machineid=03484c...
[1.915] [PARSE ERROR] Unknown OSC escape code: 3008;end=15012c78-af2d-4e98-87ff-c36893cb65fe;exit=success
[1.922] [PARSE ERROR] Unknown OSC escape code: 3008;start=28b37362-ab60-4c36-a95b-ff4122748747;machineid=03484c...
[1.940] [PARSE ERROR] Unknown OSC escape code: 3008;start=6b124fad-2dc8-4755-8395-b89696aa9beb;machineid=03484c...
[1.940] [PARSE ERROR] Unknown OSC escape code: 3008;end=6b124fad-2dc8-4755-8395-b89696aa9beb;exit=success
[1.940] [PARSE ERROR] Unknown OSC escape code: 3008;start=28b37362-ab60-4c36-a95b-ff4122748747;machineid=03484c...
[1.948] [PARSE ERROR] Unknown OSC escape code: 3008;start=ae3951d1-1c46-46f8-9701-5790eec8c46f;machineid=03484c...
[1.948] [PARSE ERROR] Unknown OSC escape code: 3008;end=ae3951d1-1c46-46f8-9701-5790eec8c46f;exit=success
[1.948] [PARSE ERROR] Unknown OSC escape code: 3008;start=28b37362-ab60-4c36-a95b-ff4122748747;machineid=03484c...
[1.958] [PARSE ERROR] Unknown OSC escape code: 3008;start=b65c9b52-ad6a-4355-92e5-844cf797701d;machineid=03484c...
[1.958] [PARSE ERROR] Unknown OSC escape code: 3008;end=b65c9b52-ad6a-4355-92e5-844cf797701d;exit=success
[1.965] [PARSE ERROR] Unknown OSC escape code: 3008;start=28b37362-ab60-4c36-a95b-ff4122748747;machineid=03484c...
[1.972] [PARSE ERROR] Unknown OSC escape code: 3008;start=c851e8ab-a750-422f-8dc2-6282669a3f59;machineid=03484c...
[1.972] [PARSE ERROR] Unknown OSC escape code: 3008;end=c851e8ab-a750-422f-8dc2-6282669a3f59;exit=success
[1.972] [PARSE ERROR] Unknown OSC escape code: 3008;start=28b37362-ab60-4c36-a95b-ff4122748747;machineid=03484c...
[1.983] [PARSE ERROR] Unknown OSC escape code: 3008;start=c948a45c-5eb5-48c2-9245-77b16f48545c;machineid=03484c...
[1.983] [PARSE ERROR] Unknown OSC escape code: 3008;end=c948a45c-5eb5-48c2-9245-77b16f48545c;exit=success
[1.990] [PARSE ERROR] Unknown OSC escape code: 3008;start=28b37362-ab60-4c36-a95b-ff4122748747;machineid=03484c...
[1.998] [PARSE ERROR] Unknown OSC escape code: 3008;start=1e99c9dc-7be3-42dc-93dd-ac6ab5e00215;machineid=03484c...
[1.998] [PARSE ERROR] Unknown OSC escape code: 3008;end=1e99c9dc-7be3-42dc-93dd-ac6ab5e00215;exit=success
[1.998] [PARSE ERROR] Unknown OSC escape code: 3008;start=28b37362-ab60-4c36-a95b-ff4122748747;machineid=03484c...
[2.008] [PARSE ERROR] Unknown OSC escape code: 3008;start=9defbe74-dbdf-4af9-8656-a8c6516efea2;machineid=03484c...
[2.008] [PARSE ERROR] Unknown OSC escape code: 3008;end=9defbe74-dbdf-4af9-8656-a8c6516efea2;exit=success
[2.015] [PARSE ERROR] Unknown OSC escape code: 3008;start=28b37362-ab60-4c36-a95b-ff4122748747;machineid=03484c...
[2.026] [PARSE ERROR] Unknown OSC escape code: 3008;start=a74b4e8c-44b5-4b4f-ac8a-a53fb12c3499;machineid=03484c...
[2.026] [PARSE ERROR] Unknown OSC escape code: 3008;end=a74b4e8c-44b5-4b4f-ac8a-a53fb12c3499;exit=success
[2.033] [PARSE ERROR] Unknown OSC escape code: 3008;start=28b37362-ab60-4c36-a95b-ff4122748747;machineid=03484c...
[2.041] [PARSE ERROR] Unknown OSC escape code: 3008;start=1d33b561-e054-4db4-89e2-0c96a7e4eccb;machineid=03484c...
[2.041] [PARSE ERROR] Unknown OSC escape code: 3008;end=1d33b561-e054-4db4-89e2-0c96a7e4eccb;exit=success
[2.041] [PARSE ERROR] Unknown OSC escape code: 3008;start=28b37362-ab60-4c36-a95b-ff4122748747;machineid=03484c...
[2.048] [PARSE ERROR] Unknown OSC escape code: 3008;start=b260cdcc-4552-42ab-9374-7df7fd493c0c;machineid=03484c...
[2.048] [PARSE ERROR] Unknown OSC escape code: 3008;end=b260cdcc-4552-42ab-9374-7df7fd493c0c;exit=success
[2.048] [PARSE ERROR] Unknown OSC escape code: 3008;start=28b37362-ab60-4c36-a95b-ff4122748747;machineid=03484c...
[2.698] [PARSE ERROR] Unknown OSC escape code: 3008;start=cc0c0e87-6690-4c85-8200-03c2938d154c;machineid=03484c...
[2.698] [PARSE ERROR] Unknown OSC escape code: 3008;end=cc0c0e87-6690-4c85-8200-03c2938d154c;exit=success
[2.698] [PARSE ERROR] Unknown OSC escape code: 3008;start=28b37362-ab60-4c36-a95b-ff4122748747;machineid=03484c...
[2.942] [PARSE ERROR] Unknown OSC escape code: 3008;start=8c066faf-4e0f-4647-bac1-01183ebf14f9;machineid=03484c...
[2.942] [PARSE ERROR] Unknown OSC escape code: 3008;end=8c066faf-4e0f-4647-bac1-01183ebf14f9;exit=success
[2.949] [PARSE ERROR] Unknown OSC escape code: 3008;start=28b37362-ab60-4c36-a95b-ff4122748747;machineid=03484c...
[4.318] [PARSE ERROR] Unknown OSC escape code: 3008;start=fc2e971e-ca33-4efd-9589-94842f01fae7;machineid=03484c...
[4.318] [PARSE ERROR] Unknown OSC escape code: 3008;end=fc2e971e-ca33-4efd-9589-94842f01fae7;exit=success
[4.318] [PARSE ERROR] Unknown OSC escape code: 3008;start=28b37362-ab60-4c36-a95b-ff4122748747;machineid=03484c...
[4.521] [PARSE ERROR] Unknown OSC escape code: 3008;start=630bf085-d77a-4edc-877a-55b01147b567;machineid=03484c...
[4.521] [PARSE ERROR] Unknown OSC escape code: 3008;end=630bf085-d77a-4edc-877a-55b01147b567;exit=success
[4.529] [PARSE ERROR] Unknown OSC escape code: 3008;start=28b37362-ab60-4c36-a95b-ff4122748747;machineid=03484c...
[4.911] [PARSE ERROR] Unknown OSC escape code: 3008;start=c0287bdc-4c6c-4208-a356-762e9e2b7f6f;machineid=03484c...
[4.911] [PARSE ERROR] Unknown OSC escape code: 3008;end=c0287bdc-4c6c-4208-a356-762e9e2b7f6f;exit=success
[4.911] [PARSE ERROR] Unknown OSC escape code: 3008;start=28b37362-ab60-4c36-a95b-ff4122748747;machineid=03484c...
[5.303] [PARSE ERROR] Unknown OSC escape code: 3008;start=fb71affa-d7b4-4043-8383-f8fda247efa2;machineid=03484c...
[5.303] [PARSE ERROR] Unknown OSC escape code: 3008;end=fb71affa-d7b4-4043-8383-f8fda247efa2;exit=success
[5.303] [PARSE ERROR] Unknown OSC escape code: 3008;start=28b37362-ab60-4c36-a95b-ff4122748747;machineid=03484c...
