[0.307] The output buffer does not support sRGB color encoding, colors will be incorrect.
[0.308] Failed to enable transparency. This happens when your desktop environment does not support compositing.
[0.360] [PARSE ERROR] Unknown OSC escape code: 3008;start=bb3e8626-0e31-4d8f-8fba-852469e93763;machineid=03484c...
[0.459] [PARSE ERROR] Unknown OSC escape code: 3008;start=43c011b1-2c42-4f70-bceb-c3ed01d1e08d;machineid=03484c...
[0.459] [PARSE ERROR] Unknown OSC escape code: 3008;end=43c011b1-2c42-4f70-bceb-c3ed01d1e08d;exit=success
[0.466] [PARSE ERROR] Unknown OSC escape code: 3008;start=bb3e8626-0e31-4d8f-8fba-852469e93763;machineid=03484c...
[0.683] [PARSE ERROR] Unknown OSC escape code: 3008;start=1dbd94ba-6ea9-420b-99fc-4ac6c7e89a67;machineid=03484c...
[0.683] [PARSE ERROR] Unknown OSC escape code: 3008;end=1dbd94ba-6ea9-420b-99fc-4ac6c7e89a67;exit=success
[0.691] [PARSE ERROR] Unknown OSC escape code: 3008;start=bb3e8626-0e31-4d8f-8fba-852469e93763;machineid=03484c...
[0.884] [PARSE ERROR] Unknown OSC escape code: 3008;start=52ac44d0-f456-4dba-80f0-7365025818cd;machineid=03484c...
[0.884] [PARSE ERROR] Unknown OSC escape code: 3008;end=52ac44d0-f456-4dba-80f0-7365025818cd;exit=success
[0.890] [PARSE ERROR] Unknown OSC escape code: 3008;start=bb3e8626-0e31-4d8f-8fba-852469e93763;machineid=03484c...
[0.976] [PARSE ERROR] Unknown OSC escape code: 3008;start=e17182e7-aa2a-47be-b76c-f2f7e4425320;machineid=03484c...
[0.976] [PARSE ERROR] Unknown OSC escape code: 3008;end=e17182e7-aa2a-47be-b76c-f2f7e4425320;exit=success
[0.983] [PARSE ERROR] Unknown OSC escape code: 3008;start=bb3e8626-0e31-4d8f-8fba-852469e93763;machineid=03484c...
[1.093] [PARSE ERROR] Unknown OSC escape code: 3008;start=92a9bba5-936b-4b3e-a06c-924a94d64ef5;machineid=03484c...
[1.093] [PARSE ERROR] Unknown OSC escape code: 3008;end=92a9bba5-936b-4b3e-a06c-924a94d64ef5;exit=success
[1.103] [PARSE ERROR] Unknown OSC escape code: 3008;start=bb3e8626-0e31-4d8f-8fba-852469e93763;machineid=03484c...
[1.381] [PARSE ERROR] Unknown OSC escape code: 3008;start=6a6830db-8611-4f02-b9e2-9f20e2afb03d;machineid=03484c...
[1.381] [PARSE ERROR] Unknown OSC escape code: 3008;end=6a6830db-8611-4f02-b9e2-9f20e2afb03d;exit=success
[1.388] [PARSE ERROR] Unknown OSC escape code: 3008;start=bb3e8626-0e31-4d8f-8fba-852469e93763;machineid=03484c...
[1.520] [PARSE ERROR] Unknown OSC escape code: 3008;start=7b689c54-a9be-41ae-bfca-213c60cf245c;machineid=03484c...
[1.520] [PARSE ERROR] Unknown OSC escape code: 3008;end=7b689c54-a9be-41ae-bfca-213c60cf245c;exit=success
[1.520] [PARSE ERROR] Unknown OSC escape code: 3008;start=bb3e8626-0e31-4d8f-8fba-852469e93763;machineid=03484c...
[1.614] [PARSE ERROR] Unknown OSC escape code: 3008;start=6b082add-d06d-4e0b-bdae-784197a69e6c;machineid=03484c...
[1.614] [PARSE ERROR] Unknown OSC escape code: 3008;end=6b082add-d06d-4e0b-bdae-784197a69e6c;exit=success
[1.621] [PARSE ERROR] Unknown OSC escape code: 3008;start=bb3e8626-0e31-4d8f-8fba-852469e93763;machineid=03484c...
[1.894] [PARSE ERROR] Unknown OSC escape code: 3008;start=0a45c550-1ad4-45aa-a488-cd40d69e3bbd;machineid=03484c...
[1.894] [PARSE ERROR] Unknown OSC escape code: 3008;end=0a45c550-1ad4-45aa-a488-cd40d69e3bbd;exit=success
[1.894] [PARSE ERROR] Unknown OSC escape code: 3008;start=bb3e8626-0e31-4d8f-8fba-852469e93763;machineid=03484c...
[2.064] [PARSE ERROR] Unknown OSC escape code: 3008;start=c7773ce1-a6e0-4e1a-ad16-ab89e83ca5bc;machineid=03484c...
[2.064] [PARSE ERROR] Unknown OSC escape code: 3008;end=c7773ce1-a6e0-4e1a-ad16-ab89e83ca5bc;exit=success
[2.064] [PARSE ERROR] Unknown OSC escape code: 3008;start=bb3e8626-0e31-4d8f-8fba-852469e93763;machineid=03484c...
[2.084] [PARSE ERROR] Unknown OSC escape code: 3008;start=ef6491f0-9fdd-4416-9d6d-3b1dff0bbe9f;machineid=03484c...
[2.084] [PARSE ERROR] Unknown OSC escape code: 3008;end=ef6491f0-9fdd-4416-9d6d-3b1dff0bbe9f;exit=success
[2.084] [PARSE ERROR] Unknown OSC escape code: 3008;start=bb3e8626-0e31-4d8f-8fba-852469e93763;machineid=03484c...
[2.092] [PARSE ERROR] Unknown OSC escape code: 3008;start=53f3f5f7-cf1b-4f1a-869f-c63aba7264fb;machineid=03484c...
[2.092] [PARSE ERROR] Unknown OSC escape code: 3008;end=53f3f5f7-cf1b-4f1a-869f-c63aba7264fb;exit=success
[2.092] [PARSE ERROR] Unknown OSC escape code: 3008;start=bb3e8626-0e31-4d8f-8fba-852469e93763;machineid=03484c...
[2.103] [PARSE ERROR] Unknown OSC escape code: 3008;start=c31e78c4-5cb4-4ab4-83e8-435cd9bee4b7;machineid=03484c...
[2.103] [PARSE ERROR] Unknown OSC escape code: 3008;end=c31e78c4-5cb4-4ab4-83e8-435cd9bee4b7;exit=success
[2.111] [PARSE ERROR] Unknown OSC escape code: 3008;start=bb3e8626-0e31-4d8f-8fba-852469e93763;machineid=03484c...
[2.119] [PARSE ERROR] Unknown OSC escape code: 3008;start=57263fea-3092-4533-9702-16bb9cc6c13d;machineid=03484c...
[2.119] [PARSE ERROR] Unknown OSC escape code: 3008;end=57263fea-3092-4533-9702-16bb9cc6c13d;exit=success
[2.119] [PARSE ERROR] Unknown OSC escape code: 3008;start=bb3e8626-0e31-4d8f-8fba-852469e93763;machineid=03484c...
[2.139] [PARSE ERROR] Unknown OSC escape code: 3008;start=4f811044-c803-411c-8fc6-c265e852e583;machineid=03484c...
[2.139] [PARSE ERROR] Unknown OSC escape code: 3008;end=4f811044-c803-411c-8fc6-c265e852e583;exit=success
[2.139] [PARSE ERROR] Unknown OSC escape code: 3008;start=bb3e8626-0e31-4d8f-8fba-852469e93763;machineid=03484c...
[2.160] [PARSE ERROR] Unknown OSC escape code: 3008;start=fa9e23f3-d84b-4698-a46c-2b4a133aae49;machineid=03484c...
[2.160] [PARSE ERROR] Unknown OSC escape code: 3008;end=fa9e23f3-d84b-4698-a46c-2b4a133aae49;exit=success
[2.160] [PARSE ERROR] Unknown OSC escape code: 3008;start=bb3e8626-0e31-4d8f-8fba-852469e93763;machineid=03484c...
[2.183] [PARSE ERROR] Unknown OSC escape code: 3008;start=2f472b27-e905-476f-b084-0144b8504566;machineid=03484c...
[2.183] [PARSE ERROR] Unknown OSC escape code: 3008;end=2f472b27-e905-476f-b084-0144b8504566;exit=success
[2.183] [PARSE ERROR] Unknown OSC escape code: 3008;start=bb3e8626-0e31-4d8f-8fba-852469e93763;machineid=03484c...
[2.199] [PARSE ERROR] Unknown OSC escape code: 3008;start=fcfc9cea-bfb7-4e3e-a64b-ba25956d0bb8;machineid=03484c...
[2.199] [PARSE ERROR] Unknown OSC escape code: 3008;end=fcfc9cea-bfb7-4e3e-a64b-ba25956d0bb8;exit=success
[2.208] [PARSE ERROR] Unknown OSC escape code: 3008;start=bb3e8626-0e31-4d8f-8fba-852469e93763;machineid=03484c...
[2.217] [PARSE ERROR] Unknown OSC escape code: 3008;start=81bc37fb-2d79-497e-b1df-0c960422851b;machineid=03484c...
[2.217] [PARSE ERROR] Unknown OSC escape code: 3008;end=81bc37fb-2d79-497e-b1df-0c960422851b;exit=success
[2.225] [PARSE ERROR] Unknown OSC escape code: 3008;start=bb3e8626-0e31-4d8f-8fba-852469e93763;machineid=03484c...
[2.246] [PARSE ERROR] Unknown OSC escape code: 3008;start=bb33644c-e53f-487c-ae45-025c5545acf7;machineid=03484c...
[2.246] [PARSE ERROR] Unknown OSC escape code: 3008;end=bb33644c-e53f-487c-ae45-025c5545acf7;exit=success
[2.246] [PARSE ERROR] Unknown OSC escape code: 3008;start=bb3e8626-0e31-4d8f-8fba-852469e93763;machineid=03484c...
[2.266] [PARSE ERROR] Unknown OSC escape code: 3008;start=1704fea5-3451-4c17-8f21-501ff9718ea1;machineid=03484c...
[2.266] [PARSE ERROR] Unknown OSC escape code: 3008;end=1704fea5-3451-4c17-8f21-501ff9718ea1;exit=success
[2.266] [PARSE ERROR] Unknown OSC escape code: 3008;start=bb3e8626-0e31-4d8f-8fba-852469e93763;machineid=03484c...
[2.889] [PARSE ERROR] Unknown OSC escape code: 3008;start=a559347c-0785-4d89-b205-63da92d89783;machineid=03484c...
[2.889] [PARSE ERROR] Unknown OSC escape code: 3008;end=a559347c-0785-4d89-b205-63da92d89783;exit=success
[2.889] [PARSE ERROR] Unknown OSC escape code: 3008;start=bb3e8626-0e31-4d8f-8fba-852469e93763;machineid=03484c...
[3.131] [PARSE ERROR] Unknown OSC escape code: 3008;start=a31ffc22-67ca-473d-be04-336b12648683;machineid=03484c...
[3.131] [PARSE ERROR] Unknown OSC escape code: 3008;end=a31ffc22-67ca-473d-be04-336b12648683;exit=success
[3.139] [PARSE ERROR] Unknown OSC escape code: 3008;start=bb3e8626-0e31-4d8f-8fba-852469e93763;machineid=03484c...
[4.508] [PARSE ERROR] Unknown OSC escape code: 3008;start=d883f4d9-d404-479a-9314-81846e4d2114;machineid=03484c...
[4.508] [PARSE ERROR] Unknown OSC escape code: 3008;end=d883f4d9-d404-479a-9314-81846e4d2114;exit=success
[4.508] [PARSE ERROR] Unknown OSC escape code: 3008;start=bb3e8626-0e31-4d8f-8fba-852469e93763;machineid=03484c...
[4.672] [PARSE ERROR] Unknown OSC escape code: 3008;start=3df9b239-f881-4055-a361-9b9cf43e1c8f;machineid=03484c...
[4.672] [PARSE ERROR] Unknown OSC escape code: 3008;end=3df9b239-f881-4055-a361-9b9cf43e1c8f;exit=success
[4.679] [PARSE ERROR] Unknown OSC escape code: 3008;start=bb3e8626-0e31-4d8f-8fba-852469e93763;machineid=03484c...
[5.062] [PARSE ERROR] Unknown OSC escape code: 3008;start=eb484e34-45fa-430f-a766-9d07d9fbb6ad;machineid=03484c...
[5.062] [PARSE ERROR] Unknown OSC escape code: 3008;end=eb484e34-45fa-430f-a766-9d07d9fbb6ad;exit=success
[5.062] [PARSE ERROR] Unknown OSC escape code: 3008;start=bb3e8626-0e31-4d8f-8fba-852469e93763;machineid=03484c...
[5.406] [PARSE ERROR] Unknown OSC escape code: 3008;start=2ad638f9-b9b6-4df2-bf8a-44d73cf27750;machineid=03484c...
[5.406] [PARSE ERROR] Unknown OSC escape code: 3008;end=2ad638f9-b9b6-4df2-bf8a-44d73cf27750;exit=success
[5.406] [PARSE ERROR] Unknown OSC escape code: 3008;start=bb3e8626-0e31-4d8f-8fba-852469e93763;machineid=03484c...
