[0.118] Could not move child process into a systemd scope: [Errno 113] Failed to call StartTransientUnit: org.freedesktop.DBus.Error.ServiceUnknown: The name org.freedesktop.systemd1 was not provided by any .service files
[0.191] [glfw error 65544]: process_desktop_settings: failed with error: [org.freedesktop.DBus.Error.ServiceUnknown] The name org.freedesktop.portal.Desktop was not provided by any .service files
[0.191] [glfw error 65544]: Notify: Failed to get server capabilities error: [org.freedesktop.DBus.Error.ServiceUnknown] The name org.freedesktop.Notifications was not provided by any .service files
[0.195] [PARSE ERROR] Unknown OSC escape code: 3008;start=410dc7ee-6b35-46b8-93cf-57b01bd9ca36;machineid=03484c...
[0.542] [PARSE ERROR] Unknown OSC escape code: 3008;start=34dc11d0-7871-43aa-b37a-21320fffdf41;machineid=03484c...
[0.542] [PARSE ERROR] Unknown OSC escape code: 3008;end=34dc11d0-7871-43aa-b37a-21320fffdf41;exit=success
[0.560] [PARSE ERROR] Unknown OSC escape code: 3008;start=410dc7ee-6b35-46b8-93cf-57b01bd9ca36;machineid=03484c...
[0.868] [PARSE ERROR] Unknown OSC escape code: 3008;start=6b04e7df-9319-4782-b9b2-154d0e004cb6;machineid=03484c...
[0.868] [PARSE ERROR] Unknown OSC escape code: 3008;end=6b04e7df-9319-4782-b9b2-154d0e004cb6;exit=success
[0.888] [PARSE ERROR] Unknown OSC escape code: 3008;start=410dc7ee-6b35-46b8-93cf-57b01bd9ca36;machineid=03484c...
[1.183] [PARSE ERROR] Unknown OSC escape code: 3008;start=acf18e8c-c390-4f49-904c-48a00beade4c;machineid=03484c...
[1.183] [PARSE ERROR] Unknown OSC escape code: 3008;end=acf18e8c-c390-4f49-904c-48a00beade4c;exit=success
[1.200] [PARSE ERROR] Unknown OSC escape code: 3008;start=410dc7ee-6b35-46b8-93cf-57b01bd9ca36;machineid=03484c...
[1.434] [PARSE ERROR] Unknown OSC escape code: 3008;start=e66fbae0-87de-4a0e-a452-420dd2e1b241;machineid=03484c...
[1.434] [PARSE ERROR] Unknown OSC escape code: 3008;end=e66fbae0-87de-4a0e-a452-420dd2e1b241;exit=success
[1.434] [PARSE ERROR] Unknown OSC escape code: 3008;start=410dc7ee-6b35-46b8-93cf-57b01bd9ca36;machineid=03484c...
[1.673] [PARSE ERROR] Unknown OSC escape code: 3008;start=7aeaac66-742a-40e8-a340-e0587e3d0c9b;machineid=03484c...
[1.673] [PARSE ERROR] Unknown OSC escape code: 3008;end=7aeaac66-742a-40e8-a340-e0587e3d0c9b;exit=success
[1.691] [PARSE ERROR] Unknown OSC escape code: 3008;start=410dc7ee-6b35-46b8-93cf-57b01bd9ca36;machineid=03484c...
[1.919] [PARSE ERROR] Unknown OSC escape code: 3008;start=a00e8c8e-f519-46b9-8e7a-4ad90e6a7956;machineid=03484c...
[1.937] [PARSE ERROR] Unknown OSC escape code: 3008;end=a00e8c8e-f519-46b9-8e7a-4ad90e6a7956;exit=success
[1.937] [PARSE ERROR] Unknown OSC escape code: 3008;start=410dc7ee-6b35-46b8-93cf-57b01bd9ca36;machineid=03484c...
[2.050] [PARSE ERROR] Unknown OSC escape code: 3008;start=c9022559-46e9-405a-936b-5e9fcdd649ea;machineid=03484c...
[2.050] [PARSE ERROR] Unknown OSC escape code: 3008;end=c9022559-46e9-405a-936b-5e9fcdd649ea;exit=success
[2.068] [PARSE ERROR] Unknown OSC escape code: 3008;start=410dc7ee-6b35-46b8-93cf-57b01bd9ca36;machineid=03484c...
[2.082] [glfw error 65544]: Notify: Failed to create notification error: [org.freedesktop.DBus.Error.ServiceUnknown] The name org.freedesktop.Notifications was not provided by any .service files
[2.272] [PARSE ERROR] Unknown OSC escape code: 3008;start=148041ca-ea71-415a-840d-7f1fcbf3e340;machineid=03484c...
[2.290] [PARSE ERROR] Unknown OSC escape code: 3008;end=148041ca-ea71-415a-840d-7f1fcbf3e340;exit=success
[2.290] [PARSE ERROR] Unknown OSC escape code: 3008;start=410dc7ee-6b35-46b8-93cf-57b01bd9ca36;machineid=03484c...
[2.493] [PARSE ERROR] Unknown OSC escape code: 3008;start=a3c25212-8587-4e67-95ed-391cbf8408e0;machineid=03484c...
[2.493] [PARSE ERROR] Unknown OSC escape code: 3008;end=a3c25212-8587-4e67-95ed-391cbf8408e0;exit=success
[2.510] [PARSE ERROR] Unknown OSC escape code: 3008;start=410dc7ee-6b35-46b8-93cf-57b01bd9ca36;machineid=03484c...
[2.708] [PARSE ERROR] Unknown OSC escape code: 3008;start=806366fb-012e-415e-9c3a-b2f8cfcc12b9;machineid=03484c...
[2.708] [PARSE ERROR] Unknown OSC escape code: 3008;end=806366fb-012e-415e-9c3a-b2f8cfcc12b9;exit=success
[2.727] [PARSE ERROR] Unknown OSC escape code: 3008;start=410dc7ee-6b35-46b8-93cf-57b01bd9ca36;machineid=03484c...
[2.731] [PARSE ERROR] Unknown OSC escape code: 3008;start=7fb9d591-4fcc-417a-ae0b-c6d3799b59fc;machineid=03484c...
[2.731] [PARSE ERROR] Unknown OSC escape code: 3008;end=7fb9d591-4fcc-417a-ae0b-c6d3799b59fc;exit=success
[2.748] [PARSE ERROR] Unknown OSC escape code: 3008;start=410dc7ee-6b35-46b8-93cf-57b01bd9ca36;machineid=03484c...
[2.752] [PARSE ERROR] Unknown OSC escape code: 3008;start=9d9c173d-3eef-4957-9d0b-2d1dc1dec0e8;machineid=03484c...
[2.753] [PARSE ERROR] Unknown OSC escape code: 3008;end=9d9c173d-3eef-4957-9d0b-2d1dc1dec0e8;exit=success
[2.769] [PARSE ERROR] Unknown OSC escape code: 3008;start=410dc7ee-6b35-46b8-93cf-57b01bd9ca36;machineid=03484c...
[2.773] [PARSE ERROR] Unknown OSC escape code: 3008;start=3f78a8ee-69c4-41bd-8a83-33d9348b860e;machineid=03484c...
[2.773] [PARSE ERROR] Unknown OSC escape code: 3008;end=3f78a8ee-69c4-41bd-8a83-33d9348b860e;exit=success
[2.793] [PARSE ERROR] Unknown OSC escape code: 3008;start=410dc7ee-6b35-46b8-93cf-57b01bd9ca36;machineid=03484c...
[2.794] [PARSE ERROR] Unknown OSC escape code: 3008;start=56efe5a7-ea19-4af8-8de2-87f869d1dda1;machineid=03484c...
[2.794] [PARSE ERROR] Unknown OSC escape code: 3008;end=56efe5a7-ea19-4af8-8de2-87f869d1dda1;exit=success
[2.794] [PARSE ERROR] Unknown OSC escape code: 3008;start=410dc7ee-6b35-46b8-93cf-57b01bd9ca36;machineid=03484c...
[2.797] [PARSE ERROR] Unknown OSC escape code: 3008;start=388514ce-8624-4409-aa87-0def101c03b7;machineid=03484c...
[2.797] [PARSE ERROR] Unknown OSC escape code: 3008;end=388514ce-8624-4409-aa87-0def101c03b7;exit=success
[2.816] [PARSE ERROR] Unknown OSC escape code: 3008;start=410dc7ee-6b35-46b8-93cf-57b01bd9ca36;machineid=03484c...
[2.820] [PARSE ERROR] Unknown OSC escape code: 3008;start=1ccd78b9-da69-42ce-bee5-7aba6b03093e;machineid=03484c...
[2.820] [PARSE ERROR] Unknown OSC escape code: 3008;end=1ccd78b9-da69-42ce-bee5-7aba6b03093e;exit=success
[2.838] [PARSE ERROR] Unknown OSC escape code: 3008;start=410dc7ee-6b35-46b8-93cf-57b01bd9ca36;machineid=03484c...
[2.842] [PARSE ERROR] Unknown OSC escape code: 3008;start=f088c65f-7926-462d-b602-7a5770f78f1b;machineid=03484c...
[2.842] [PARSE ERROR] Unknown OSC escape code: 3008;end=f088c65f-7926-462d-b602-7a5770f78f1b;exit=success
[2.860] [PARSE ERROR] Unknown OSC escape code: 3008;start=410dc7ee-6b35-46b8-93cf-57b01bd9ca36;machineid=03484c...
[2.880] [PARSE ERROR] Unknown OSC escape code: 3008;start=4c65a3ee-ec39-4b2e-96ba-120fd08eecd5;machineid=03484c...
[2.881] [PARSE ERROR] Unknown OSC escape code: 3008;end=4c65a3ee-ec39-4b2e-96ba-120fd08eecd5;exit=success
[2.881] [PARSE ERROR] Unknown OSC escape code: 3008;start=410dc7ee-6b35-46b8-93cf-57b01bd9ca36;machineid=03484c...
[2.881] [PARSE ERROR] Unknown OSC escape code: 3008;start=009053d6-3249-4a29-b5fc-8e554a1fd2b5;machineid=03484c...
[2.881] [PARSE ERROR] Unknown OSC escape code: 3008;end=009053d6-3249-4a29-b5fc-8e554a1fd2b5;exit=success
[2.881] [PARSE ERROR] Unknown OSC escape code: 3008;start=410dc7ee-6b35-46b8-93cf-57b01bd9ca36;machineid=03484c...
[2.902] [PARSE ERROR] Unknown OSC escape code: 3008;start=2fae8880-03ef-423b-8731-e812581f5272;machineid=03484c...
[2.902] [PARSE ERROR] Unknown OSC escape code: 3008;end=2fae8880-03ef-423b-8731-e812581f5272;exit=success
[2.902] [PARSE ERROR] Unknown OSC escape code: 3008;start=410dc7ee-6b35-46b8-93cf-57b01bd9ca36;machineid=03484c...
[2.908] [PARSE ERROR] Unknown OSC escape code: 3008;start=8526c136-2aee-4d68-a152-a57085ff490d;machineid=03484c...
[2.908] [PARSE ERROR] Unknown OSC escape code: 3008;end=8526c136-2aee-4d68-a152-a57085ff490d;exit=success
[2.924] [PARSE ERROR] Unknown OSC escape code: 3008;start=410dc7ee-6b35-46b8-93cf-57b01bd9ca36;machineid=03484c...
[3.579] [PARSE ERROR] Unknown OSC escape code: 3008;start=e9ef2278-6d2a-49b6-9214-40f5cdfc9903;machineid=03484c...
[3.579] [PARSE ERROR] Unknown OSC escape code: 3008;end=e9ef2278-6d2a-49b6-9214-40f5cdfc9903;exit=success
[3.596] [PARSE ERROR] Unknown OSC escape code: 3008;start=410dc7ee-6b35-46b8-93cf-57b01bd9ca36;machineid=03484c...
[3.716] Could not move child process into a systemd scope: [Errno 113] Failed to call StartTransientUnit: org.freedesktop.DBus.Error.ServiceUnknown: The name org.freedesktop.systemd1 was not provided by any .service files
[3.960] [PARSE ERROR] Unknown OSC escape code: 3008;start=682e7701-d4b7-4376-aeaf-5feb74c3212b;machineid=03484c...
[3.960] [PARSE ERROR] Unknown OSC escape code: 3008;end=682e7701-d4b7-4376-aeaf-5feb74c3212b;exit=success
[3.965] [PARSE ERROR] Unknown OSC escape code: 3008;start=410dc7ee-6b35-46b8-93cf-57b01bd9ca36;machineid=03484c...
[4.383] Could not move child process into a systemd scope: [Errno 113] Failed to call StartTransientUnit: org.freedesktop.DBus.Error.ServiceUnknown: The name org.freedesktop.systemd1 was not provided by any .service files
[5.469] Could not move child process into a systemd scope: [Errno 113] Failed to call StartTransientUnit: org.freedesktop.DBus.Error.ServiceUnknown: The name org.freedesktop.systemd1 was not provided by any .service files
[6.258] [PARSE ERROR] Unknown OSC escape code: 3008;start=8b701533-aed5-4efa-9a43-d0b1a7d8c3cd;machineid=03484c...
[6.258] [PARSE ERROR] Unknown OSC escape code: 3008;end=8b701533-aed5-4efa-9a43-d0b1a7d8c3cd;exit=success
[6.258] [PARSE ERROR] Unknown OSC escape code: 3008;start=410dc7ee-6b35-46b8-93cf-57b01bd9ca36;machineid=03484c...
[6.445] [PARSE ERROR] Unknown OSC escape code: 3008;start=1e3476ee-8f29-4327-8572-d7a8478598f1;machineid=03484c...
[6.445] [PARSE ERROR] Unknown OSC escape code: 3008;end=1e3476ee-8f29-4327-8572-d7a8478598f1;exit=success
[6.462] [PARSE ERROR] Unknown OSC escape code: 3008;start=410dc7ee-6b35-46b8-93cf-57b01bd9ca36;machineid=03484c...
[6.813] [PARSE ERROR] Unknown OSC escape code: 3008;start=3208272d-74ed-4476-82a1-eb5ec284256e;machineid=03484c...
[6.813] [PARSE ERROR] Unknown OSC escape code: 3008;end=3208272d-74ed-4476-82a1-eb5ec284256e;exit=success
[6.830] [PARSE ERROR] Unknown OSC escape code: 3008;start=410dc7ee-6b35-46b8-93cf-57b01bd9ca36;machineid=03484c...
[7.197] [PARSE ERROR] Unknown OSC escape code: 3008;start=3ade5165-734b-4554-9809-a4149b6019f1;machineid=03484c...
[7.197] [PARSE ERROR] Unknown OSC escape code: 3008;end=3ade5165-734b-4554-9809-a4149b6019f1;exit=success
[7.214] [PARSE ERROR] Unknown OSC escape code: 3008;start=410dc7ee-6b35-46b8-93cf-57b01bd9ca36;machineid=03484c...
