[0.108] Could not move child process into a systemd scope: [Errno 113] Failed to call StartTransientUnit: org.freedesktop.DBus.Error.ServiceUnknown: The name org.freedesktop.systemd1 was not provided by any .service files
[0.177] [glfw error 65544]: process_desktop_settings: failed with error: [org.freedesktop.DBus.Error.ServiceUnknown] The name org.freedesktop.portal.Desktop was not provided by any .service files
[0.177] [glfw error 65544]: Notify: Failed to get server capabilities error: [org.freedesktop.DBus.Error.ServiceUnknown] The name org.freedesktop.Notifications was not provided by any .service files
[0.180] [PARSE ERROR] Unknown OSC escape code: 3008;[profile metadata redacted]
[0.487] [PARSE ERROR] Unknown OSC escape code: 3008;[profile metadata redacted]
[0.487] [PARSE ERROR] Unknown OSC escape code: 3008;[profile metadata redacted]
[0.504] [PARSE ERROR] Unknown OSC escape code: 3008;[profile metadata redacted]
[0.808] [PARSE ERROR] Unknown OSC escape code: 3008;[profile metadata redacted]
[0.808] [PARSE ERROR] Unknown OSC escape code: 3008;[profile metadata redacted]
[0.825] [PARSE ERROR] Unknown OSC escape code: 3008;[profile metadata redacted]
[1.089] [PARSE ERROR] Unknown OSC escape code: 3008;[profile metadata redacted]
[1.089] [PARSE ERROR] Unknown OSC escape code: 3008;[profile metadata redacted]
[1.109] [PARSE ERROR] Unknown OSC escape code: 3008;[profile metadata redacted]
[1.323] [PARSE ERROR] Unknown OSC escape code: 3008;[profile metadata redacted]
[1.323] [PARSE ERROR] Unknown OSC escape code: 3008;[profile metadata redacted]
[1.323] [PARSE ERROR] Unknown OSC escape code: 3008;[profile metadata redacted]
[1.541] [PARSE ERROR] Unknown OSC escape code: 3008;[profile metadata redacted]
[1.541] [PARSE ERROR] Unknown OSC escape code: 3008;[profile metadata redacted]
[1.560] [PARSE ERROR] Unknown OSC escape code: 3008;[profile metadata redacted]
[1.790] [glfw error 65544]: Notify: Failed to create notification error: [org.freedesktop.DBus.Error.ServiceUnknown] The name org.freedesktop.Notifications was not provided by any .service files
[1.794] [PARSE ERROR] Unknown OSC escape code: 3008;[profile metadata redacted]
[1.794] [PARSE ERROR] Unknown OSC escape code: 3008;[profile metadata redacted]
[1.819] [PARSE ERROR] Unknown OSC escape code: 3008;[profile metadata redacted]
[1.921] [PARSE ERROR] Unknown OSC escape code: 3008;[profile metadata redacted]
[1.921] [PARSE ERROR] Unknown OSC escape code: 3008;[profile metadata redacted]
[1.945] [PARSE ERROR] Unknown OSC escape code: 3008;[profile metadata redacted]
[2.152] [PARSE ERROR] Unknown OSC escape code: 3008;[profile metadata redacted]
[2.152] [PARSE ERROR] Unknown OSC escape code: 3008;[profile metadata redacted]
[2.169] [PARSE ERROR] Unknown OSC escape code: 3008;[profile metadata redacted]
[2.373] [PARSE ERROR] Unknown OSC escape code: 3008;[profile metadata redacted]
[2.373] [PARSE ERROR] Unknown OSC escape code: 3008;[profile metadata redacted]
[2.389] [PARSE ERROR] Unknown OSC escape code: 3008;[profile metadata redacted]
[2.612] [PARSE ERROR] Unknown OSC escape code: 3008;[profile metadata redacted]
[2.612] [PARSE ERROR] Unknown OSC escape code: 3008;[profile metadata redacted]
[2.612] [PARSE ERROR] Unknown OSC escape code: 3008;[profile metadata redacted]
[2.616] [PARSE ERROR] Unknown OSC escape code: 3008;[profile metadata redacted]
[2.616] [PARSE ERROR] Unknown OSC escape code: 3008;[profile metadata redacted]
[2.635] [PARSE ERROR] Unknown OSC escape code: 3008;[profile metadata redacted]
[2.640] [PARSE ERROR] Unknown OSC escape code: 3008;[profile metadata redacted]
[2.640] [PARSE ERROR] Unknown OSC escape code: 3008;[profile metadata redacted]
[2.658] [PARSE ERROR] Unknown OSC escape code: 3008;[profile metadata redacted]
[2.662] [PARSE ERROR] Unknown OSC escape code: 3008;[profile metadata redacted]
[2.662] [PARSE ERROR] Unknown OSC escape code: 3008;[profile metadata redacted]
[2.680] [PARSE ERROR] Unknown OSC escape code: 3008;[profile metadata redacted]
[2.684] [PARSE ERROR] Unknown OSC escape code: 3008;[profile metadata redacted]
[2.684] [PARSE ERROR] Unknown OSC escape code: 3008;[profile metadata redacted]
[2.707] [PARSE ERROR] Unknown OSC escape code: 3008;[profile metadata redacted]
[2.712] [PARSE ERROR] Unknown OSC escape code: 3008;[profile metadata redacted]
[2.712] [PARSE ERROR] Unknown OSC escape code: 3008;[profile metadata redacted]
[2.731] [PARSE ERROR] Unknown OSC escape code: 3008;[profile metadata redacted]
[2.731] [PARSE ERROR] Unknown OSC escape code: 3008;[profile metadata redacted]
[2.731] [PARSE ERROR] Unknown OSC escape code: 3008;[profile metadata redacted]
[2.731] [PARSE ERROR] Unknown OSC escape code: 3008;[profile metadata redacted]
[2.735] [PARSE ERROR] Unknown OSC escape code: 3008;[profile metadata redacted]
[2.735] [PARSE ERROR] Unknown OSC escape code: 3008;[profile metadata redacted]
[2.753] [PARSE ERROR] Unknown OSC escape code: 3008;[profile metadata redacted]
[2.758] [PARSE ERROR] Unknown OSC escape code: 3008;[profile metadata redacted]
[2.758] [PARSE ERROR] Unknown OSC escape code: 3008;[profile metadata redacted]
[2.775] [PARSE ERROR] Unknown OSC escape code: 3008;[profile metadata redacted]
[2.775] [PARSE ERROR] Unknown OSC escape code: 3008;[profile metadata redacted]
[2.775] [PARSE ERROR] Unknown OSC escape code: 3008;[profile metadata redacted]
[2.775] [PARSE ERROR] Unknown OSC escape code: 3008;[profile metadata redacted]
[2.779] [PARSE ERROR] Unknown OSC escape code: 3008;[profile metadata redacted]
[2.779] [PARSE ERROR] Unknown OSC escape code: 3008;[profile metadata redacted]
[2.796] [PARSE ERROR] Unknown OSC escape code: 3008;[profile metadata redacted]
[2.801] [PARSE ERROR] Unknown OSC escape code: 3008;[profile metadata redacted]
[2.801] [PARSE ERROR] Unknown OSC escape code: 3008;[profile metadata redacted]
[2.804] [PARSE ERROR] Unknown OSC escape code: 3008;[profile metadata redacted]
[3.486] [PARSE ERROR] Unknown OSC escape code: 3008;[profile metadata redacted]
[3.486] [PARSE ERROR] Unknown OSC escape code: 3008;[profile metadata redacted]
[3.504] [PARSE ERROR] Unknown OSC escape code: 3008;[profile metadata redacted]
[3.608] Could not move child process into a systemd scope: [Errno 113] Failed to call StartTransientUnit: org.freedesktop.DBus.Error.ServiceUnknown: The name org.freedesktop.systemd1 was not provided by any .service files
[3.845] [PARSE ERROR] Unknown OSC escape code: 3008;[profile metadata redacted]
[3.845] [PARSE ERROR] Unknown OSC escape code: 3008;[profile metadata redacted]
[3.849] [PARSE ERROR] Unknown OSC escape code: 3008;[profile metadata redacted]
[4.261] Could not move child process into a systemd scope: [Errno 113] Failed to call StartTransientUnit: org.freedesktop.DBus.Error.ServiceUnknown: The name org.freedesktop.systemd1 was not provided by any .service files
[5.328] Could not move child process into a systemd scope: [Errno 113] Failed to call StartTransientUnit: org.freedesktop.DBus.Error.ServiceUnknown: The name org.freedesktop.systemd1 was not provided by any .service files
[6.128] [PARSE ERROR] Unknown OSC escape code: 3008;[profile metadata redacted]
[6.128] [PARSE ERROR] Unknown OSC escape code: 3008;[profile metadata redacted]
[6.128] [PARSE ERROR] Unknown OSC escape code: 3008;[profile metadata redacted]
[6.345] [PARSE ERROR] Unknown OSC escape code: 3008;[profile metadata redacted]
[6.345] [PARSE ERROR] Unknown OSC escape code: 3008;[profile metadata redacted]
[6.362] [PARSE ERROR] Unknown OSC escape code: 3008;[profile metadata redacted]
[6.737] [PARSE ERROR] Unknown OSC escape code: 3008;[profile metadata redacted]
[6.737] [PARSE ERROR] Unknown OSC escape code: 3008;[profile metadata redacted]
[6.737] [PARSE ERROR] Unknown OSC escape code: 3008;[profile metadata redacted]
[7.100] [PARSE ERROR] Unknown OSC escape code: 3008;[profile metadata redacted]
[7.100] [PARSE ERROR] Unknown OSC escape code: 3008;[profile metadata redacted]
[7.117] [PARSE ERROR] Unknown OSC escape code: 3008;[profile metadata redacted]
