T09-install-preview: pass
T09-install-apply-repeat: pass
artifact-installed-runtime-origin: pass
T01-T03-T07-restoration: pass
T03-directory-stack: pass
T14-unchanged-prompts: pass
T08-pause-resume-restore: pass
Evidence: /tmp/kittyscape-qualify-qsbrgn4_
Traceback (most recent call last):
  File "/tmp/kittyscape-release-rmrefcj6/kittyscape-0.1.0.dev1/tests/runtime/installed.py", line 236, in <module>
    main()
    ~~~~^^
  File "/tmp/kittyscape-release-rmrefcj6/kittyscape-0.1.0.dev1/tests/runtime/installed.py", line 232, in main
    qualify_installed(parser.parse_args())
    ~~~~~~~~~~~~~~~~~^^^^^^^^^^^^^^^^^^^^^
  File "/tmp/kittyscape-release-rmrefcj6/kittyscape-0.1.0.dev1/tests/runtime/installed.py", line 202, in qualify_installed
    focus_scenarios(session)
    ~~~~~~~~~~~~~~~^^^^^^^^^
  File "/tmp/kittyscape-release-rmrefcj6/kittyscape-0.1.0.dev1/tests/runtime/qualify.py", line 317, in focus_scenarios
    session.settle(session.dirs["A"], pane=split)
    ~~~~~~~~~~~~~~^^^^^^^^^^^^^^^^^^^^^^^^^^^^^^^
  File "/tmp/kittyscape-release-rmrefcj6/kittyscape-0.1.0.dev1/tests/runtime/qualify.py", line 169, in settle
    self.wait(settled, "directory selection")
    ~~~~~~~~~^^^^^^^^^^^^^^^^^^^^^^^^^^^^^^^^
  File "/tmp/kittyscape-release-rmrefcj6/kittyscape-0.1.0.dev1/tests/runtime/qualify.py", line 161, in wait
    raise AssertionError(label + " timed out; " + json.dumps(self.status()))
AssertionError: directory selection timed out; {"enabled": true, "revision": 1, "reason": "", "detail": "", "pending_jobs": 0, "filesystem_stalled": false, "modern_background_api": false, "pending_events": 0, "windows": {"1": {"pane": 3, "owned": true, "paused": false, "reason": "directory-unreported", "uploads": 12}}}
