[0.281] The output buffer does not support sRGB color encoding, colors will be incorrect.
[0.311] Failed to enable transparency. This happens when your desktop environment does not support compositing.
[0.362] [PARSE ERROR] Unknown OSC escape code: 3008;start=fc5846a8-fde3-410a-b42d-7b9923e8cb3f;machineid=03484c...
[0.547] [PARSE ERROR] Unknown OSC escape code: 3008;start=0204c9ec-b20d-4946-95b9-8c5893731ed7;machineid=03484c...
[0.547] [PARSE ERROR] Unknown OSC escape code: 3008;end=0204c9ec-b20d-4946-95b9-8c5893731ed7;exit=success
[0.554] [PARSE ERROR] Unknown OSC escape code: 3008;start=fc5846a8-fde3-410a-b42d-7b9923e8cb3f;machineid=03484c...
[0.746] [PARSE ERROR] Unknown OSC escape code: 3008;start=828acdad-4534-429b-8fec-eef322c9084d;machineid=03484c...
[0.746] [PARSE ERROR] Unknown OSC escape code: 3008;end=828acdad-4534-429b-8fec-eef322c9084d;exit=success
[0.746] [PARSE ERROR] Unknown OSC escape code: 3008;start=fc5846a8-fde3-410a-b42d-7b9923e8cb3f;machineid=03484c...
[0.924] [PARSE ERROR] Unknown OSC escape code: 3008;start=26f774f0-3561-48c0-bb57-87642dc72ca7;machineid=03484c...
[0.924] [PARSE ERROR] Unknown OSC escape code: 3008;end=26f774f0-3561-48c0-bb57-87642dc72ca7;exit=success
[0.931] [PARSE ERROR] Unknown OSC escape code: 3008;start=fc5846a8-fde3-410a-b42d-7b9923e8cb3f;machineid=03484c...
[1.001] [PARSE ERROR] Unknown OSC escape code: 3008;start=565d7a70-0d13-44c8-bf27-b3d1b1360875;machineid=03484c...
[1.001] [PARSE ERROR] Unknown OSC escape code: 3008;end=565d7a70-0d13-44c8-bf27-b3d1b1360875;exit=success
[1.008] [PARSE ERROR] Unknown OSC escape code: 3008;start=fc5846a8-fde3-410a-b42d-7b9923e8cb3f;machineid=03484c...
[1.088] [PARSE ERROR] Unknown OSC escape code: 3008;start=736c4b6f-407e-46aa-846b-67128386d47f;machineid=03484c...
[1.088] [PARSE ERROR] Unknown OSC escape code: 3008;end=736c4b6f-407e-46aa-846b-67128386d47f;exit=success
[1.095] [PARSE ERROR] Unknown OSC escape code: 3008;start=fc5846a8-fde3-410a-b42d-7b9923e8cb3f;machineid=03484c...
[1.194] [PARSE ERROR] Unknown OSC escape code: 3008;start=b70e6d2d-9a68-4b14-8824-4a7cf3a775ce;machineid=03484c...
[1.194] [PARSE ERROR] Unknown OSC escape code: 3008;end=b70e6d2d-9a68-4b14-8824-4a7cf3a775ce;exit=success
[1.194] [PARSE ERROR] Unknown OSC escape code: 3008;start=fc5846a8-fde3-410a-b42d-7b9923e8cb3f;machineid=03484c...
[1.300] [PARSE ERROR] Unknown OSC escape code: 3008;start=7922f8d0-ffde-45d2-b318-570365627218;machineid=03484c...
[1.300] [PARSE ERROR] Unknown OSC escape code: 3008;end=7922f8d0-ffde-45d2-b318-570365627218;exit=success
[1.307] [PARSE ERROR] Unknown OSC escape code: 3008;start=fc5846a8-fde3-410a-b42d-7b9923e8cb3f;machineid=03484c...
[1.401] [PARSE ERROR] Unknown OSC escape code: 3008;start=0df6ba7a-c1f1-4ba2-a767-c85250cd4cb0;machineid=03484c...
[1.401] [PARSE ERROR] Unknown OSC escape code: 3008;end=0df6ba7a-c1f1-4ba2-a767-c85250cd4cb0;exit=success
[1.407] [PARSE ERROR] Unknown OSC escape code: 3008;start=fc5846a8-fde3-410a-b42d-7b9923e8cb3f;machineid=03484c...
[1.500] [PARSE ERROR] Unknown OSC escape code: 3008;start=06b480c4-beda-470c-ba73-64890abb8623;machineid=03484c...
[1.500] [PARSE ERROR] Unknown OSC escape code: 3008;end=06b480c4-beda-470c-ba73-64890abb8623;exit=success
[1.507] [PARSE ERROR] Unknown OSC escape code: 3008;start=fc5846a8-fde3-410a-b42d-7b9923e8cb3f;machineid=03484c...
[1.641] [PARSE ERROR] Unknown OSC escape code: 3008;start=bddbabc8-5f52-49c9-9ba0-251d0eb50349;machineid=03484c...
[1.641] [PARSE ERROR] Unknown OSC escape code: 3008;end=bddbabc8-5f52-49c9-9ba0-251d0eb50349;exit=success
[1.647] [PARSE ERROR] Unknown OSC escape code: 3008;start=fc5846a8-fde3-410a-b42d-7b9923e8cb3f;machineid=03484c...
[1.665] [PARSE ERROR] Unknown OSC escape code: 3008;start=84a8e469-804d-42bf-bb46-d4c239cc394c;machineid=03484c...
[1.665] [PARSE ERROR] Unknown OSC escape code: 3008;end=84a8e469-804d-42bf-bb46-d4c239cc394c;exit=success
[1.665] [PARSE ERROR] Unknown OSC escape code: 3008;start=fc5846a8-fde3-410a-b42d-7b9923e8cb3f;machineid=03484c...
[1.673] [PARSE ERROR] Unknown OSC escape code: 3008;start=04a7081c-6a15-4838-823f-488b0ff526e8;machineid=03484c...
[1.673] [PARSE ERROR] Unknown OSC escape code: 3008;end=04a7081c-6a15-4838-823f-488b0ff526e8;exit=success
[1.673] [PARSE ERROR] Unknown OSC escape code: 3008;start=fc5846a8-fde3-410a-b42d-7b9923e8cb3f;machineid=03484c...
[1.684] [PARSE ERROR] Unknown OSC escape code: 3008;start=11feedb7-1a3f-476e-a866-80d108e897b6;machineid=03484c...
[1.684] [PARSE ERROR] Unknown OSC escape code: 3008;end=11feedb7-1a3f-476e-a866-80d108e897b6;exit=success
[1.691] [PARSE ERROR] Unknown OSC escape code: 3008;start=fc5846a8-fde3-410a-b42d-7b9923e8cb3f;machineid=03484c...
[1.701] [PARSE ERROR] Unknown OSC escape code: 3008;start=55752713-6b97-4e51-8ad0-07a51362d61d;machineid=03484c...
[1.701] [PARSE ERROR] Unknown OSC escape code: 3008;end=55752713-6b97-4e51-8ad0-07a51362d61d;exit=success
[1.709] [PARSE ERROR] Unknown OSC escape code: 3008;start=fc5846a8-fde3-410a-b42d-7b9923e8cb3f;machineid=03484c...
[1.716] [PARSE ERROR] Unknown OSC escape code: 3008;start=574f341b-751e-4d0a-8daa-fc649a00c412;machineid=03484c...
[1.716] [PARSE ERROR] Unknown OSC escape code: 3008;end=574f341b-751e-4d0a-8daa-fc649a00c412;exit=success
[1.716] [PARSE ERROR] Unknown OSC escape code: 3008;start=fc5846a8-fde3-410a-b42d-7b9923e8cb3f;machineid=03484c...
[1.727] [PARSE ERROR] Unknown OSC escape code: 3008;start=b249d9b4-3e3f-4d7d-8ef2-90a2396eccaa;machineid=03484c...
[1.727] [PARSE ERROR] Unknown OSC escape code: 3008;end=b249d9b4-3e3f-4d7d-8ef2-90a2396eccaa;exit=success
[1.733] [PARSE ERROR] Unknown OSC escape code: 3008;start=fc5846a8-fde3-410a-b42d-7b9923e8cb3f;machineid=03484c...
[1.741] [PARSE ERROR] Unknown OSC escape code: 3008;start=5a94870f-60cc-45a8-aa09-73e0f0034b92;machineid=03484c...
[1.741] [PARSE ERROR] Unknown OSC escape code: 3008;end=5a94870f-60cc-45a8-aa09-73e0f0034b92;exit=success
[1.741] [PARSE ERROR] Unknown OSC escape code: 3008;start=fc5846a8-fde3-410a-b42d-7b9923e8cb3f;machineid=03484c...
[1.751] [PARSE ERROR] Unknown OSC escape code: 3008;start=1cd1d711-799f-410c-a2f2-cd11986a0129;machineid=03484c...
[1.752] [PARSE ERROR] Unknown OSC escape code: 3008;end=1cd1d711-799f-410c-a2f2-cd11986a0129;exit=success
[1.759] [PARSE ERROR] Unknown OSC escape code: 3008;start=fc5846a8-fde3-410a-b42d-7b9923e8cb3f;machineid=03484c...
[1.767] [PARSE ERROR] Unknown OSC escape code: 3008;start=a6030793-4524-4c54-9116-cf5e262187b8;machineid=03484c...
[1.767] [PARSE ERROR] Unknown OSC escape code: 3008;end=a6030793-4524-4c54-9116-cf5e262187b8;exit=success
[1.767] [PARSE ERROR] Unknown OSC escape code: 3008;start=fc5846a8-fde3-410a-b42d-7b9923e8cb3f;machineid=03484c...
[1.777] [PARSE ERROR] Unknown OSC escape code: 3008;start=1e2d4689-effa-490e-9112-aa02da181cc3;machineid=03484c...
[1.777] [PARSE ERROR] Unknown OSC escape code: 3008;end=1e2d4689-effa-490e-9112-aa02da181cc3;exit=success
[1.784] [PARSE ERROR] Unknown OSC escape code: 3008;start=fc5846a8-fde3-410a-b42d-7b9923e8cb3f;machineid=03484c...
[1.795] [PARSE ERROR] Unknown OSC escape code: 3008;start=823f5ef5-db7a-44b7-ab8f-e5bb4bdcdcbd;machineid=03484c...
[1.795] [PARSE ERROR] Unknown OSC escape code: 3008;end=823f5ef5-db7a-44b7-ab8f-e5bb4bdcdcbd;exit=success
[1.801] [PARSE ERROR] Unknown OSC escape code: 3008;start=fc5846a8-fde3-410a-b42d-7b9923e8cb3f;machineid=03484c...
[2.446] [PARSE ERROR] Unknown OSC escape code: 3008;start=4424a906-9ac6-4a01-b9e9-a52bbda1d255;machineid=03484c...
[2.446] [PARSE ERROR] Unknown OSC escape code: 3008;end=4424a906-9ac6-4a01-b9e9-a52bbda1d255;exit=success
[2.446] [PARSE ERROR] Unknown OSC escape code: 3008;start=fc5846a8-fde3-410a-b42d-7b9923e8cb3f;machineid=03484c...
[2.635] [PARSE ERROR] Unknown OSC escape code: 3008;start=1ad147b3-25f4-4222-b13d-8f8094e749be;machineid=03484c...
[2.635] [PARSE ERROR] Unknown OSC escape code: 3008;end=1ad147b3-25f4-4222-b13d-8f8094e749be;exit=success
[2.642] [PARSE ERROR] Unknown OSC escape code: 3008;start=fc5846a8-fde3-410a-b42d-7b9923e8cb3f;machineid=03484c...
[3.845] [PARSE ERROR] Unknown OSC escape code: 3008;start=026f97b9-c130-4528-8b44-c7648d827fd9;machineid=03484c...
[3.845] [PARSE ERROR] Unknown OSC escape code: 3008;end=026f97b9-c130-4528-8b44-c7648d827fd9;exit=success
[3.845] [PARSE ERROR] Unknown OSC escape code: 3008;start=fc5846a8-fde3-410a-b42d-7b9923e8cb3f;machineid=03484c...
[4.000] [PARSE ERROR] Unknown OSC escape code: 3008;start=8b49107e-7ef1-4fb0-a004-808374d3bfb5;machineid=03484c...
[4.000] [PARSE ERROR] Unknown OSC escape code: 3008;end=8b49107e-7ef1-4fb0-a004-808374d3bfb5;exit=success
[4.007] [PARSE ERROR] Unknown OSC escape code: 3008;start=fc5846a8-fde3-410a-b42d-7b9923e8cb3f;machineid=03484c...
[4.387] [PARSE ERROR] Unknown OSC escape code: 3008;start=73122a37-360c-4eb4-a23b-da4c5ec21966;machineid=03484c...
[4.387] [PARSE ERROR] Unknown OSC escape code: 3008;end=73122a37-360c-4eb4-a23b-da4c5ec21966;exit=success
[4.387] [PARSE ERROR] Unknown OSC escape code: 3008;start=fc5846a8-fde3-410a-b42d-7b9923e8cb3f;machineid=03484c...
[4.679] [PARSE ERROR] Unknown OSC escape code: 3008;start=c7718f52-8437-45a4-bf15-f3f0a3a99a4c;machineid=03484c...
[4.679] [PARSE ERROR] Unknown OSC escape code: 3008;end=c7718f52-8437-45a4-bf15-f3f0a3a99a4c;exit=success
[4.689] [PARSE ERROR] Unknown OSC escape code: 3008;start=fc5846a8-fde3-410a-b42d-7b9923e8cb3f;machineid=03484c...
