[0.103] Could not move child process into a systemd scope: [Errno 113] Failed to call StartTransientUnit: org.freedesktop.DBus.Error.ServiceUnknown: The name org.freedesktop.systemd1 was not provided by any .service files
[0.164] [glfw error 65544]: process_desktop_settings: failed with error: [org.freedesktop.DBus.Error.ServiceUnknown] The name org.freedesktop.portal.Desktop was not provided by any .service files
[0.164] [glfw error 65544]: Notify: Failed to get server capabilities error: [org.freedesktop.DBus.Error.ServiceUnknown] The name org.freedesktop.Notifications was not provided by any .service files
[0.167] [PARSE ERROR] Unknown OSC escape code: 3008;start=a5141c3f-29b5-470d-a266-bef96e48f911;machineid=03484c...
[0.332] [PARSE ERROR] Unknown OSC escape code: 3008;start=da67678a-06b5-411e-ab17-4fa2155b0a48;machineid=03484c...
[0.332] [PARSE ERROR] Unknown OSC escape code: 3008;end=da67678a-06b5-411e-ab17-4fa2155b0a48;exit=success
[0.339] [PARSE ERROR] Unknown OSC escape code: 3008;start=a5141c3f-29b5-470d-a266-bef96e48f911;machineid=03484c...
[0.596] [PARSE ERROR] Unknown OSC escape code: 3008;start=f83e0ef8-806b-48b5-93ad-44fc967d0c8a;machineid=03484c...
[0.596] [PARSE ERROR] Unknown OSC escape code: 3008;end=f83e0ef8-806b-48b5-93ad-44fc967d0c8a;exit=success
[0.620] [PARSE ERROR] Unknown OSC escape code: 3008;start=a5141c3f-29b5-470d-a266-bef96e48f911;machineid=03484c...
[0.882] [PARSE ERROR] Unknown OSC escape code: 3008;start=7957a0e6-758c-4c97-a9a0-aa7e18a12323;machineid=03484c...
[0.882] [PARSE ERROR] Unknown OSC escape code: 3008;end=7957a0e6-758c-4c97-a9a0-aa7e18a12323;exit=success
[0.895] [PARSE ERROR] Unknown OSC escape code: 3008;start=a5141c3f-29b5-470d-a266-bef96e48f911;machineid=03484c...
[1.036] [PARSE ERROR] Unknown OSC escape code: 3008;start=410eb533-9a02-4e9d-92e2-95029f79426a;machineid=03484c...
[1.036] [PARSE ERROR] Unknown OSC escape code: 3008;end=410eb533-9a02-4e9d-92e2-95029f79426a;exit=success
[1.047] [PARSE ERROR] Unknown OSC escape code: 3008;start=a5141c3f-29b5-470d-a266-bef96e48f911;machineid=03484c...
[1.191] [PARSE ERROR] Unknown OSC escape code: 3008;start=ad687e1d-70d4-4ffb-9d33-207e927a576a;machineid=03484c...
[1.191] [PARSE ERROR] Unknown OSC escape code: 3008;end=ad687e1d-70d4-4ffb-9d33-207e927a576a;exit=success
[1.202] [PARSE ERROR] Unknown OSC escape code: 3008;start=a5141c3f-29b5-470d-a266-bef96e48f911;machineid=03484c...
[1.671] [PARSE ERROR] Unknown OSC escape code: 3008;start=fd426112-e8ca-44a1-91e9-47c14339fabb;machineid=03484c...
[1.671] [PARSE ERROR] Unknown OSC escape code: 3008;end=fd426112-e8ca-44a1-91e9-47c14339fabb;exit=success
[1.677] [PARSE ERROR] Unknown OSC escape code: 3008;start=a5141c3f-29b5-470d-a266-bef96e48f911;machineid=03484c...
[1.747] [PARSE ERROR] Unknown OSC escape code: 3008;start=e7d7f6bd-87bf-489d-9f76-bffc6bfd3603;machineid=03484c...
[1.747] [PARSE ERROR] Unknown OSC escape code: 3008;end=e7d7f6bd-87bf-489d-9f76-bffc6bfd3603;exit=success
[1.752] [PARSE ERROR] Unknown OSC escape code: 3008;start=a5141c3f-29b5-470d-a266-bef96e48f911;machineid=03484c...
[1.942] [PARSE ERROR] Unknown OSC escape code: 3008;start=21bdfab6-a701-4cb1-a6a9-1b633e23a38c;machineid=03484c...
[1.942] [PARSE ERROR] Unknown OSC escape code: 3008;end=21bdfab6-a701-4cb1-a6a9-1b633e23a38c;exit=success
[1.953] [PARSE ERROR] Unknown OSC escape code: 3008;start=a5141c3f-29b5-470d-a266-bef96e48f911;machineid=03484c...
[2.071] [PARSE ERROR] Unknown OSC escape code: 3008;start=89491f7a-dd6c-4d4d-99e3-8e3611f737d7;machineid=03484c...
[2.071] [PARSE ERROR] Unknown OSC escape code: 3008;end=89491f7a-dd6c-4d4d-99e3-8e3611f737d7;exit=success
[2.071] [PARSE ERROR] Unknown OSC escape code: 3008;start=a5141c3f-29b5-470d-a266-bef96e48f911;machineid=03484c...
[2.264] [PARSE ERROR] Unknown OSC escape code: 3008;start=0abfddbc-114e-4aef-89c0-cfcb30a61758;machineid=03484c...
[2.264] [PARSE ERROR] Unknown OSC escape code: 3008;end=0abfddbc-114e-4aef-89c0-cfcb30a61758;exit=success
[2.264] [PARSE ERROR] Unknown OSC escape code: 3008;start=a5141c3f-29b5-470d-a266-bef96e48f911;machineid=03484c...
[2.280] [PARSE ERROR] Unknown OSC escape code: 3008;start=3caf8db7-e739-49f2-ac18-241b0c7a7510;machineid=03484c...
[2.280] [PARSE ERROR] Unknown OSC escape code: 3008;end=3caf8db7-e739-49f2-ac18-241b0c7a7510;exit=success
[2.280] [PARSE ERROR] Unknown OSC escape code: 3008;start=a5141c3f-29b5-470d-a266-bef96e48f911;machineid=03484c...
[2.301] [PARSE ERROR] Unknown OSC escape code: 3008;start=34d72d33-2a57-4a4d-adef-1d176f270e1a;machineid=03484c...
[2.301] [PARSE ERROR] Unknown OSC escape code: 3008;end=34d72d33-2a57-4a4d-adef-1d176f270e1a;exit=success
[2.301] [PARSE ERROR] Unknown OSC escape code: 3008;start=a5141c3f-29b5-470d-a266-bef96e48f911;machineid=03484c...
[2.311] [PARSE ERROR] Unknown OSC escape code: 3008;start=3a465fff-50a6-47a7-a2e8-8d053a7dc96a;machineid=03484c...
[2.314] [PARSE ERROR] Unknown OSC escape code: 3008;end=3a465fff-50a6-47a7-a2e8-8d053a7dc96a;exit=success
[2.314] [PARSE ERROR] Unknown OSC escape code: 3008;start=a5141c3f-29b5-470d-a266-bef96e48f911;machineid=03484c...
[2.337] [PARSE ERROR] Unknown OSC escape code: 3008;start=8e6dc820-fa90-40a8-9a89-ad2fc37d2e22;machineid=03484c...
[2.337] [PARSE ERROR] Unknown OSC escape code: 3008;end=8e6dc820-fa90-40a8-9a89-ad2fc37d2e22;exit=success
[2.337] [PARSE ERROR] Unknown OSC escape code: 3008;start=a5141c3f-29b5-470d-a266-bef96e48f911;machineid=03484c...
[2.346] [PARSE ERROR] Unknown OSC escape code: 3008;start=d91e9bb3-5690-4f80-b3f4-a8f41cae3a84;machineid=03484c...
[2.346] [PARSE ERROR] Unknown OSC escape code: 3008;end=d91e9bb3-5690-4f80-b3f4-a8f41cae3a84;exit=success
[2.358] [PARSE ERROR] Unknown OSC escape code: 3008;start=a5141c3f-29b5-470d-a266-bef96e48f911;machineid=03484c...
[2.366] [PARSE ERROR] Unknown OSC escape code: 3008;start=a56b6056-5f46-4658-b048-d3a1b2610c3d;machineid=03484c...
[2.366] [PARSE ERROR] Unknown OSC escape code: 3008;end=a56b6056-5f46-4658-b048-d3a1b2610c3d;exit=success
[2.379] [PARSE ERROR] Unknown OSC escape code: 3008;start=a5141c3f-29b5-470d-a266-bef96e48f911;machineid=03484c...
[2.395] [PARSE ERROR] Unknown OSC escape code: 3008;start=4d827221-e784-4c39-b370-8d235be2ebcc;machineid=03484c...
[2.395] [PARSE ERROR] Unknown OSC escape code: 3008;end=4d827221-e784-4c39-b370-8d235be2ebcc;exit=success
[2.395] [PARSE ERROR] Unknown OSC escape code: 3008;start=a5141c3f-29b5-470d-a266-bef96e48f911;machineid=03484c...
[2.412] [PARSE ERROR] Unknown OSC escape code: 3008;start=f702f013-e5f3-41d5-b237-af633dbe7139;machineid=03484c...
[2.412] [PARSE ERROR] Unknown OSC escape code: 3008;end=f702f013-e5f3-41d5-b237-af633dbe7139;exit=success
[2.412] [PARSE ERROR] Unknown OSC escape code: 3008;start=a5141c3f-29b5-470d-a266-bef96e48f911;machineid=03484c...
[2.421] [PARSE ERROR] Unknown OSC escape code: 3008;start=5b37dc5d-7419-46e9-8ae6-687a0609ecad;machineid=03484c...
[2.421] [PARSE ERROR] Unknown OSC escape code: 3008;end=5b37dc5d-7419-46e9-8ae6-687a0609ecad;exit=success
[2.436] [PARSE ERROR] Unknown OSC escape code: 3008;start=a5141c3f-29b5-470d-a266-bef96e48f911;machineid=03484c...
[2.440] [PARSE ERROR] Unknown OSC escape code: 3008;start=2915023b-d068-4e43-97cb-75bbf9c179eb;machineid=03484c...
[2.440] [PARSE ERROR] Unknown OSC escape code: 3008;end=2915023b-d068-4e43-97cb-75bbf9c179eb;exit=success
[2.444] [PARSE ERROR] Unknown OSC escape code: 3008;start=a5141c3f-29b5-470d-a266-bef96e48f911;machineid=03484c...
[2.451] [PARSE ERROR] Unknown OSC escape code: 3008;start=af39dd80-db84-465f-ac0b-6c184237de4b;machineid=03484c...
[2.451] [PARSE ERROR] Unknown OSC escape code: 3008;end=af39dd80-db84-465f-ac0b-6c184237de4b;exit=success
[2.456] [PARSE ERROR] Unknown OSC escape code: 3008;start=a5141c3f-29b5-470d-a266-bef96e48f911;machineid=03484c...
[3.053] [PARSE ERROR] Unknown OSC escape code: 3008;start=c7cbe5d7-0257-4c5c-a2b3-1a92a9e73bdf;machineid=03484c...
[3.059] [PARSE ERROR] Unknown OSC escape code: 3008;end=c7cbe5d7-0257-4c5c-a2b3-1a92a9e73bdf;exit=success
[3.059] [PARSE ERROR] Unknown OSC escape code: 3008;start=a5141c3f-29b5-470d-a266-bef96e48f911;machineid=03484c...
[3.143] Could not move child process into a systemd scope: [Errno 113] Failed to call StartTransientUnit: org.freedesktop.DBus.Error.ServiceUnknown: The name org.freedesktop.systemd1 was not provided by any .service files
[3.376] [PARSE ERROR] Unknown OSC escape code: 3008;start=21bcbbf2-bb1a-48b1-9e91-c2ee9e21c250;machineid=03484c...
[3.376] [PARSE ERROR] Unknown OSC escape code: 3008;end=21bcbbf2-bb1a-48b1-9e91-c2ee9e21c250;exit=success
[3.380] [PARSE ERROR] Unknown OSC escape code: 3008;start=a5141c3f-29b5-470d-a266-bef96e48f911;machineid=03484c...
[3.768] Could not move child process into a systemd scope: [Errno 113] Failed to call StartTransientUnit: org.freedesktop.DBus.Error.ServiceUnknown: The name org.freedesktop.systemd1 was not provided by any .service files
[4.024] [glfw error 65544]: Notify: Failed to create notification error: [org.freedesktop.DBus.Error.ServiceUnknown] The name org.freedesktop.Notifications was not provided by any .service files
[4.560] Could not move child process into a systemd scope: [Errno 113] Failed to call StartTransientUnit: org.freedesktop.DBus.Error.ServiceUnknown: The name org.freedesktop.systemd1 was not provided by any .service files
[5.307] [PARSE ERROR] Unknown OSC escape code: 3008;start=9e84765f-496c-46e0-9b6a-1f42bdefabd3;machineid=03484c...
[5.314] [PARSE ERROR] Unknown OSC escape code: 3008;end=9e84765f-496c-46e0-9b6a-1f42bdefabd3;exit=success
[5.314] [PARSE ERROR] Unknown OSC escape code: 3008;start=a5141c3f-29b5-470d-a266-bef96e48f911;machineid=03484c...
[5.482] [PARSE ERROR] Unknown OSC escape code: 3008;start=6e772b81-6269-4ac6-a2ac-31f2f1c10f9c;machineid=03484c...
[5.482] [PARSE ERROR] Unknown OSC escape code: 3008;end=6e772b81-6269-4ac6-a2ac-31f2f1c10f9c;exit=success
[5.492] [PARSE ERROR] Unknown OSC escape code: 3008;start=a5141c3f-29b5-470d-a266-bef96e48f911;machineid=03484c...
[5.856] [PARSE ERROR] Unknown OSC escape code: 3008;start=42655d32-4e32-402f-9e8c-1f28381d1362;machineid=03484c...
[5.856] [PARSE ERROR] Unknown OSC escape code: 3008;end=42655d32-4e32-402f-9e8c-1f28381d1362;exit=success
[5.865] [PARSE ERROR] Unknown OSC escape code: 3008;start=a5141c3f-29b5-470d-a266-bef96e48f911;machineid=03484c...
[6.161] [PARSE ERROR] Unknown OSC escape code: 3008;start=801a0129-33a6-4ef2-86e9-74c4e67cb1eb;machineid=03484c...
[6.161] [PARSE ERROR] Unknown OSC escape code: 3008;end=801a0129-33a6-4ef2-86e9-74c4e67cb1eb;exit=success
[6.172] [PARSE ERROR] Unknown OSC escape code: 3008;start=a5141c3f-29b5-470d-a266-bef96e48f911;machineid=03484c...
