[0.081] Could not move child process into a systemd scope: [Errno 113] Failed to call StartTransientUnit: org.freedesktop.DBus.Error.ServiceUnknown: The name org.freedesktop.systemd1 was not provided by any .service files
[0.130] [glfw error 65544]: process_desktop_settings: failed with error: [org.freedesktop.DBus.Error.ServiceUnknown] The name org.freedesktop.portal.Desktop was not provided by any .service files
[0.130] [glfw error 65544]: Notify: Failed to get server capabilities error: [org.freedesktop.DBus.Error.ServiceUnknown] The name org.freedesktop.Notifications was not provided by any .service files
[0.130] [PARSE ERROR] Unknown OSC escape code: 3008;start=e21db0a7-4e97-4a16-9198-7dfcfefb3c0a;machineid=03484c...
[0.296] [PARSE ERROR] Unknown OSC escape code: 3008;start=eaf9a0cd-ed3f-4ab5-8b98-892f59d61a2f;machineid=03484c...
[0.296] [PARSE ERROR] Unknown OSC escape code: 3008;end=eaf9a0cd-ed3f-4ab5-8b98-892f59d61a2f;exit=success
[0.301] [PARSE ERROR] Unknown OSC escape code: 3008;start=e21db0a7-4e97-4a16-9198-7dfcfefb3c0a;machineid=03484c...
[0.558] [PARSE ERROR] Unknown OSC escape code: 3008;start=a9344d58-4f0a-47e3-b17d-2abcba0b62ab;machineid=03484c...
[0.558] [PARSE ERROR] Unknown OSC escape code: 3008;end=a9344d58-4f0a-47e3-b17d-2abcba0b62ab;exit=success
[0.558] [PARSE ERROR] Unknown OSC escape code: 3008;start=e21db0a7-4e97-4a16-9198-7dfcfefb3c0a;machineid=03484c...
[0.807] [PARSE ERROR] Unknown OSC escape code: 3008;start=08e3b515-4f9a-4556-b3ac-5185e12a254d;machineid=03484c...
[0.807] [PARSE ERROR] Unknown OSC escape code: 3008;end=08e3b515-4f9a-4556-b3ac-5185e12a254d;exit=success
[0.807] [PARSE ERROR] Unknown OSC escape code: 3008;start=e21db0a7-4e97-4a16-9198-7dfcfefb3c0a;machineid=03484c...
[0.985] [PARSE ERROR] Unknown OSC escape code: 3008;start=1bedfe54-1736-40c6-9a11-ec3130ba451c;machineid=03484c...
[0.985] [PARSE ERROR] Unknown OSC escape code: 3008;end=1bedfe54-1736-40c6-9a11-ec3130ba451c;exit=success
[0.985] [PARSE ERROR] Unknown OSC escape code: 3008;start=e21db0a7-4e97-4a16-9198-7dfcfefb3c0a;machineid=03484c...
[1.130] [PARSE ERROR] Unknown OSC escape code: 3008;start=700b99a4-17de-4291-a66e-c02e686cce02;machineid=03484c...
[1.130] [PARSE ERROR] Unknown OSC escape code: 3008;end=700b99a4-17de-4291-a66e-c02e686cce02;exit=success
[1.140] [PARSE ERROR] Unknown OSC escape code: 3008;start=e21db0a7-4e97-4a16-9198-7dfcfefb3c0a;machineid=03484c...
[1.695] [PARSE ERROR] Unknown OSC escape code: 3008;start=f5d169f1-7b91-41f2-8190-129455afbb8e;machineid=03484c...
[1.695] [PARSE ERROR] Unknown OSC escape code: 3008;end=f5d169f1-7b91-41f2-8190-129455afbb8e;exit=success
[1.699] [PARSE ERROR] Unknown OSC escape code: 3008;start=e21db0a7-4e97-4a16-9198-7dfcfefb3c0a;machineid=03484c...
[1.776] [PARSE ERROR] Unknown OSC escape code: 3008;start=b6ff7335-ca00-4132-89d7-7d44f3f8c2c9;machineid=03484c...
[1.776] [PARSE ERROR] Unknown OSC escape code: 3008;end=b6ff7335-ca00-4132-89d7-7d44f3f8c2c9;exit=success
[1.780] [PARSE ERROR] Unknown OSC escape code: 3008;start=e21db0a7-4e97-4a16-9198-7dfcfefb3c0a;machineid=03484c...
[1.942] [PARSE ERROR] Unknown OSC escape code: 3008;start=f3cec552-6918-4fbf-b734-8d2b6b84db96;machineid=03484c...
[1.942] [PARSE ERROR] Unknown OSC escape code: 3008;end=f3cec552-6918-4fbf-b734-8d2b6b84db96;exit=success
[1.952] [PARSE ERROR] Unknown OSC escape code: 3008;start=e21db0a7-4e97-4a16-9198-7dfcfefb3c0a;machineid=03484c...
[2.173] [PARSE ERROR] Unknown OSC escape code: 3008;start=cfc16c1d-b4f8-4315-bf45-de44ccd36970;machineid=03484c...
[2.173] [PARSE ERROR] Unknown OSC escape code: 3008;end=cfc16c1d-b4f8-4315-bf45-de44ccd36970;exit=success
[2.177] [PARSE ERROR] Unknown OSC escape code: 3008;start=e21db0a7-4e97-4a16-9198-7dfcfefb3c0a;machineid=03484c...
[2.324] [PARSE ERROR] Unknown OSC escape code: 3008;start=a73412e4-64af-4c59-af1e-0ddb7727c9b1;machineid=03484c...
[2.324] [PARSE ERROR] Unknown OSC escape code: 3008;end=a73412e4-64af-4c59-af1e-0ddb7727c9b1;exit=success
[2.333] [PARSE ERROR] Unknown OSC escape code: 3008;start=e21db0a7-4e97-4a16-9198-7dfcfefb3c0a;machineid=03484c...
[2.342] [PARSE ERROR] Unknown OSC escape code: 3008;start=eade7c7f-fa08-4b9f-a038-3839e5fb21a5;machineid=03484c...
[2.342] [PARSE ERROR] Unknown OSC escape code: 3008;end=eade7c7f-fa08-4b9f-a038-3839e5fb21a5;exit=success
[2.342] [PARSE ERROR] Unknown OSC escape code: 3008;start=e21db0a7-4e97-4a16-9198-7dfcfefb3c0a;machineid=03484c...
[2.351] [PARSE ERROR] Unknown OSC escape code: 3008;start=a7e12097-e162-44fa-af37-098affdde174;machineid=03484c...
[2.351] [PARSE ERROR] Unknown OSC escape code: 3008;end=a7e12097-e162-44fa-af37-098affdde174;exit=success
[2.355] [PARSE ERROR] Unknown OSC escape code: 3008;start=e21db0a7-4e97-4a16-9198-7dfcfefb3c0a;machineid=03484c...
[2.368] [PARSE ERROR] Unknown OSC escape code: 3008;start=25773285-1bdf-4254-b041-2290ce255289;machineid=03484c...
[2.378] [PARSE ERROR] Unknown OSC escape code: 3008;end=25773285-1bdf-4254-b041-2290ce255289;exit=success
[2.378] [PARSE ERROR] Unknown OSC escape code: 3008;start=e21db0a7-4e97-4a16-9198-7dfcfefb3c0a;machineid=03484c...
[2.383] [PARSE ERROR] Unknown OSC escape code: 3008;start=a86e2209-ce85-4794-82ad-cd280b8c2657;machineid=03484c...
[2.383] [PARSE ERROR] Unknown OSC escape code: 3008;end=a86e2209-ce85-4794-82ad-cd280b8c2657;exit=success
[2.388] [PARSE ERROR] Unknown OSC escape code: 3008;start=e21db0a7-4e97-4a16-9198-7dfcfefb3c0a;machineid=03484c...
[2.413] [PARSE ERROR] Unknown OSC escape code: 3008;start=4dbb5385-83e2-4d95-964e-e7e7a7262040;machineid=03484c...
[2.413] [PARSE ERROR] Unknown OSC escape code: 3008;end=4dbb5385-83e2-4d95-964e-e7e7a7262040;exit=success
[2.413] [PARSE ERROR] Unknown OSC escape code: 3008;start=e21db0a7-4e97-4a16-9198-7dfcfefb3c0a;machineid=03484c...
[2.417] [PARSE ERROR] Unknown OSC escape code: 3008;start=bd2cfc7a-51b4-4b65-a7c3-e0a23c4162ac;machineid=03484c...
[2.417] [PARSE ERROR] Unknown OSC escape code: 3008;end=bd2cfc7a-51b4-4b65-a7c3-e0a23c4162ac;exit=success
[2.421] [PARSE ERROR] Unknown OSC escape code: 3008;start=e21db0a7-4e97-4a16-9198-7dfcfefb3c0a;machineid=03484c...
[2.438] [PARSE ERROR] Unknown OSC escape code: 3008;start=0a36279a-bdde-4c04-9df1-11d5c61788bb;machineid=03484c...
[2.448] [PARSE ERROR] Unknown OSC escape code: 3008;end=0a36279a-bdde-4c04-9df1-11d5c61788bb;exit=success
[2.448] [PARSE ERROR] Unknown OSC escape code: 3008;start=e21db0a7-4e97-4a16-9198-7dfcfefb3c0a;machineid=03484c...
[2.453] [PARSE ERROR] Unknown OSC escape code: 3008;start=e684ec6b-b56f-49d7-afee-264ec7b6b908;machineid=03484c...
[2.453] [PARSE ERROR] Unknown OSC escape code: 3008;end=e684ec6b-b56f-49d7-afee-264ec7b6b908;exit=success
[2.463] [PARSE ERROR] Unknown OSC escape code: 3008;start=e21db0a7-4e97-4a16-9198-7dfcfefb3c0a;machineid=03484c...
[2.469] [PARSE ERROR] Unknown OSC escape code: 3008;start=f66fe1b7-5403-4247-9488-09bc2bd42e01;machineid=03484c...
[2.469] [PARSE ERROR] Unknown OSC escape code: 3008;end=f66fe1b7-5403-4247-9488-09bc2bd42e01;exit=success
[2.483] [PARSE ERROR] Unknown OSC escape code: 3008;start=e21db0a7-4e97-4a16-9198-7dfcfefb3c0a;machineid=03484c...
[2.488] [PARSE ERROR] Unknown OSC escape code: 3008;start=703fe433-b247-41f6-9c9e-c93f030c0cc6;machineid=03484c...
[2.488] [PARSE ERROR] Unknown OSC escape code: 3008;end=703fe433-b247-41f6-9c9e-c93f030c0cc6;exit=success
[2.499] [PARSE ERROR] Unknown OSC escape code: 3008;start=e21db0a7-4e97-4a16-9198-7dfcfefb3c0a;machineid=03484c...
[2.504] [PARSE ERROR] Unknown OSC escape code: 3008;start=2637e3d7-531a-4ea6-b442-a50b107ce985;machineid=03484c...
[2.504] [PARSE ERROR] Unknown OSC escape code: 3008;end=2637e3d7-531a-4ea6-b442-a50b107ce985;exit=success
[2.514] [PARSE ERROR] Unknown OSC escape code: 3008;start=e21db0a7-4e97-4a16-9198-7dfcfefb3c0a;machineid=03484c...
[2.587] [glfw error 65544]: Notify: Failed to create notification error: [org.freedesktop.DBus.Error.ServiceUnknown] The name org.freedesktop.Notifications was not provided by any .service files
[3.110] [PARSE ERROR] Unknown OSC escape code: 3008;start=8187c23a-ba7f-4956-a184-2ad37b75b85a;machineid=03484c...
[3.110] [PARSE ERROR] Unknown OSC escape code: 3008;end=8187c23a-ba7f-4956-a184-2ad37b75b85a;exit=success
[3.115] [PARSE ERROR] Unknown OSC escape code: 3008;start=e21db0a7-4e97-4a16-9198-7dfcfefb3c0a;machineid=03484c...
[3.185] Could not move child process into a systemd scope: [Errno 113] Failed to call StartTransientUnit: org.freedesktop.DBus.Error.ServiceUnknown: The name org.freedesktop.systemd1 was not provided by any .service files
[3.378] [PARSE ERROR] Unknown OSC escape code: 3008;start=352f3074-014f-4729-870c-5e37cee01161;machineid=03484c...
[3.378] [PARSE ERROR] Unknown OSC escape code: 3008;end=352f3074-014f-4729-870c-5e37cee01161;exit=success
[3.382] [PARSE ERROR] Unknown OSC escape code: 3008;start=e21db0a7-4e97-4a16-9198-7dfcfefb3c0a;machineid=03484c...
[3.758] Could not move child process into a systemd scope: [Errno 113] Failed to call StartTransientUnit: org.freedesktop.DBus.Error.ServiceUnknown: The name org.freedesktop.systemd1 was not provided by any .service files
[4.520] Could not move child process into a systemd scope: [Errno 113] Failed to call StartTransientUnit: org.freedesktop.DBus.Error.ServiceUnknown: The name org.freedesktop.systemd1 was not provided by any .service files
[5.275] [PARSE ERROR] Unknown OSC escape code: 3008;start=9ab04d45-4f3a-4fab-857f-cf0f56dcdefb;machineid=03484c...
[5.275] [PARSE ERROR] Unknown OSC escape code: 3008;end=9ab04d45-4f3a-4fab-857f-cf0f56dcdefb;exit=success
[5.280] [PARSE ERROR] Unknown OSC escape code: 3008;start=e21db0a7-4e97-4a16-9198-7dfcfefb3c0a;machineid=03484c...
[5.455] [PARSE ERROR] Unknown OSC escape code: 3008;start=8aecf194-2656-4d64-acee-f66608ab18f0;machineid=03484c...
[5.455] [PARSE ERROR] Unknown OSC escape code: 3008;end=8aecf194-2656-4d64-acee-f66608ab18f0;exit=success
[5.455] [PARSE ERROR] Unknown OSC escape code: 3008;start=e21db0a7-4e97-4a16-9198-7dfcfefb3c0a;machineid=03484c...
[5.807] [PARSE ERROR] Unknown OSC escape code: 3008;start=671b6c2e-5ec6-46e6-b1d8-517d490266c9;machineid=03484c...
[5.807] [PARSE ERROR] Unknown OSC escape code: 3008;end=671b6c2e-5ec6-46e6-b1d8-517d490266c9;exit=success
[5.817] [PARSE ERROR] Unknown OSC escape code: 3008;start=e21db0a7-4e97-4a16-9198-7dfcfefb3c0a;machineid=03484c...
[6.097] [PARSE ERROR] Unknown OSC escape code: 3008;start=73cab54b-4109-449f-abcc-d25810be6b21;machineid=03484c...
[6.097] [PARSE ERROR] Unknown OSC escape code: 3008;end=73cab54b-4109-449f-abcc-d25810be6b21;exit=success
[6.107] [PARSE ERROR] Unknown OSC escape code: 3008;start=e21db0a7-4e97-4a16-9198-7dfcfefb3c0a;machineid=03484c...
