[0.108] Could not move child process into a systemd scope: [Errno 113] Failed to call StartTransientUnit: org.freedesktop.DBus.Error.ServiceUnknown: The name org.freedesktop.systemd1 was not provided by any .service files
[0.177] [glfw error 65544]: process_desktop_settings: failed with error: [org.freedesktop.DBus.Error.ServiceUnknown] The name org.freedesktop.portal.Desktop was not provided by any .service files
[0.177] [glfw error 65544]: Notify: Failed to get server capabilities error: [org.freedesktop.DBus.Error.ServiceUnknown] The name org.freedesktop.Notifications was not provided by any .service files
[0.180] [PARSE ERROR] Unknown OSC escape code: 3008;start=78d7fa31-aa5a-423e-9f11-71de25db737f;machineid=03484c...
[0.487] [PARSE ERROR] Unknown OSC escape code: 3008;start=99492580-4eff-494c-b4f6-2fabad663f2f;machineid=03484c...
[0.487] [PARSE ERROR] Unknown OSC escape code: 3008;end=99492580-4eff-494c-b4f6-2fabad663f2f;exit=success
[0.504] [PARSE ERROR] Unknown OSC escape code: 3008;start=78d7fa31-aa5a-423e-9f11-71de25db737f;machineid=03484c...
[0.808] [PARSE ERROR] Unknown OSC escape code: 3008;start=aa2e6d7e-05a3-4b10-8745-16233bdfb43d;machineid=03484c...
[0.808] [PARSE ERROR] Unknown OSC escape code: 3008;end=aa2e6d7e-05a3-4b10-8745-16233bdfb43d;exit=success
[0.825] [PARSE ERROR] Unknown OSC escape code: 3008;start=78d7fa31-aa5a-423e-9f11-71de25db737f;machineid=03484c...
[1.089] [PARSE ERROR] Unknown OSC escape code: 3008;start=621be579-8bc0-4b3b-9a94-ebb27e99779c;machineid=03484c...
[1.089] [PARSE ERROR] Unknown OSC escape code: 3008;end=621be579-8bc0-4b3b-9a94-ebb27e99779c;exit=success
[1.109] [PARSE ERROR] Unknown OSC escape code: 3008;start=78d7fa31-aa5a-423e-9f11-71de25db737f;machineid=03484c...
[1.323] [PARSE ERROR] Unknown OSC escape code: 3008;start=a8ce4d99-7e80-46da-a7cf-dde9e68060bc;machineid=03484c...
[1.323] [PARSE ERROR] Unknown OSC escape code: 3008;end=a8ce4d99-7e80-46da-a7cf-dde9e68060bc;exit=success
[1.323] [PARSE ERROR] Unknown OSC escape code: 3008;start=78d7fa31-aa5a-423e-9f11-71de25db737f;machineid=03484c...
[1.541] [PARSE ERROR] Unknown OSC escape code: 3008;start=2130e135-6ae2-48b5-b42b-3014078a2daa;machineid=03484c...
[1.541] [PARSE ERROR] Unknown OSC escape code: 3008;end=2130e135-6ae2-48b5-b42b-3014078a2daa;exit=success
[1.560] [PARSE ERROR] Unknown OSC escape code: 3008;start=78d7fa31-aa5a-423e-9f11-71de25db737f;machineid=03484c...
[1.790] [glfw error 65544]: Notify: Failed to create notification error: [org.freedesktop.DBus.Error.ServiceUnknown] The name org.freedesktop.Notifications was not provided by any .service files
[1.794] [PARSE ERROR] Unknown OSC escape code: 3008;start=3888f1cf-4413-4dc5-9dcd-acc43ee9d2b4;machineid=03484c...
[1.794] [PARSE ERROR] Unknown OSC escape code: 3008;end=3888f1cf-4413-4dc5-9dcd-acc43ee9d2b4;exit=success
[1.819] [PARSE ERROR] Unknown OSC escape code: 3008;start=78d7fa31-aa5a-423e-9f11-71de25db737f;machineid=03484c...
[1.921] [PARSE ERROR] Unknown OSC escape code: 3008;start=4e7d6f14-f046-4fc3-82cd-213a7f35cf22;machineid=03484c...
[1.921] [PARSE ERROR] Unknown OSC escape code: 3008;end=4e7d6f14-f046-4fc3-82cd-213a7f35cf22;exit=success
[1.945] [PARSE ERROR] Unknown OSC escape code: 3008;start=78d7fa31-aa5a-423e-9f11-71de25db737f;machineid=03484c...
[2.152] [PARSE ERROR] Unknown OSC escape code: 3008;start=7067145e-bb12-4745-938e-8411cb3bb43b;machineid=03484c...
[2.152] [PARSE ERROR] Unknown OSC escape code: 3008;end=7067145e-bb12-4745-938e-8411cb3bb43b;exit=success
[2.169] [PARSE ERROR] Unknown OSC escape code: 3008;start=78d7fa31-aa5a-423e-9f11-71de25db737f;machineid=03484c...
[2.373] [PARSE ERROR] Unknown OSC escape code: 3008;start=0e69e7b6-5036-4429-bfd4-0213c7488833;machineid=03484c...
[2.373] [PARSE ERROR] Unknown OSC escape code: 3008;end=0e69e7b6-5036-4429-bfd4-0213c7488833;exit=success
[2.389] [PARSE ERROR] Unknown OSC escape code: 3008;start=78d7fa31-aa5a-423e-9f11-71de25db737f;machineid=03484c...
[2.612] [PARSE ERROR] Unknown OSC escape code: 3008;start=c49d304c-e278-4c48-b1bb-c71fa9504b56;machineid=03484c...
[2.612] [PARSE ERROR] Unknown OSC escape code: 3008;end=c49d304c-e278-4c48-b1bb-c71fa9504b56;exit=success
[2.612] [PARSE ERROR] Unknown OSC escape code: 3008;start=78d7fa31-aa5a-423e-9f11-71de25db737f;machineid=03484c...
[2.616] [PARSE ERROR] Unknown OSC escape code: 3008;start=7696b494-c1be-47bf-855a-a3baf9ed100d;machineid=03484c...
[2.616] [PARSE ERROR] Unknown OSC escape code: 3008;end=7696b494-c1be-47bf-855a-a3baf9ed100d;exit=success
[2.635] [PARSE ERROR] Unknown OSC escape code: 3008;start=78d7fa31-aa5a-423e-9f11-71de25db737f;machineid=03484c...
[2.640] [PARSE ERROR] Unknown OSC escape code: 3008;start=c8cae24d-ae91-40a9-a86f-2b53ea0ec49f;machineid=03484c...
[2.640] [PARSE ERROR] Unknown OSC escape code: 3008;end=c8cae24d-ae91-40a9-a86f-2b53ea0ec49f;exit=success
[2.658] [PARSE ERROR] Unknown OSC escape code: 3008;start=78d7fa31-aa5a-423e-9f11-71de25db737f;machineid=03484c...
[2.662] [PARSE ERROR] Unknown OSC escape code: 3008;start=f0a9ff5d-5355-4a8d-96af-6e14f2909acd;machineid=03484c...
[2.662] [PARSE ERROR] Unknown OSC escape code: 3008;end=f0a9ff5d-5355-4a8d-96af-6e14f2909acd;exit=success
[2.680] [PARSE ERROR] Unknown OSC escape code: 3008;start=78d7fa31-aa5a-423e-9f11-71de25db737f;machineid=03484c...
[2.684] [PARSE ERROR] Unknown OSC escape code: 3008;start=96307956-08fd-4874-bed2-c153b23675e9;machineid=03484c...
[2.684] [PARSE ERROR] Unknown OSC escape code: 3008;end=96307956-08fd-4874-bed2-c153b23675e9;exit=success
[2.707] [PARSE ERROR] Unknown OSC escape code: 3008;start=78d7fa31-aa5a-423e-9f11-71de25db737f;machineid=03484c...
[2.712] [PARSE ERROR] Unknown OSC escape code: 3008;start=77e9e7fc-6458-4827-bfbf-854522e76d35;machineid=03484c...
[2.712] [PARSE ERROR] Unknown OSC escape code: 3008;end=77e9e7fc-6458-4827-bfbf-854522e76d35;exit=success
[2.731] [PARSE ERROR] Unknown OSC escape code: 3008;start=78d7fa31-aa5a-423e-9f11-71de25db737f;machineid=03484c...
[2.731] [PARSE ERROR] Unknown OSC escape code: 3008;start=a3acd7f5-94fa-4e47-8d17-974c2a189254;machineid=03484c...
[2.731] [PARSE ERROR] Unknown OSC escape code: 3008;end=a3acd7f5-94fa-4e47-8d17-974c2a189254;exit=success
[2.731] [PARSE ERROR] Unknown OSC escape code: 3008;start=78d7fa31-aa5a-423e-9f11-71de25db737f;machineid=03484c...
[2.735] [PARSE ERROR] Unknown OSC escape code: 3008;start=a6a9b86c-9f0f-4af3-be37-03a26fb37cd3;machineid=03484c...
[2.735] [PARSE ERROR] Unknown OSC escape code: 3008;end=a6a9b86c-9f0f-4af3-be37-03a26fb37cd3;exit=success
[2.753] [PARSE ERROR] Unknown OSC escape code: 3008;start=78d7fa31-aa5a-423e-9f11-71de25db737f;machineid=03484c...
[2.758] [PARSE ERROR] Unknown OSC escape code: 3008;start=4d56210d-5afa-4fbc-9ec5-796ef5ad8aa2;machineid=03484c...
[2.758] [PARSE ERROR] Unknown OSC escape code: 3008;end=4d56210d-5afa-4fbc-9ec5-796ef5ad8aa2;exit=success
[2.775] [PARSE ERROR] Unknown OSC escape code: 3008;start=78d7fa31-aa5a-423e-9f11-71de25db737f;machineid=03484c...
[2.775] [PARSE ERROR] Unknown OSC escape code: 3008;start=2458f43d-ae90-4349-8e2e-baacc911e094;machineid=03484c...
[2.775] [PARSE ERROR] Unknown OSC escape code: 3008;end=2458f43d-ae90-4349-8e2e-baacc911e094;exit=success
[2.775] [PARSE ERROR] Unknown OSC escape code: 3008;start=78d7fa31-aa5a-423e-9f11-71de25db737f;machineid=03484c...
[2.779] [PARSE ERROR] Unknown OSC escape code: 3008;start=ab026f97-b55c-4ac7-b695-35cf77eaf778;machineid=03484c...
[2.779] [PARSE ERROR] Unknown OSC escape code: 3008;end=ab026f97-b55c-4ac7-b695-35cf77eaf778;exit=success
[2.796] [PARSE ERROR] Unknown OSC escape code: 3008;start=78d7fa31-aa5a-423e-9f11-71de25db737f;machineid=03484c...
[2.801] [PARSE ERROR] Unknown OSC escape code: 3008;start=b206a30a-bf48-4486-813d-120bba791425;machineid=03484c...
[2.801] [PARSE ERROR] Unknown OSC escape code: 3008;end=b206a30a-bf48-4486-813d-120bba791425;exit=success
[2.804] [PARSE ERROR] Unknown OSC escape code: 3008;start=78d7fa31-aa5a-423e-9f11-71de25db737f;machineid=03484c...
[3.486] [PARSE ERROR] Unknown OSC escape code: 3008;start=fca0712c-296e-42c9-8e40-d1c189f44601;machineid=03484c...
[3.486] [PARSE ERROR] Unknown OSC escape code: 3008;end=fca0712c-296e-42c9-8e40-d1c189f44601;exit=success
[3.504] [PARSE ERROR] Unknown OSC escape code: 3008;start=78d7fa31-aa5a-423e-9f11-71de25db737f;machineid=03484c...
[3.608] Could not move child process into a systemd scope: [Errno 113] Failed to call StartTransientUnit: org.freedesktop.DBus.Error.ServiceUnknown: The name org.freedesktop.systemd1 was not provided by any .service files
[3.845] [PARSE ERROR] Unknown OSC escape code: 3008;start=9a232fe0-ae99-4245-8296-d32516dc73f2;machineid=03484c...
[3.845] [PARSE ERROR] Unknown OSC escape code: 3008;end=9a232fe0-ae99-4245-8296-d32516dc73f2;exit=success
[3.849] [PARSE ERROR] Unknown OSC escape code: 3008;start=78d7fa31-aa5a-423e-9f11-71de25db737f;machineid=03484c...
[4.261] Could not move child process into a systemd scope: [Errno 113] Failed to call StartTransientUnit: org.freedesktop.DBus.Error.ServiceUnknown: The name org.freedesktop.systemd1 was not provided by any .service files
[5.328] Could not move child process into a systemd scope: [Errno 113] Failed to call StartTransientUnit: org.freedesktop.DBus.Error.ServiceUnknown: The name org.freedesktop.systemd1 was not provided by any .service files
[6.128] [PARSE ERROR] Unknown OSC escape code: 3008;start=08b3bf82-c225-4c25-a2d8-f8ae02655b20;machineid=03484c...
[6.128] [PARSE ERROR] Unknown OSC escape code: 3008;end=08b3bf82-c225-4c25-a2d8-f8ae02655b20;exit=success
[6.128] [PARSE ERROR] Unknown OSC escape code: 3008;start=78d7fa31-aa5a-423e-9f11-71de25db737f;machineid=03484c...
[6.345] [PARSE ERROR] Unknown OSC escape code: 3008;start=6f856e4f-241f-4f67-bc2d-ab7bc3e1342c;machineid=03484c...
[6.345] [PARSE ERROR] Unknown OSC escape code: 3008;end=6f856e4f-241f-4f67-bc2d-ab7bc3e1342c;exit=success
[6.362] [PARSE ERROR] Unknown OSC escape code: 3008;start=78d7fa31-aa5a-423e-9f11-71de25db737f;machineid=03484c...
[6.737] [PARSE ERROR] Unknown OSC escape code: 3008;start=ffa055c5-dc1b-47a5-a475-7d08890a5446;machineid=03484c...
[6.737] [PARSE ERROR] Unknown OSC escape code: 3008;end=ffa055c5-dc1b-47a5-a475-7d08890a5446;exit=success
[6.737] [PARSE ERROR] Unknown OSC escape code: 3008;start=78d7fa31-aa5a-423e-9f11-71de25db737f;machineid=03484c...
[7.100] [PARSE ERROR] Unknown OSC escape code: 3008;start=4122ec7c-e0af-4079-b063-62075903ce3d;machineid=03484c...
[7.100] [PARSE ERROR] Unknown OSC escape code: 3008;end=4122ec7c-e0af-4079-b063-62075903ce3d;exit=success
[7.117] [PARSE ERROR] Unknown OSC escape code: 3008;start=78d7fa31-aa5a-423e-9f11-71de25db737f;machineid=03484c...
