[0.120] Could not move child process into a systemd scope: [Errno 113] Failed to call StartTransientUnit: org.freedesktop.DBus.Error.ServiceUnknown: The name org.freedesktop.systemd1 was not provided by any .service files
[0.194] [glfw error 65544]: process_desktop_settings: failed with error: [org.freedesktop.DBus.Error.ServiceUnknown] The name org.freedesktop.portal.Desktop was not provided by any .service files
[0.194] [glfw error 65544]: Notify: Failed to get server capabilities error: [org.freedesktop.DBus.Error.ServiceUnknown] The name org.freedesktop.Notifications was not provided by any .service files
[0.198] [PARSE ERROR] Unknown OSC escape code: 3008;start=cba0c976-c426-47fb-b7bc-827d53857baf;machineid=03484c...
[0.512] [PARSE ERROR] Unknown OSC escape code: 3008;start=449db647-4a36-45a6-be95-e5bf29877c18;machineid=03484c...
[0.512] [PARSE ERROR] Unknown OSC escape code: 3008;end=449db647-4a36-45a6-be95-e5bf29877c18;exit=success
[0.530] [PARSE ERROR] Unknown OSC escape code: 3008;start=cba0c976-c426-47fb-b7bc-827d53857baf;machineid=03484c...
[0.827] [PARSE ERROR] Unknown OSC escape code: 3008;start=1e8fd1fa-e28d-41c4-98b3-c4caae7b4937;machineid=03484c...
[0.827] [PARSE ERROR] Unknown OSC escape code: 3008;end=1e8fd1fa-e28d-41c4-98b3-c4caae7b4937;exit=success
[0.844] [PARSE ERROR] Unknown OSC escape code: 3008;start=cba0c976-c426-47fb-b7bc-827d53857baf;machineid=03484c...
[1.205] [PARSE ERROR] Unknown OSC escape code: 3008;start=a3f8b691-0575-4d0c-ac45-f8244e38be82;machineid=03484c...
[1.205] [PARSE ERROR] Unknown OSC escape code: 3008;end=a3f8b691-0575-4d0c-ac45-f8244e38be82;exit=success
[1.205] [PARSE ERROR] Unknown OSC escape code: 3008;start=cba0c976-c426-47fb-b7bc-827d53857baf;machineid=03484c...
[1.410] [PARSE ERROR] Unknown OSC escape code: 3008;start=c9f54106-e9f3-4e9a-9d66-3f361060cb24;machineid=03484c...
[1.410] [PARSE ERROR] Unknown OSC escape code: 3008;end=c9f54106-e9f3-4e9a-9d66-3f361060cb24;exit=success
[1.427] [PARSE ERROR] Unknown OSC escape code: 3008;start=cba0c976-c426-47fb-b7bc-827d53857baf;machineid=03484c...
[1.659] [PARSE ERROR] Unknown OSC escape code: 3008;start=ed7470e7-cd4f-4822-84bc-53f4854aebf6;machineid=03484c...
[1.659] [PARSE ERROR] Unknown OSC escape code: 3008;end=ed7470e7-cd4f-4822-84bc-53f4854aebf6;exit=success
[1.676] [PARSE ERROR] Unknown OSC escape code: 3008;start=cba0c976-c426-47fb-b7bc-827d53857baf;machineid=03484c...
[1.845] [glfw error 65544]: Notify: Failed to create notification error: [org.freedesktop.DBus.Error.ServiceUnknown] The name org.freedesktop.Notifications was not provided by any .service files
[1.909] [PARSE ERROR] Unknown OSC escape code: 3008;start=08af99dc-fa01-4655-9aa7-0df4b954cd6c;machineid=03484c...
[1.909] [PARSE ERROR] Unknown OSC escape code: 3008;end=08af99dc-fa01-4655-9aa7-0df4b954cd6c;exit=success
[1.934] [PARSE ERROR] Unknown OSC escape code: 3008;start=cba0c976-c426-47fb-b7bc-827d53857baf;machineid=03484c...
[2.042] [PARSE ERROR] Unknown OSC escape code: 3008;start=3faf98a4-114c-48f7-b5a5-490f65505f1a;machineid=03484c...
[2.042] [PARSE ERROR] Unknown OSC escape code: 3008;end=3faf98a4-114c-48f7-b5a5-490f65505f1a;exit=success
[2.060] [PARSE ERROR] Unknown OSC escape code: 3008;start=cba0c976-c426-47fb-b7bc-827d53857baf;machineid=03484c...
[2.300] [PARSE ERROR] Unknown OSC escape code: 3008;start=94876682-27ee-49e5-ac9f-d053cb62485c;machineid=03484c...
[2.300] [PARSE ERROR] Unknown OSC escape code: 3008;end=94876682-27ee-49e5-ac9f-d053cb62485c;exit=success
[2.300] [PARSE ERROR] Unknown OSC escape code: 3008;start=cba0c976-c426-47fb-b7bc-827d53857baf;machineid=03484c...
[2.517] [PARSE ERROR] Unknown OSC escape code: 3008;start=7a7f2745-3e1c-4845-ab5d-2c3aebb12cba;machineid=03484c...
[2.517] [PARSE ERROR] Unknown OSC escape code: 3008;end=7a7f2745-3e1c-4845-ab5d-2c3aebb12cba;exit=success
[2.517] [PARSE ERROR] Unknown OSC escape code: 3008;start=cba0c976-c426-47fb-b7bc-827d53857baf;machineid=03484c...
[2.729] [PARSE ERROR] Unknown OSC escape code: 3008;start=81991dfe-dcf1-49dd-b725-6d8f3ac945e5;machineid=03484c...
[2.746] [PARSE ERROR] Unknown OSC escape code: 3008;end=81991dfe-dcf1-49dd-b725-6d8f3ac945e5;exit=success
[2.746] [PARSE ERROR] Unknown OSC escape code: 3008;start=cba0c976-c426-47fb-b7bc-827d53857baf;machineid=03484c...
[2.750] [PARSE ERROR] Unknown OSC escape code: 3008;start=97a08cb6-8160-4b93-9b67-6301eff367dd;machineid=03484c...
[2.750] [PARSE ERROR] Unknown OSC escape code: 3008;end=97a08cb6-8160-4b93-9b67-6301eff367dd;exit=success
[2.768] [PARSE ERROR] Unknown OSC escape code: 3008;start=cba0c976-c426-47fb-b7bc-827d53857baf;machineid=03484c...
[2.772] [PARSE ERROR] Unknown OSC escape code: 3008;start=68acc3fc-f889-4d2d-ad8e-5cb04c66b7dd;machineid=03484c...
[2.772] [PARSE ERROR] Unknown OSC escape code: 3008;end=68acc3fc-f889-4d2d-ad8e-5cb04c66b7dd;exit=success
[2.791] [PARSE ERROR] Unknown OSC escape code: 3008;start=cba0c976-c426-47fb-b7bc-827d53857baf;machineid=03484c...
[2.795] [PARSE ERROR] Unknown OSC escape code: 3008;start=fe621382-20c2-49ec-841c-a7bec55bfea2;machineid=03484c...
[2.795] [PARSE ERROR] Unknown OSC escape code: 3008;end=fe621382-20c2-49ec-841c-a7bec55bfea2;exit=success
[2.818] [PARSE ERROR] Unknown OSC escape code: 3008;start=cba0c976-c426-47fb-b7bc-827d53857baf;machineid=03484c...
[2.822] [PARSE ERROR] Unknown OSC escape code: 3008;start=e599ebc6-88c3-4ab3-b46f-72aeafc84942;machineid=03484c...
[2.822] [PARSE ERROR] Unknown OSC escape code: 3008;end=e599ebc6-88c3-4ab3-b46f-72aeafc84942;exit=success
[2.840] [PARSE ERROR] Unknown OSC escape code: 3008;start=cba0c976-c426-47fb-b7bc-827d53857baf;machineid=03484c...
[2.844] [PARSE ERROR] Unknown OSC escape code: 3008;start=3d32803d-dc77-4f82-b891-e45fd66cab3b;machineid=03484c...
[2.844] [PARSE ERROR] Unknown OSC escape code: 3008;end=3d32803d-dc77-4f82-b891-e45fd66cab3b;exit=success
[2.862] [PARSE ERROR] Unknown OSC escape code: 3008;start=cba0c976-c426-47fb-b7bc-827d53857baf;machineid=03484c...
[2.867] [PARSE ERROR] Unknown OSC escape code: 3008;start=730c4af2-755c-4934-99ed-308c1ae21785;machineid=03484c...
[2.867] [PARSE ERROR] Unknown OSC escape code: 3008;end=730c4af2-755c-4934-99ed-308c1ae21785;exit=success
[2.886] [PARSE ERROR] Unknown OSC escape code: 3008;start=cba0c976-c426-47fb-b7bc-827d53857baf;machineid=03484c...
[2.890] [PARSE ERROR] Unknown OSC escape code: 3008;start=1b0bbc1a-77bf-4537-8cb2-daa436ecf93d;machineid=03484c...
[2.890] [PARSE ERROR] Unknown OSC escape code: 3008;end=1b0bbc1a-77bf-4537-8cb2-daa436ecf93d;exit=success
[2.906] [PARSE ERROR] Unknown OSC escape code: 3008;start=cba0c976-c426-47fb-b7bc-827d53857baf;machineid=03484c...
[2.910] [PARSE ERROR] Unknown OSC escape code: 3008;start=da28834a-4201-4f2b-abba-e3e6e827788d;machineid=03484c...
[2.910] [PARSE ERROR] Unknown OSC escape code: 3008;end=da28834a-4201-4f2b-abba-e3e6e827788d;exit=success
[2.928] [PARSE ERROR] Unknown OSC escape code: 3008;start=cba0c976-c426-47fb-b7bc-827d53857baf;machineid=03484c...
[2.932] [PARSE ERROR] Unknown OSC escape code: 3008;start=c32a822e-f5b1-4242-8fbe-5745c5293fd4;machineid=03484c...
[2.932] [PARSE ERROR] Unknown OSC escape code: 3008;end=c32a822e-f5b1-4242-8fbe-5745c5293fd4;exit=success
[2.948] [PARSE ERROR] Unknown OSC escape code: 3008;start=cba0c976-c426-47fb-b7bc-827d53857baf;machineid=03484c...
[2.949] [PARSE ERROR] Unknown OSC escape code: 3008;start=a3a48f58-449e-4c25-947b-d395ef82597f;machineid=03484c...
[2.949] [PARSE ERROR] Unknown OSC escape code: 3008;end=a3a48f58-449e-4c25-947b-d395ef82597f;exit=success
[2.949] [PARSE ERROR] Unknown OSC escape code: 3008;start=cba0c976-c426-47fb-b7bc-827d53857baf;machineid=03484c...
[2.953] [PARSE ERROR] Unknown OSC escape code: 3008;start=e33d8486-77c7-4c07-8e32-c41e6a429d22;machineid=03484c...
[2.953] [PARSE ERROR] Unknown OSC escape code: 3008;end=e33d8486-77c7-4c07-8e32-c41e6a429d22;exit=success
[2.968] [PARSE ERROR] Unknown OSC escape code: 3008;start=cba0c976-c426-47fb-b7bc-827d53857baf;machineid=03484c...
[3.656] [PARSE ERROR] Unknown OSC escape code: 3008;start=47af7f71-c425-49be-8141-9cd5396327e5;machineid=03484c...
[3.656] [PARSE ERROR] Unknown OSC escape code: 3008;end=47af7f71-c425-49be-8141-9cd5396327e5;exit=success
[3.673] [PARSE ERROR] Unknown OSC escape code: 3008;start=cba0c976-c426-47fb-b7bc-827d53857baf;machineid=03484c...
[3.778] Could not move child process into a systemd scope: [Errno 113] Failed to call StartTransientUnit: org.freedesktop.DBus.Error.ServiceUnknown: The name org.freedesktop.systemd1 was not provided by any .service files
[4.015] [PARSE ERROR] Unknown OSC escape code: 3008;start=45d7e0b4-c4e2-41cb-808a-064b803d1fed;machineid=03484c...
[4.015] [PARSE ERROR] Unknown OSC escape code: 3008;end=45d7e0b4-c4e2-41cb-808a-064b803d1fed;exit=success
[4.019] [PARSE ERROR] Unknown OSC escape code: 3008;start=cba0c976-c426-47fb-b7bc-827d53857baf;machineid=03484c...
[4.432] Could not move child process into a systemd scope: [Errno 113] Failed to call StartTransientUnit: org.freedesktop.DBus.Error.ServiceUnknown: The name org.freedesktop.systemd1 was not provided by any .service files
[5.466] Could not move child process into a systemd scope: [Errno 113] Failed to call StartTransientUnit: org.freedesktop.DBus.Error.ServiceUnknown: The name org.freedesktop.systemd1 was not provided by any .service files
[6.291] [PARSE ERROR] Unknown OSC escape code: 3008;start=7a0ab4d5-10ce-42f0-a159-14e9b06475f9;machineid=03484c...
[6.291] [PARSE ERROR] Unknown OSC escape code: 3008;end=7a0ab4d5-10ce-42f0-a159-14e9b06475f9;exit=success
[6.291] [PARSE ERROR] Unknown OSC escape code: 3008;start=cba0c976-c426-47fb-b7bc-827d53857baf;machineid=03484c...
[6.469] [PARSE ERROR] Unknown OSC escape code: 3008;start=230966ef-94b5-47b3-8eb3-a0f4fe61684c;machineid=03484c...
[6.469] [PARSE ERROR] Unknown OSC escape code: 3008;end=230966ef-94b5-47b3-8eb3-a0f4fe61684c;exit=success
[6.485] [PARSE ERROR] Unknown OSC escape code: 3008;start=cba0c976-c426-47fb-b7bc-827d53857baf;machineid=03484c...
[6.840] [PARSE ERROR] Unknown OSC escape code: 3008;start=2b8f11bb-bd4e-4d0a-ba43-0714a19543d8;machineid=03484c...
[6.840] [PARSE ERROR] Unknown OSC escape code: 3008;end=2b8f11bb-bd4e-4d0a-ba43-0714a19543d8;exit=success
[6.860] [PARSE ERROR] Unknown OSC escape code: 3008;start=cba0c976-c426-47fb-b7bc-827d53857baf;machineid=03484c...
[7.211] [PARSE ERROR] Unknown OSC escape code: 3008;start=0738f3d9-0ceb-4910-baec-49ea73487124;machineid=03484c...
[7.211] [PARSE ERROR] Unknown OSC escape code: 3008;end=0738f3d9-0ceb-4910-baec-49ea73487124;exit=success
[7.231] [PARSE ERROR] Unknown OSC escape code: 3008;start=cba0c976-c426-47fb-b7bc-827d53857baf;machineid=03484c...
